Archive member included to satisfy reference by file (symbol)

/Applications/STM32CubeIDE.app/Contents/Eclipse/plugins/com.st.stm32cube.ide.mcu.externaltools.gnu-tools-for-stm32.9-2020-q2-update.macos64_1.5.0.202011040924/tools/bin/../lib/gcc/arm-none-eabi/9.3.1/../../../../arm-none-eabi/lib/thumb/v7e-m+fp/hard/libc_nano.a(lib_a-errno.o)
                              Core/Src/syscalls.o (__errno)
/Applications/STM32CubeIDE.app/Contents/Eclipse/plugins/com.st.stm32cube.ide.mcu.externaltools.gnu-tools-for-stm32.9-2020-q2-update.macos64_1.5.0.202011040924/tools/bin/../lib/gcc/arm-none-eabi/9.3.1/../../../../arm-none-eabi/lib/thumb/v7e-m+fp/hard/libc_nano.a(lib_a-exit.o)
                              /Applications/STM32CubeIDE.app/Contents/Eclipse/plugins/com.st.stm32cube.ide.mcu.externaltools.gnu-tools-for-stm32.9-2020-q2-update.macos64_1.5.0.202011040924/tools/bin/../lib/gcc/arm-none-eabi/9.3.1/../../../../arm-none-eabi/lib/thumb/v7e-m+fp/hard/crt0.o (exit)
/Applications/STM32CubeIDE.app/Contents/Eclipse/plugins/com.st.stm32cube.ide.mcu.externaltools.gnu-tools-for-stm32.9-2020-q2-update.macos64_1.5.0.202011040924/tools/bin/../lib/gcc/arm-none-eabi/9.3.1/../../../../arm-none-eabi/lib/thumb/v7e-m+fp/hard/libc_nano.a(lib_a-impure.o)
                              /Applications/STM32CubeIDE.app/Contents/Eclipse/plugins/com.st.stm32cube.ide.mcu.externaltools.gnu-tools-for-stm32.9-2020-q2-update.macos64_1.5.0.202011040924/tools/bin/../lib/gcc/arm-none-eabi/9.3.1/../../../../arm-none-eabi/lib/thumb/v7e-m+fp/hard/libc_nano.a(lib_a-exit.o) (_global_impure_ptr)
/Applications/STM32CubeIDE.app/Contents/Eclipse/plugins/com.st.stm32cube.ide.mcu.externaltools.gnu-tools-for-stm32.9-2020-q2-update.macos64_1.5.0.202011040924/tools/bin/../lib/gcc/arm-none-eabi/9.3.1/../../../../arm-none-eabi/lib/thumb/v7e-m+fp/hard/libc_nano.a(lib_a-init.o)
                              /Applications/STM32CubeIDE.app/Contents/Eclipse/plugins/com.st.stm32cube.ide.mcu.externaltools.gnu-tools-for-stm32.9-2020-q2-update.macos64_1.5.0.202011040924/tools/bin/../lib/gcc/arm-none-eabi/9.3.1/../../../../arm-none-eabi/lib/thumb/v7e-m+fp/hard/crt0.o (__libc_init_array)
/Applications/STM32CubeIDE.app/Contents/Eclipse/plugins/com.st.stm32cube.ide.mcu.externaltools.gnu-tools-for-stm32.9-2020-q2-update.macos64_1.5.0.202011040924/tools/bin/../lib/gcc/arm-none-eabi/9.3.1/../../../../arm-none-eabi/lib/thumb/v7e-m+fp/hard/libc_nano.a(lib_a-memset.o)
                              /Applications/STM32CubeIDE.app/Contents/Eclipse/plugins/com.st.stm32cube.ide.mcu.externaltools.gnu-tools-for-stm32.9-2020-q2-update.macos64_1.5.0.202011040924/tools/bin/../lib/gcc/arm-none-eabi/9.3.1/../../../../arm-none-eabi/lib/thumb/v7e-m+fp/hard/crt0.o (memset)
/Applications/STM32CubeIDE.app/Contents/Eclipse/plugins/com.st.stm32cube.ide.mcu.externaltools.gnu-tools-for-stm32.9-2020-q2-update.macos64_1.5.0.202011040924/tools/bin/../lib/gcc/arm-none-eabi/9.3.1/thumb/v7e-m+fp/hard/libgcc.a(_aeabi_ldivmod.o)
                              Drivers/STM32F4xx_HAL_Driver/Src/stm32f4xx_hal_rcc.o (__aeabi_ldivmod)
/Applications/STM32CubeIDE.app/Contents/Eclipse/plugins/com.st.stm32cube.ide.mcu.externaltools.gnu-tools-for-stm32.9-2020-q2-update.macos64_1.5.0.202011040924/tools/bin/../lib/gcc/arm-none-eabi/9.3.1/thumb/v7e-m+fp/hard/libgcc.a(_aeabi_uldivmod.o)
                              Drivers/STM32F4xx_HAL_Driver/Src/stm32f4xx_hal_rcc.o (__aeabi_uldivmod)
/Applications/STM32CubeIDE.app/Contents/Eclipse/plugins/com.st.stm32cube.ide.mcu.externaltools.gnu-tools-for-stm32.9-2020-q2-update.macos64_1.5.0.202011040924/tools/bin/../lib/gcc/arm-none-eabi/9.3.1/thumb/v7e-m+fp/hard/libgcc.a(_udivmoddi4.o)
                              /Applications/STM32CubeIDE.app/Contents/Eclipse/plugins/com.st.stm32cube.ide.mcu.externaltools.gnu-tools-for-stm32.9-2020-q2-update.macos64_1.5.0.202011040924/tools/bin/../lib/gcc/arm-none-eabi/9.3.1/thumb/v7e-m+fp/hard/libgcc.a(_aeabi_ldivmod.o) (__udivmoddi4)
/Applications/STM32CubeIDE.app/Contents/Eclipse/plugins/com.st.stm32cube.ide.mcu.externaltools.gnu-tools-for-stm32.9-2020-q2-update.macos64_1.5.0.202011040924/tools/bin/../lib/gcc/arm-none-eabi/9.3.1/thumb/v7e-m+fp/hard/libgcc.a(_dvmd_tls.o)
                              /Applications/STM32CubeIDE.app/Contents/Eclipse/plugins/com.st.stm32cube.ide.mcu.externaltools.gnu-tools-for-stm32.9-2020-q2-update.macos64_1.5.0.202011040924/tools/bin/../lib/gcc/arm-none-eabi/9.3.1/thumb/v7e-m+fp/hard/libgcc.a(_aeabi_ldivmod.o) (__aeabi_ldiv0)

Allocating common symbols
Common symbol       size              file

uwTick              0x4               Drivers/STM32F4xx_HAL_Driver/Src/stm32f4xx_hal.o
pFlash              0x20              Drivers/STM32F4xx_HAL_Driver/Src/stm32f4xx_hal_flash.o

Discarded input sections

 .text          0x0000000000000000        0x0 /Applications/STM32CubeIDE.app/Contents/Eclipse/plugins/com.st.stm32cube.ide.mcu.externaltools.gnu-tools-for-stm32.9-2020-q2-update.macos64_1.5.0.202011040924/tools/bin/../lib/gcc/arm-none-eabi/9.3.1/thumb/v7e-m+fp/hard/crti.o
 .data          0x0000000000000000        0x0 /Applications/STM32CubeIDE.app/Contents/Eclipse/plugins/com.st.stm32cube.ide.mcu.externaltools.gnu-tools-for-stm32.9-2020-q2-update.macos64_1.5.0.202011040924/tools/bin/../lib/gcc/arm-none-eabi/9.3.1/thumb/v7e-m+fp/hard/crti.o
 .bss           0x0000000000000000        0x0 /Applications/STM32CubeIDE.app/Contents/Eclipse/plugins/com.st.stm32cube.ide.mcu.externaltools.gnu-tools-for-stm32.9-2020-q2-update.macos64_1.5.0.202011040924/tools/bin/../lib/gcc/arm-none-eabi/9.3.1/thumb/v7e-m+fp/hard/crti.o
 .data          0x0000000000000000        0x4 /Applications/STM32CubeIDE.app/Contents/Eclipse/plugins/com.st.stm32cube.ide.mcu.externaltools.gnu-tools-for-stm32.9-2020-q2-update.macos64_1.5.0.202011040924/tools/bin/../lib/gcc/arm-none-eabi/9.3.1/thumb/v7e-m+fp/hard/crtbegin.o
 .text          0x0000000000000000       0x7c /Applications/STM32CubeIDE.app/Contents/Eclipse/plugins/com.st.stm32cube.ide.mcu.externaltools.gnu-tools-for-stm32.9-2020-q2-update.macos64_1.5.0.202011040924/tools/bin/../lib/gcc/arm-none-eabi/9.3.1/../../../../arm-none-eabi/lib/thumb/v7e-m+fp/hard/crt0.o
 .data          0x0000000000000000        0x0 /Applications/STM32CubeIDE.app/Contents/Eclipse/plugins/com.st.stm32cube.ide.mcu.externaltools.gnu-tools-for-stm32.9-2020-q2-update.macos64_1.5.0.202011040924/tools/bin/../lib/gcc/arm-none-eabi/9.3.1/../../../../arm-none-eabi/lib/thumb/v7e-m+fp/hard/crt0.o
 .bss           0x0000000000000000        0x0 /Applications/STM32CubeIDE.app/Contents/Eclipse/plugins/com.st.stm32cube.ide.mcu.externaltools.gnu-tools-for-stm32.9-2020-q2-update.macos64_1.5.0.202011040924/tools/bin/../lib/gcc/arm-none-eabi/9.3.1/../../../../arm-none-eabi/lib/thumb/v7e-m+fp/hard/crt0.o
 .ARM.extab     0x0000000000000000        0x0 /Applications/STM32CubeIDE.app/Contents/Eclipse/plugins/com.st.stm32cube.ide.mcu.externaltools.gnu-tools-for-stm32.9-2020-q2-update.macos64_1.5.0.202011040924/tools/bin/../lib/gcc/arm-none-eabi/9.3.1/../../../../arm-none-eabi/lib/thumb/v7e-m+fp/hard/crt0.o
 .ARM.exidx     0x0000000000000000       0x10 /Applications/STM32CubeIDE.app/Contents/Eclipse/plugins/com.st.stm32cube.ide.mcu.externaltools.gnu-tools-for-stm32.9-2020-q2-update.macos64_1.5.0.202011040924/tools/bin/../lib/gcc/arm-none-eabi/9.3.1/../../../../arm-none-eabi/lib/thumb/v7e-m+fp/hard/crt0.o
 .ARM.attributes
                0x0000000000000000       0x1c /Applications/STM32CubeIDE.app/Contents/Eclipse/plugins/com.st.stm32cube.ide.mcu.externaltools.gnu-tools-for-stm32.9-2020-q2-update.macos64_1.5.0.202011040924/tools/bin/../lib/gcc/arm-none-eabi/9.3.1/../../../../arm-none-eabi/lib/thumb/v7e-m+fp/hard/crt0.o
 .text          0x0000000000000000        0x0 Core/Src/main.o
 .data          0x0000000000000000        0x0 Core/Src/main.o
 .bss           0x0000000000000000        0x0 Core/Src/main.o
 .text.enableSystick
                0x0000000000000000        0x2 Core/Src/main.o
 .text.Error_Handler
                0x0000000000000000        0x2 Core/Src/main.o
 .text          0x0000000000000000        0x0 Core/Src/stm32f4xx_hal_msp.o
 .data          0x0000000000000000        0x0 Core/Src/stm32f4xx_hal_msp.o
 .bss           0x0000000000000000        0x0 Core/Src/stm32f4xx_hal_msp.o
 .text          0x0000000000000000        0x0 Core/Src/stm32f4xx_it.o
 .data          0x0000000000000000        0x0 Core/Src/stm32f4xx_it.o
 .bss           0x0000000000000000        0x0 Core/Src/stm32f4xx_it.o
 .text          0x0000000000000000        0x0 Core/Src/syscalls.o
 .data          0x0000000000000000        0x0 Core/Src/syscalls.o
 .bss           0x0000000000000000        0x0 Core/Src/syscalls.o
 .text.initialise_monitor_handles
                0x0000000000000000        0x2 Core/Src/syscalls.o
 .text._getpid  0x0000000000000000        0x4 Core/Src/syscalls.o
 .text._kill    0x0000000000000000       0x10 Core/Src/syscalls.o
 .text._exit    0x0000000000000000        0xc Core/Src/syscalls.o
 .text._read    0x0000000000000000       0x1a Core/Src/syscalls.o
 .text._write   0x0000000000000000       0x1a Core/Src/syscalls.o
 .text._close   0x0000000000000000        0x6 Core/Src/syscalls.o
 .text._fstat   0x0000000000000000        0xa Core/Src/syscalls.o
 .text._isatty  0x0000000000000000        0x4 Core/Src/syscalls.o
 .text._lseek   0x0000000000000000        0x4 Core/Src/syscalls.o
 .text._open    0x0000000000000000        0xa Core/Src/syscalls.o
 .text._wait    0x0000000000000000       0x10 Core/Src/syscalls.o
 .text._unlink  0x0000000000000000       0x10 Core/Src/syscalls.o
 .text._times   0x0000000000000000        0x6 Core/Src/syscalls.o
 .text._stat    0x0000000000000000        0xa Core/Src/syscalls.o
 .text._link    0x0000000000000000       0x10 Core/Src/syscalls.o
 .text._fork    0x0000000000000000       0x10 Core/Src/syscalls.o
 .text._execve  0x0000000000000000       0x10 Core/Src/syscalls.o
 .bss.__env     0x0000000000000000        0x4 Core/Src/syscalls.o
 .data.environ  0x0000000000000000        0x4 Core/Src/syscalls.o
 .comment       0x0000000000000000       0x54 Core/Src/syscalls.o
 .ARM.attributes
                0x0000000000000000       0x34 Core/Src/syscalls.o
 .text          0x0000000000000000        0x0 Core/Src/sysmem.o
 .data          0x0000000000000000        0x0 Core/Src/sysmem.o
 .bss           0x0000000000000000        0x0 Core/Src/sysmem.o
 .text._sbrk    0x0000000000000000       0x40 Core/Src/sysmem.o
 .bss.__sbrk_heap_end
                0x0000000000000000        0x4 Core/Src/sysmem.o
 .comment       0x0000000000000000       0x54 Core/Src/sysmem.o
 .ARM.attributes
                0x0000000000000000       0x34 Core/Src/sysmem.o
 .text          0x0000000000000000        0x0 Core/Src/system_stm32f4xx.o
 .data          0x0000000000000000        0x0 Core/Src/system_stm32f4xx.o
 .bss           0x0000000000000000        0x0 Core/Src/system_stm32f4xx.o
 .text.SystemCoreClockUpdate
                0x0000000000000000       0x74 Core/Src/system_stm32f4xx.o
 .rodata.APBPrescTable
                0x0000000000000000        0x8 Core/Src/system_stm32f4xx.o
 .text          0x0000000000000000       0x14 Core/Startup/startup_stm32f407zgtx.o
 .data          0x0000000000000000        0x0 Core/Startup/startup_stm32f407zgtx.o
 .bss           0x0000000000000000        0x0 Core/Startup/startup_stm32f407zgtx.o
 .text          0x0000000000000000        0x0 Drivers/STM32F4xx_HAL_Driver/Src/stm32f4xx_hal.o
 .data          0x0000000000000000        0x0 Drivers/STM32F4xx_HAL_Driver/Src/stm32f4xx_hal.o
 .bss           0x0000000000000000        0x0 Drivers/STM32F4xx_HAL_Driver/Src/stm32f4xx_hal.o
 .text.HAL_MspInit
                0x0000000000000000        0x2 Drivers/STM32F4xx_HAL_Driver/Src/stm32f4xx_hal.o
 .text.HAL_MspDeInit
                0x0000000000000000        0x2 Drivers/STM32F4xx_HAL_Driver/Src/stm32f4xx_hal.o
 .text.HAL_DeInit
                0x0000000000000000       0x2c Drivers/STM32F4xx_HAL_Driver/Src/stm32f4xx_hal.o
 .text.HAL_GetTickPrio
                0x0000000000000000        0xc Drivers/STM32F4xx_HAL_Driver/Src/stm32f4xx_hal.o
 .text.HAL_SetTickFreq
                0x0000000000000000       0x28 Drivers/STM32F4xx_HAL_Driver/Src/stm32f4xx_hal.o
 .text.HAL_GetTickFreq
                0x0000000000000000        0xc Drivers/STM32F4xx_HAL_Driver/Src/stm32f4xx_hal.o
 .text.HAL_SuspendTick
                0x0000000000000000       0x10 Drivers/STM32F4xx_HAL_Driver/Src/stm32f4xx_hal.o
 .text.HAL_ResumeTick
                0x0000000000000000       0x10 Drivers/STM32F4xx_HAL_Driver/Src/stm32f4xx_hal.o
 .text.HAL_GetHalVersion
                0x0000000000000000        0x8 Drivers/STM32F4xx_HAL_Driver/Src/stm32f4xx_hal.o
 .text.HAL_GetREVID
                0x0000000000000000        0xc Drivers/STM32F4xx_HAL_Driver/Src/stm32f4xx_hal.o
 .text.HAL_GetDEVID
                0x0000000000000000       0x10 Drivers/STM32F4xx_HAL_Driver/Src/stm32f4xx_hal.o
 .text.HAL_DBGMCU_EnableDBGSleepMode
                0x0000000000000000       0x10 Drivers/STM32F4xx_HAL_Driver/Src/stm32f4xx_hal.o
 .text.HAL_DBGMCU_DisableDBGSleepMode
                0x0000000000000000       0x10 Drivers/STM32F4xx_HAL_Driver/Src/stm32f4xx_hal.o
 .text.HAL_DBGMCU_EnableDBGStopMode
                0x0000000000000000       0x10 Drivers/STM32F4xx_HAL_Driver/Src/stm32f4xx_hal.o
 .text.HAL_DBGMCU_DisableDBGStopMode
                0x0000000000000000       0x10 Drivers/STM32F4xx_HAL_Driver/Src/stm32f4xx_hal.o
 .text.HAL_DBGMCU_EnableDBGStandbyMode
                0x0000000000000000       0x10 Drivers/STM32F4xx_HAL_Driver/Src/stm32f4xx_hal.o
 .text.HAL_DBGMCU_DisableDBGStandbyMode
                0x0000000000000000       0x10 Drivers/STM32F4xx_HAL_Driver/Src/stm32f4xx_hal.o
 .text.HAL_EnableCompensationCell
                0x0000000000000000        0xc Drivers/STM32F4xx_HAL_Driver/Src/stm32f4xx_hal.o
 .text.HAL_DisableCompensationCell
                0x0000000000000000        0xc Drivers/STM32F4xx_HAL_Driver/Src/stm32f4xx_hal.o
 .text.HAL_GetUIDw0
                0x0000000000000000        0xc Drivers/STM32F4xx_HAL_Driver/Src/stm32f4xx_hal.o
 .text.HAL_GetUIDw1
                0x0000000000000000        0xc Drivers/STM32F4xx_HAL_Driver/Src/stm32f4xx_hal.o
 .text.HAL_GetUIDw2
                0x0000000000000000        0xc Drivers/STM32F4xx_HAL_Driver/Src/stm32f4xx_hal.o
 .text          0x0000000000000000        0x0 Drivers/STM32F4xx_HAL_Driver/Src/stm32f4xx_hal_cortex.o
 .data          0x0000000000000000        0x0 Drivers/STM32F4xx_HAL_Driver/Src/stm32f4xx_hal_cortex.o
 .bss           0x0000000000000000        0x0 Drivers/STM32F4xx_HAL_Driver/Src/stm32f4xx_hal_cortex.o
 .text.HAL_NVIC_EnableIRQ
                0x0000000000000000       0x1c Drivers/STM32F4xx_HAL_Driver/Src/stm32f4xx_hal_cortex.o
 .text.HAL_NVIC_DisableIRQ
                0x0000000000000000       0x28 Drivers/STM32F4xx_HAL_Driver/Src/stm32f4xx_hal_cortex.o
 .text.HAL_NVIC_SystemReset
                0x0000000000000000       0x24 Drivers/STM32F4xx_HAL_Driver/Src/stm32f4xx_hal_cortex.o
 .text.HAL_MPU_Disable
                0x0000000000000000       0x20 Drivers/STM32F4xx_HAL_Driver/Src/stm32f4xx_hal_cortex.o
 .text.HAL_MPU_Enable
                0x0000000000000000       0x24 Drivers/STM32F4xx_HAL_Driver/Src/stm32f4xx_hal_cortex.o
 .text.HAL_MPU_ConfigRegion
                0x0000000000000000       0x50 Drivers/STM32F4xx_HAL_Driver/Src/stm32f4xx_hal_cortex.o
 .text.HAL_NVIC_GetPriorityGrouping
                0x0000000000000000       0x10 Drivers/STM32F4xx_HAL_Driver/Src/stm32f4xx_hal_cortex.o
 .text.HAL_NVIC_GetPriority
                0x0000000000000000       0x5c Drivers/STM32F4xx_HAL_Driver/Src/stm32f4xx_hal_cortex.o
 .text.HAL_NVIC_SetPendingIRQ
                0x0000000000000000       0x20 Drivers/STM32F4xx_HAL_Driver/Src/stm32f4xx_hal_cortex.o
 .text.HAL_NVIC_GetPendingIRQ
                0x0000000000000000       0x24 Drivers/STM32F4xx_HAL_Driver/Src/stm32f4xx_hal_cortex.o
 .text.HAL_NVIC_ClearPendingIRQ
                0x0000000000000000       0x20 Drivers/STM32F4xx_HAL_Driver/Src/stm32f4xx_hal_cortex.o
 .text.HAL_NVIC_GetActive
                0x0000000000000000       0x24 Drivers/STM32F4xx_HAL_Driver/Src/stm32f4xx_hal_cortex.o
 .text.HAL_SYSTICK_CLKSourceConfig
                0x0000000000000000       0x18 Drivers/STM32F4xx_HAL_Driver/Src/stm32f4xx_hal_cortex.o
 .text.HAL_SYSTICK_Callback
                0x0000000000000000        0x2 Drivers/STM32F4xx_HAL_Driver/Src/stm32f4xx_hal_cortex.o
 .text.HAL_SYSTICK_IRQHandler
                0x0000000000000000        0x8 Drivers/STM32F4xx_HAL_Driver/Src/stm32f4xx_hal_cortex.o
 .text          0x0000000000000000        0x0 Drivers/STM32F4xx_HAL_Driver/Src/stm32f4xx_hal_dma.o
 .data          0x0000000000000000        0x0 Drivers/STM32F4xx_HAL_Driver/Src/stm32f4xx_hal_dma.o
 .bss           0x0000000000000000        0x0 Drivers/STM32F4xx_HAL_Driver/Src/stm32f4xx_hal_dma.o
 .text.DMA_CalcBaseAndBitshift
                0x0000000000000000       0x2c Drivers/STM32F4xx_HAL_Driver/Src/stm32f4xx_hal_dma.o
 .text.HAL_DMA_Init
                0x0000000000000000      0x100 Drivers/STM32F4xx_HAL_Driver/Src/stm32f4xx_hal_dma.o
 .text.HAL_DMA_DeInit
                0x0000000000000000       0x54 Drivers/STM32F4xx_HAL_Driver/Src/stm32f4xx_hal_dma.o
 .text.HAL_DMA_Start
                0x0000000000000000       0x54 Drivers/STM32F4xx_HAL_Driver/Src/stm32f4xx_hal_dma.o
 .text.HAL_DMA_Start_IT
                0x0000000000000000       0x74 Drivers/STM32F4xx_HAL_Driver/Src/stm32f4xx_hal_dma.o
 .text.HAL_DMA_Abort
                0x0000000000000000       0x88 Drivers/STM32F4xx_HAL_Driver/Src/stm32f4xx_hal_dma.o
 .text.HAL_DMA_Abort_IT
                0x0000000000000000       0x24 Drivers/STM32F4xx_HAL_Driver/Src/stm32f4xx_hal_dma.o
 .text.HAL_DMA_PollForTransfer
                0x0000000000000000      0x10e Drivers/STM32F4xx_HAL_Driver/Src/stm32f4xx_hal_dma.o
 .text.HAL_DMA_IRQHandler
                0x0000000000000000      0x17c Drivers/STM32F4xx_HAL_Driver/Src/stm32f4xx_hal_dma.o
 .text.HAL_DMA_RegisterCallback
                0x0000000000000000       0x48 Drivers/STM32F4xx_HAL_Driver/Src/stm32f4xx_hal_dma.o
 .text.HAL_DMA_UnRegisterCallback
                0x0000000000000000       0x62 Drivers/STM32F4xx_HAL_Driver/Src/stm32f4xx_hal_dma.o
 .text.HAL_DMA_GetState
                0x0000000000000000        0x6 Drivers/STM32F4xx_HAL_Driver/Src/stm32f4xx_hal_dma.o
 .text.HAL_DMA_GetError
                0x0000000000000000        0x4 Drivers/STM32F4xx_HAL_Driver/Src/stm32f4xx_hal_dma.o
 .rodata.flagBitshiftOffset.7628
                0x0000000000000000        0x8 Drivers/STM32F4xx_HAL_Driver/Src/stm32f4xx_hal_dma.o
 .comment       0x0000000000000000       0x54 Drivers/STM32F4xx_HAL_Driver/Src/stm32f4xx_hal_dma.o
 .ARM.attributes
                0x0000000000000000       0x34 Drivers/STM32F4xx_HAL_Driver/Src/stm32f4xx_hal_dma.o
 .text          0x0000000000000000        0x0 Drivers/STM32F4xx_HAL_Driver/Src/stm32f4xx_hal_dma_ex.o
 .data          0x0000000000000000        0x0 Drivers/STM32F4xx_HAL_Driver/Src/stm32f4xx_hal_dma_ex.o
 .bss           0x0000000000000000        0x0 Drivers/STM32F4xx_HAL_Driver/Src/stm32f4xx_hal_dma_ex.o
 .text.HAL_DMAEx_MultiBufferStart
                0x0000000000000000       0x5a Drivers/STM32F4xx_HAL_Driver/Src/stm32f4xx_hal_dma_ex.o
 .text.HAL_DMAEx_MultiBufferStart_IT
                0x0000000000000000      0xaa4 Drivers/STM32F4xx_HAL_Driver/Src/stm32f4xx_hal_dma_ex.o
 .text.HAL_DMAEx_ChangeMemory
                0x0000000000000000        0xe Drivers/STM32F4xx_HAL_Driver/Src/stm32f4xx_hal_dma_ex.o
 .comment       0x0000000000000000       0x54 Drivers/STM32F4xx_HAL_Driver/Src/stm32f4xx_hal_dma_ex.o
 .ARM.attributes
                0x0000000000000000       0x34 Drivers/STM32F4xx_HAL_Driver/Src/stm32f4xx_hal_dma_ex.o
 .text          0x0000000000000000        0x0 Drivers/STM32F4xx_HAL_Driver/Src/stm32f4xx_hal_exti.o
 .data          0x0000000000000000        0x0 Drivers/STM32F4xx_HAL_Driver/Src/stm32f4xx_hal_exti.o
 .bss           0x0000000000000000        0x0 Drivers/STM32F4xx_HAL_Driver/Src/stm32f4xx_hal_exti.o
 .text.HAL_EXTI_SetConfigLine
                0x0000000000000000       0xa4 Drivers/STM32F4xx_HAL_Driver/Src/stm32f4xx_hal_exti.o
 .text.HAL_EXTI_GetConfigLine
                0x0000000000000000       0x8c Drivers/STM32F4xx_HAL_Driver/Src/stm32f4xx_hal_exti.o
 .text.HAL_EXTI_ClearConfigLine
                0x0000000000000000       0x6c Drivers/STM32F4xx_HAL_Driver/Src/stm32f4xx_hal_exti.o
 .text.HAL_EXTI_RegisterCallback
                0x0000000000000000        0xc Drivers/STM32F4xx_HAL_Driver/Src/stm32f4xx_hal_exti.o
 .text.HAL_EXTI_GetHandle
                0x0000000000000000        0xc Drivers/STM32F4xx_HAL_Driver/Src/stm32f4xx_hal_exti.o
 .text.HAL_EXTI_IRQHandler
                0x0000000000000000       0x20 Drivers/STM32F4xx_HAL_Driver/Src/stm32f4xx_hal_exti.o
 .text.HAL_EXTI_GetPending
                0x0000000000000000       0x1c Drivers/STM32F4xx_HAL_Driver/Src/stm32f4xx_hal_exti.o
 .text.HAL_EXTI_ClearPending
                0x0000000000000000       0x14 Drivers/STM32F4xx_HAL_Driver/Src/stm32f4xx_hal_exti.o
 .text.HAL_EXTI_GenerateSWI
                0x0000000000000000       0x14 Drivers/STM32F4xx_HAL_Driver/Src/stm32f4xx_hal_exti.o
 .comment       0x0000000000000000       0x54 Drivers/STM32F4xx_HAL_Driver/Src/stm32f4xx_hal_exti.o
 .ARM.attributes
                0x0000000000000000       0x34 Drivers/STM32F4xx_HAL_Driver/Src/stm32f4xx_hal_exti.o
 .text          0x0000000000000000        0x0 Drivers/STM32F4xx_HAL_Driver/Src/stm32f4xx_hal_flash.o
 .data          0x0000000000000000        0x0 Drivers/STM32F4xx_HAL_Driver/Src/stm32f4xx_hal_flash.o
 .bss           0x0000000000000000        0x0 Drivers/STM32F4xx_HAL_Driver/Src/stm32f4xx_hal_flash.o
 .text.FLASH_Program_DoubleWord
                0x0000000000000000       0x2c Drivers/STM32F4xx_HAL_Driver/Src/stm32f4xx_hal_flash.o
 .text.FLASH_Program_Word
                0x0000000000000000       0x24 Drivers/STM32F4xx_HAL_Driver/Src/stm32f4xx_hal_flash.o
 .text.FLASH_Program_HalfWord
                0x0000000000000000       0x24 Drivers/STM32F4xx_HAL_Driver/Src/stm32f4xx_hal_flash.o
 .text.FLASH_SetErrorCode
                0x0000000000000000       0x74 Drivers/STM32F4xx_HAL_Driver/Src/stm32f4xx_hal_flash.o
 .text.HAL_FLASH_Program_IT
                0x0000000000000000       0x74 Drivers/STM32F4xx_HAL_Driver/Src/stm32f4xx_hal_flash.o
 .text.HAL_FLASH_EndOfOperationCallback
                0x0000000000000000        0x2 Drivers/STM32F4xx_HAL_Driver/Src/stm32f4xx_hal_flash.o
 .text.HAL_FLASH_OperationErrorCallback
                0x0000000000000000        0x2 Drivers/STM32F4xx_HAL_Driver/Src/stm32f4xx_hal_flash.o
 .text.HAL_FLASH_IRQHandler
                0x0000000000000000       0xc4 Drivers/STM32F4xx_HAL_Driver/Src/stm32f4xx_hal_flash.o
 .text.HAL_FLASH_Unlock
                0x0000000000000000       0x24 Drivers/STM32F4xx_HAL_Driver/Src/stm32f4xx_hal_flash.o
 .text.HAL_FLASH_Lock
                0x0000000000000000       0x14 Drivers/STM32F4xx_HAL_Driver/Src/stm32f4xx_hal_flash.o
 .text.HAL_FLASH_OB_Unlock
                0x0000000000000000       0x24 Drivers/STM32F4xx_HAL_Driver/Src/stm32f4xx_hal_flash.o
 .text.HAL_FLASH_OB_Lock
                0x0000000000000000       0x14 Drivers/STM32F4xx_HAL_Driver/Src/stm32f4xx_hal_flash.o
 .text.HAL_FLASH_GetError
                0x0000000000000000        0xc Drivers/STM32F4xx_HAL_Driver/Src/stm32f4xx_hal_flash.o
 .text.FLASH_WaitForLastOperation
                0x0000000000000000       0x54 Drivers/STM32F4xx_HAL_Driver/Src/stm32f4xx_hal_flash.o
 .text.HAL_FLASH_Program
                0x0000000000000000       0x8c Drivers/STM32F4xx_HAL_Driver/Src/stm32f4xx_hal_flash.o
 .text.HAL_FLASH_OB_Launch
                0x0000000000000000       0x18 Drivers/STM32F4xx_HAL_Driver/Src/stm32f4xx_hal_flash.o
 .comment       0x0000000000000000       0x54 Drivers/STM32F4xx_HAL_Driver/Src/stm32f4xx_hal_flash.o
 .ARM.attributes
                0x0000000000000000       0x34 Drivers/STM32F4xx_HAL_Driver/Src/stm32f4xx_hal_flash.o
 COMMON         0x0000000000000000       0x20 Drivers/STM32F4xx_HAL_Driver/Src/stm32f4xx_hal_flash.o
 .text          0x0000000000000000        0x0 Drivers/STM32F4xx_HAL_Driver/Src/stm32f4xx_hal_flash_ex.o
 .data          0x0000000000000000        0x0 Drivers/STM32F4xx_HAL_Driver/Src/stm32f4xx_hal_flash_ex.o
 .bss           0x0000000000000000        0x0 Drivers/STM32F4xx_HAL_Driver/Src/stm32f4xx_hal_flash_ex.o
 .text.FLASH_MassErase.isra.0
                0x0000000000000000       0x24 Drivers/STM32F4xx_HAL_Driver/Src/stm32f4xx_hal_flash_ex.o
 .text.HAL_FLASHEx_OBProgram
                0x0000000000000000       0xb8 Drivers/STM32F4xx_HAL_Driver/Src/stm32f4xx_hal_flash_ex.o
 .text.HAL_FLASHEx_OBGetConfig
                0x0000000000000000       0x48 Drivers/STM32F4xx_HAL_Driver/Src/stm32f4xx_hal_flash_ex.o
 .text.FLASH_Erase_Sector
                0x0000000000000000       0x4c Drivers/STM32F4xx_HAL_Driver/Src/stm32f4xx_hal_flash_ex.o
 .text.HAL_FLASHEx_Erase_IT
                0x0000000000000000       0x5c Drivers/STM32F4xx_HAL_Driver/Src/stm32f4xx_hal_flash_ex.o
 .text.FLASH_FlushCaches
                0x0000000000000000       0x58 Drivers/STM32F4xx_HAL_Driver/Src/stm32f4xx_hal_flash_ex.o
 .text.HAL_FLASHEx_Erase
                0x0000000000000000       0x9c Drivers/STM32F4xx_HAL_Driver/Src/stm32f4xx_hal_flash_ex.o
 .comment       0x0000000000000000       0x54 Drivers/STM32F4xx_HAL_Driver/Src/stm32f4xx_hal_flash_ex.o
 .ARM.attributes
                0x0000000000000000       0x34 Drivers/STM32F4xx_HAL_Driver/Src/stm32f4xx_hal_flash_ex.o
 .text          0x0000000000000000        0x0 Drivers/STM32F4xx_HAL_Driver/Src/stm32f4xx_hal_flash_ramfunc.o
 .data          0x0000000000000000        0x0 Drivers/STM32F4xx_HAL_Driver/Src/stm32f4xx_hal_flash_ramfunc.o
 .bss           0x0000000000000000        0x0 Drivers/STM32F4xx_HAL_Driver/Src/stm32f4xx_hal_flash_ramfunc.o
 .comment       0x0000000000000000       0x54 Drivers/STM32F4xx_HAL_Driver/Src/stm32f4xx_hal_flash_ramfunc.o
 .ARM.attributes
                0x0000000000000000       0x39 Drivers/STM32F4xx_HAL_Driver/Src/stm32f4xx_hal_flash_ramfunc.o
 .text          0x0000000000000000        0x0 Drivers/STM32F4xx_HAL_Driver/Src/stm32f4xx_hal_gpio.o
 .data          0x0000000000000000        0x0 Drivers/STM32F4xx_HAL_Driver/Src/stm32f4xx_hal_gpio.o
 .bss           0x0000000000000000        0x0 Drivers/STM32F4xx_HAL_Driver/Src/stm32f4xx_hal_gpio.o
 .text.HAL_GPIO_Init
                0x0000000000000000      0x1b4 Drivers/STM32F4xx_HAL_Driver/Src/stm32f4xx_hal_gpio.o
 .text.HAL_GPIO_DeInit
                0x0000000000000000      0x12c Drivers/STM32F4xx_HAL_Driver/Src/stm32f4xx_hal_gpio.o
 .text.HAL_GPIO_ReadPin
                0x0000000000000000        0xc Drivers/STM32F4xx_HAL_Driver/Src/stm32f4xx_hal_gpio.o
 .text.HAL_GPIO_WritePin
                0x0000000000000000        0xa Drivers/STM32F4xx_HAL_Driver/Src/stm32f4xx_hal_gpio.o
 .text.HAL_GPIO_TogglePin
                0x0000000000000000       0x12 Drivers/STM32F4xx_HAL_Driver/Src/stm32f4xx_hal_gpio.o
 .text.HAL_GPIO_LockPin
                0x0000000000000000       0x2a Drivers/STM32F4xx_HAL_Driver/Src/stm32f4xx_hal_gpio.o
 .text.HAL_GPIO_EXTI_Callback
                0x0000000000000000        0x2 Drivers/STM32F4xx_HAL_Driver/Src/stm32f4xx_hal_gpio.o
 .text.HAL_GPIO_EXTI_IRQHandler
                0x0000000000000000       0x18 Drivers/STM32F4xx_HAL_Driver/Src/stm32f4xx_hal_gpio.o
 .comment       0x0000000000000000       0x54 Drivers/STM32F4xx_HAL_Driver/Src/stm32f4xx_hal_gpio.o
 .ARM.attributes
                0x0000000000000000       0x34 Drivers/STM32F4xx_HAL_Driver/Src/stm32f4xx_hal_gpio.o
 .text          0x0000000000000000        0x0 Drivers/STM32F4xx_HAL_Driver/Src/stm32f4xx_hal_pwr.o
 .data          0x0000000000000000        0x0 Drivers/STM32F4xx_HAL_Driver/Src/stm32f4xx_hal_pwr.o
 .bss           0x0000000000000000        0x0 Drivers/STM32F4xx_HAL_Driver/Src/stm32f4xx_hal_pwr.o
 .text.HAL_PWR_DeInit
                0x0000000000000000       0x18 Drivers/STM32F4xx_HAL_Driver/Src/stm32f4xx_hal_pwr.o
 .text.HAL_PWR_EnableBkUpAccess
                0x0000000000000000       0x1c Drivers/STM32F4xx_HAL_Driver/Src/stm32f4xx_hal_pwr.o
 .text.HAL_PWR_DisableBkUpAccess
                0x0000000000000000       0x1c Drivers/STM32F4xx_HAL_Driver/Src/stm32f4xx_hal_pwr.o
 .text.HAL_PWR_ConfigPVD
                0x0000000000000000       0x70 Drivers/STM32F4xx_HAL_Driver/Src/stm32f4xx_hal_pwr.o
 .text.HAL_PWR_EnablePVD
                0x0000000000000000        0xc Drivers/STM32F4xx_HAL_Driver/Src/stm32f4xx_hal_pwr.o
 .text.HAL_PWR_DisablePVD
                0x0000000000000000        0xc Drivers/STM32F4xx_HAL_Driver/Src/stm32f4xx_hal_pwr.o
 .text.HAL_PWR_EnableWakeUpPin
                0x0000000000000000       0x10 Drivers/STM32F4xx_HAL_Driver/Src/stm32f4xx_hal_pwr.o
 .text.HAL_PWR_DisableWakeUpPin
                0x0000000000000000       0x10 Drivers/STM32F4xx_HAL_Driver/Src/stm32f4xx_hal_pwr.o
 .text.HAL_PWR_EnterSLEEPMode
                0x0000000000000000       0x20 Drivers/STM32F4xx_HAL_Driver/Src/stm32f4xx_hal_pwr.o
 .text.HAL_PWR_EnterSTOPMode
                0x0000000000000000       0x38 Drivers/STM32F4xx_HAL_Driver/Src/stm32f4xx_hal_pwr.o
 .text.HAL_PWR_EnterSTANDBYMode
                0x0000000000000000       0x20 Drivers/STM32F4xx_HAL_Driver/Src/stm32f4xx_hal_pwr.o
 .text.HAL_PWR_PVDCallback
                0x0000000000000000        0x2 Drivers/STM32F4xx_HAL_Driver/Src/stm32f4xx_hal_pwr.o
 .text.HAL_PWR_PVD_IRQHandler
                0x0000000000000000       0x1c Drivers/STM32F4xx_HAL_Driver/Src/stm32f4xx_hal_pwr.o
 .text.HAL_PWR_EnableSleepOnExit
                0x0000000000000000       0x10 Drivers/STM32F4xx_HAL_Driver/Src/stm32f4xx_hal_pwr.o
 .text.HAL_PWR_DisableSleepOnExit
                0x0000000000000000       0x10 Drivers/STM32F4xx_HAL_Driver/Src/stm32f4xx_hal_pwr.o
 .text.HAL_PWR_EnableSEVOnPend
                0x0000000000000000       0x10 Drivers/STM32F4xx_HAL_Driver/Src/stm32f4xx_hal_pwr.o
 .text.HAL_PWR_DisableSEVOnPend
                0x0000000000000000       0x10 Drivers/STM32F4xx_HAL_Driver/Src/stm32f4xx_hal_pwr.o
 .comment       0x0000000000000000       0x54 Drivers/STM32F4xx_HAL_Driver/Src/stm32f4xx_hal_pwr.o
 .ARM.attributes
                0x0000000000000000       0x34 Drivers/STM32F4xx_HAL_Driver/Src/stm32f4xx_hal_pwr.o
 .text          0x0000000000000000        0x0 Drivers/STM32F4xx_HAL_Driver/Src/stm32f4xx_hal_pwr_ex.o
 .data          0x0000000000000000        0x0 Drivers/STM32F4xx_HAL_Driver/Src/stm32f4xx_hal_pwr_ex.o
 .bss           0x0000000000000000        0x0 Drivers/STM32F4xx_HAL_Driver/Src/stm32f4xx_hal_pwr_ex.o
 .text.HAL_PWREx_EnableBkUpReg
                0x0000000000000000       0x34 Drivers/STM32F4xx_HAL_Driver/Src/stm32f4xx_hal_pwr_ex.o
 .text.HAL_PWREx_DisableBkUpReg
                0x0000000000000000       0x34 Drivers/STM32F4xx_HAL_Driver/Src/stm32f4xx_hal_pwr_ex.o
 .text.HAL_PWREx_EnableFlashPowerDown
                0x0000000000000000        0xc Drivers/STM32F4xx_HAL_Driver/Src/stm32f4xx_hal_pwr_ex.o
 .text.HAL_PWREx_DisableFlashPowerDown
                0x0000000000000000        0xc Drivers/STM32F4xx_HAL_Driver/Src/stm32f4xx_hal_pwr_ex.o
 .text.HAL_PWREx_GetVoltageRange
                0x0000000000000000       0x10 Drivers/STM32F4xx_HAL_Driver/Src/stm32f4xx_hal_pwr_ex.o
 .text.HAL_PWREx_ControlVoltageScaling
                0x0000000000000000       0x5c Drivers/STM32F4xx_HAL_Driver/Src/stm32f4xx_hal_pwr_ex.o
 .comment       0x0000000000000000       0x54 Drivers/STM32F4xx_HAL_Driver/Src/stm32f4xx_hal_pwr_ex.o
 .ARM.attributes
                0x0000000000000000       0x34 Drivers/STM32F4xx_HAL_Driver/Src/stm32f4xx_hal_pwr_ex.o
 .text          0x0000000000000000        0x0 Drivers/STM32F4xx_HAL_Driver/Src/stm32f4xx_hal_rcc.o
 .data          0x0000000000000000        0x0 Drivers/STM32F4xx_HAL_Driver/Src/stm32f4xx_hal_rcc.o
 .bss           0x0000000000000000        0x0 Drivers/STM32F4xx_HAL_Driver/Src/stm32f4xx_hal_rcc.o
 .text.HAL_RCC_DeInit
                0x0000000000000000        0x4 Drivers/STM32F4xx_HAL_Driver/Src/stm32f4xx_hal_rcc.o
 .text.HAL_RCC_MCOConfig
                0x0000000000000000       0x98 Drivers/STM32F4xx_HAL_Driver/Src/stm32f4xx_hal_rcc.o
 .text.HAL_RCC_EnableCSS
                0x0000000000000000        0xc Drivers/STM32F4xx_HAL_Driver/Src/stm32f4xx_hal_rcc.o
 .text.HAL_RCC_DisableCSS
                0x0000000000000000        0xc Drivers/STM32F4xx_HAL_Driver/Src/stm32f4xx_hal_rcc.o
 .text.HAL_RCC_GetHCLKFreq
                0x0000000000000000        0xc Drivers/STM32F4xx_HAL_Driver/Src/stm32f4xx_hal_rcc.o
 .text.HAL_RCC_GetPCLK1Freq
                0x0000000000000000       0x20 Drivers/STM32F4xx_HAL_Driver/Src/stm32f4xx_hal_rcc.o
 .text.HAL_RCC_GetPCLK2Freq
                0x0000000000000000       0x20 Drivers/STM32F4xx_HAL_Driver/Src/stm32f4xx_hal_rcc.o
 .text.HAL_RCC_GetOscConfig
                0x0000000000000000       0x94 Drivers/STM32F4xx_HAL_Driver/Src/stm32f4xx_hal_rcc.o
 .text.HAL_RCC_GetClockConfig
                0x0000000000000000       0x3c Drivers/STM32F4xx_HAL_Driver/Src/stm32f4xx_hal_rcc.o
 .text.HAL_RCC_CSSCallback
                0x0000000000000000        0x2 Drivers/STM32F4xx_HAL_Driver/Src/stm32f4xx_hal_rcc.o
 .text.HAL_RCC_NMI_IRQHandler
                0x0000000000000000       0x20 Drivers/STM32F4xx_HAL_Driver/Src/stm32f4xx_hal_rcc.o
 .text          0x0000000000000000        0x0 Drivers/STM32F4xx_HAL_Driver/Src/stm32f4xx_hal_rcc_ex.o
 .data          0x0000000000000000        0x0 Drivers/STM32F4xx_HAL_Driver/Src/stm32f4xx_hal_rcc_ex.o
 .bss           0x0000000000000000        0x0 Drivers/STM32F4xx_HAL_Driver/Src/stm32f4xx_hal_rcc_ex.o
 .text.HAL_RCCEx_PeriphCLKConfig
                0x0000000000000000      0x130 Drivers/STM32F4xx_HAL_Driver/Src/stm32f4xx_hal_rcc_ex.o
 .text.HAL_RCCEx_GetPeriphCLKConfig
                0x0000000000000000       0x30 Drivers/STM32F4xx_HAL_Driver/Src/stm32f4xx_hal_rcc_ex.o
 .text.HAL_RCCEx_GetPeriphCLKFreq
                0x0000000000000000       0x4c Drivers/STM32F4xx_HAL_Driver/Src/stm32f4xx_hal_rcc_ex.o
 .text.HAL_RCCEx_EnablePLLI2S
                0x0000000000000000       0x60 Drivers/STM32F4xx_HAL_Driver/Src/stm32f4xx_hal_rcc_ex.o
 .text.HAL_RCCEx_DisablePLLI2S
                0x0000000000000000       0x34 Drivers/STM32F4xx_HAL_Driver/Src/stm32f4xx_hal_rcc_ex.o
 .text.HAL_RCC_DeInit
                0x0000000000000000      0x120 Drivers/STM32F4xx_HAL_Driver/Src/stm32f4xx_hal_rcc_ex.o
 .comment       0x0000000000000000       0x54 Drivers/STM32F4xx_HAL_Driver/Src/stm32f4xx_hal_rcc_ex.o
 .ARM.attributes
                0x0000000000000000       0x34 Drivers/STM32F4xx_HAL_Driver/Src/stm32f4xx_hal_rcc_ex.o
 .text          0x0000000000000000        0x0 Drivers/STM32F4xx_HAL_Driver/Src/stm32f4xx_hal_tim.o
 .data          0x0000000000000000        0x0 Drivers/STM32F4xx_HAL_Driver/Src/stm32f4xx_hal_tim.o
 .bss           0x0000000000000000        0x0 Drivers/STM32F4xx_HAL_Driver/Src/stm32f4xx_hal_tim.o
 .comment       0x0000000000000000       0x54 Drivers/STM32F4xx_HAL_Driver/Src/stm32f4xx_hal_tim.o
 .ARM.attributes
                0x0000000000000000       0x39 Drivers/STM32F4xx_HAL_Driver/Src/stm32f4xx_hal_tim.o
 .text          0x0000000000000000        0x0 Drivers/STM32F4xx_HAL_Driver/Src/stm32f4xx_hal_tim_ex.o
 .data          0x0000000000000000        0x0 Drivers/STM32F4xx_HAL_Driver/Src/stm32f4xx_hal_tim_ex.o
 .bss           0x0000000000000000        0x0 Drivers/STM32F4xx_HAL_Driver/Src/stm32f4xx_hal_tim_ex.o
 .comment       0x0000000000000000       0x54 Drivers/STM32F4xx_HAL_Driver/Src/stm32f4xx_hal_tim_ex.o
 .ARM.attributes
                0x0000000000000000       0x39 Drivers/STM32F4xx_HAL_Driver/Src/stm32f4xx_hal_tim_ex.o
 .text          0x0000000000000000        0x0 /Applications/STM32CubeIDE.app/Contents/Eclipse/plugins/com.st.stm32cube.ide.mcu.externaltools.gnu-tools-for-stm32.9-2020-q2-update.macos64_1.5.0.202011040924/tools/bin/../lib/gcc/arm-none-eabi/9.3.1/../../../../arm-none-eabi/lib/thumb/v7e-m+fp/hard/libc_nano.a(lib_a-errno.o)
 .data          0x0000000000000000        0x0 /Applications/STM32CubeIDE.app/Contents/Eclipse/plugins/com.st.stm32cube.ide.mcu.externaltools.gnu-tools-for-stm32.9-2020-q2-update.macos64_1.5.0.202011040924/tools/bin/../lib/gcc/arm-none-eabi/9.3.1/../../../../arm-none-eabi/lib/thumb/v7e-m+fp/hard/libc_nano.a(lib_a-errno.o)
 .bss           0x0000000000000000        0x0 /Applications/STM32CubeIDE.app/Contents/Eclipse/plugins/com.st.stm32cube.ide.mcu.externaltools.gnu-tools-for-stm32.9-2020-q2-update.macos64_1.5.0.202011040924/tools/bin/../lib/gcc/arm-none-eabi/9.3.1/../../../../arm-none-eabi/lib/thumb/v7e-m+fp/hard/libc_nano.a(lib_a-errno.o)
 .text.__errno  0x0000000000000000        0xc /Applications/STM32CubeIDE.app/Contents/Eclipse/plugins/com.st.stm32cube.ide.mcu.externaltools.gnu-tools-for-stm32.9-2020-q2-update.macos64_1.5.0.202011040924/tools/bin/../lib/gcc/arm-none-eabi/9.3.1/../../../../arm-none-eabi/lib/thumb/v7e-m+fp/hard/libc_nano.a(lib_a-errno.o)
 .debug_frame   0x0000000000000000       0x20 /Applications/STM32CubeIDE.app/Contents/Eclipse/plugins/com.st.stm32cube.ide.mcu.externaltools.gnu-tools-for-stm32.9-2020-q2-update.macos64_1.5.0.202011040924/tools/bin/../lib/gcc/arm-none-eabi/9.3.1/../../../../arm-none-eabi/lib/thumb/v7e-m+fp/hard/libc_nano.a(lib_a-errno.o)
 .ARM.attributes
                0x0000000000000000       0x34 /Applications/STM32CubeIDE.app/Contents/Eclipse/plugins/com.st.stm32cube.ide.mcu.externaltools.gnu-tools-for-stm32.9-2020-q2-update.macos64_1.5.0.202011040924/tools/bin/../lib/gcc/arm-none-eabi/9.3.1/../../../../arm-none-eabi/lib/thumb/v7e-m+fp/hard/libc_nano.a(lib_a-errno.o)
 .text          0x0000000000000000        0x0 /Applications/STM32CubeIDE.app/Contents/Eclipse/plugins/com.st.stm32cube.ide.mcu.externaltools.gnu-tools-for-stm32.9-2020-q2-update.macos64_1.5.0.202011040924/tools/bin/../lib/gcc/arm-none-eabi/9.3.1/../../../../arm-none-eabi/lib/thumb/v7e-m+fp/hard/libc_nano.a(lib_a-exit.o)
 .data          0x0000000000000000        0x0 /Applications/STM32CubeIDE.app/Contents/Eclipse/plugins/com.st.stm32cube.ide.mcu.externaltools.gnu-tools-for-stm32.9-2020-q2-update.macos64_1.5.0.202011040924/tools/bin/../lib/gcc/arm-none-eabi/9.3.1/../../../../arm-none-eabi/lib/thumb/v7e-m+fp/hard/libc_nano.a(lib_a-exit.o)
 .bss           0x0000000000000000        0x0 /Applications/STM32CubeIDE.app/Contents/Eclipse/plugins/com.st.stm32cube.ide.mcu.externaltools.gnu-tools-for-stm32.9-2020-q2-update.macos64_1.5.0.202011040924/tools/bin/../lib/gcc/arm-none-eabi/9.3.1/../../../../arm-none-eabi/lib/thumb/v7e-m+fp/hard/libc_nano.a(lib_a-exit.o)
 .text.exit     0x0000000000000000       0x28 /Applications/STM32CubeIDE.app/Contents/Eclipse/plugins/com.st.stm32cube.ide.mcu.externaltools.gnu-tools-for-stm32.9-2020-q2-update.macos64_1.5.0.202011040924/tools/bin/../lib/gcc/arm-none-eabi/9.3.1/../../../../arm-none-eabi/lib/thumb/v7e-m+fp/hard/libc_nano.a(lib_a-exit.o)
 .debug_frame   0x0000000000000000       0x28 /Applications/STM32CubeIDE.app/Contents/Eclipse/plugins/com.st.stm32cube.ide.mcu.externaltools.gnu-tools-for-stm32.9-2020-q2-update.macos64_1.5.0.202011040924/tools/bin/../lib/gcc/arm-none-eabi/9.3.1/../../../../arm-none-eabi/lib/thumb/v7e-m+fp/hard/libc_nano.a(lib_a-exit.o)
 .ARM.attributes
                0x0000000000000000       0x34 /Applications/STM32CubeIDE.app/Contents/Eclipse/plugins/com.st.stm32cube.ide.mcu.externaltools.gnu-tools-for-stm32.9-2020-q2-update.macos64_1.5.0.202011040924/tools/bin/../lib/gcc/arm-none-eabi/9.3.1/../../../../arm-none-eabi/lib/thumb/v7e-m+fp/hard/libc_nano.a(lib_a-exit.o)
 .text          0x0000000000000000        0x0 /Applications/STM32CubeIDE.app/Contents/Eclipse/plugins/com.st.stm32cube.ide.mcu.externaltools.gnu-tools-for-stm32.9-2020-q2-update.macos64_1.5.0.202011040924/tools/bin/../lib/gcc/arm-none-eabi/9.3.1/../../../../arm-none-eabi/lib/thumb/v7e-m+fp/hard/libc_nano.a(lib_a-impure.o)
 .data          0x0000000000000000        0x0 /Applications/STM32CubeIDE.app/Contents/Eclipse/plugins/com.st.stm32cube.ide.mcu.externaltools.gnu-tools-for-stm32.9-2020-q2-update.macos64_1.5.0.202011040924/tools/bin/../lib/gcc/arm-none-eabi/9.3.1/../../../../arm-none-eabi/lib/thumb/v7e-m+fp/hard/libc_nano.a(lib_a-impure.o)
 .bss           0x0000000000000000        0x0 /Applications/STM32CubeIDE.app/Contents/Eclipse/plugins/com.st.stm32cube.ide.mcu.externaltools.gnu-tools-for-stm32.9-2020-q2-update.macos64_1.5.0.202011040924/tools/bin/../lib/gcc/arm-none-eabi/9.3.1/../../../../arm-none-eabi/lib/thumb/v7e-m+fp/hard/libc_nano.a(lib_a-impure.o)
 .data._impure_ptr
                0x0000000000000000        0x4 /Applications/STM32CubeIDE.app/Contents/Eclipse/plugins/com.st.stm32cube.ide.mcu.externaltools.gnu-tools-for-stm32.9-2020-q2-update.macos64_1.5.0.202011040924/tools/bin/../lib/gcc/arm-none-eabi/9.3.1/../../../../arm-none-eabi/lib/thumb/v7e-m+fp/hard/libc_nano.a(lib_a-impure.o)
 .data.impure_data
                0x0000000000000000       0x60 /Applications/STM32CubeIDE.app/Contents/Eclipse/plugins/com.st.stm32cube.ide.mcu.externaltools.gnu-tools-for-stm32.9-2020-q2-update.macos64_1.5.0.202011040924/tools/bin/../lib/gcc/arm-none-eabi/9.3.1/../../../../arm-none-eabi/lib/thumb/v7e-m+fp/hard/libc_nano.a(lib_a-impure.o)
 .rodata._global_impure_ptr
                0x0000000000000000        0x4 /Applications/STM32CubeIDE.app/Contents/Eclipse/plugins/com.st.stm32cube.ide.mcu.externaltools.gnu-tools-for-stm32.9-2020-q2-update.macos64_1.5.0.202011040924/tools/bin/../lib/gcc/arm-none-eabi/9.3.1/../../../../arm-none-eabi/lib/thumb/v7e-m+fp/hard/libc_nano.a(lib_a-impure.o)
 .ARM.attributes
                0x0000000000000000       0x32 /Applications/STM32CubeIDE.app/Contents/Eclipse/plugins/com.st.stm32cube.ide.mcu.externaltools.gnu-tools-for-stm32.9-2020-q2-update.macos64_1.5.0.202011040924/tools/bin/../lib/gcc/arm-none-eabi/9.3.1/../../../../arm-none-eabi/lib/thumb/v7e-m+fp/hard/libc_nano.a(lib_a-impure.o)
 .text          0x0000000000000000        0x0 /Applications/STM32CubeIDE.app/Contents/Eclipse/plugins/com.st.stm32cube.ide.mcu.externaltools.gnu-tools-for-stm32.9-2020-q2-update.macos64_1.5.0.202011040924/tools/bin/../lib/gcc/arm-none-eabi/9.3.1/../../../../arm-none-eabi/lib/thumb/v7e-m+fp/hard/libc_nano.a(lib_a-init.o)
 .data          0x0000000000000000        0x0 /Applications/STM32CubeIDE.app/Contents/Eclipse/plugins/com.st.stm32cube.ide.mcu.externaltools.gnu-tools-for-stm32.9-2020-q2-update.macos64_1.5.0.202011040924/tools/bin/../lib/gcc/arm-none-eabi/9.3.1/../../../../arm-none-eabi/lib/thumb/v7e-m+fp/hard/libc_nano.a(lib_a-init.o)
 .bss           0x0000000000000000        0x0 /Applications/STM32CubeIDE.app/Contents/Eclipse/plugins/com.st.stm32cube.ide.mcu.externaltools.gnu-tools-for-stm32.9-2020-q2-update.macos64_1.5.0.202011040924/tools/bin/../lib/gcc/arm-none-eabi/9.3.1/../../../../arm-none-eabi/lib/thumb/v7e-m+fp/hard/libc_nano.a(lib_a-init.o)
 .text          0x0000000000000000        0x0 /Applications/STM32CubeIDE.app/Contents/Eclipse/plugins/com.st.stm32cube.ide.mcu.externaltools.gnu-tools-for-stm32.9-2020-q2-update.macos64_1.5.0.202011040924/tools/bin/../lib/gcc/arm-none-eabi/9.3.1/../../../../arm-none-eabi/lib/thumb/v7e-m+fp/hard/libc_nano.a(lib_a-memset.o)
 .data          0x0000000000000000        0x0 /Applications/STM32CubeIDE.app/Contents/Eclipse/plugins/com.st.stm32cube.ide.mcu.externaltools.gnu-tools-for-stm32.9-2020-q2-update.macos64_1.5.0.202011040924/tools/bin/../lib/gcc/arm-none-eabi/9.3.1/../../../../arm-none-eabi/lib/thumb/v7e-m+fp/hard/libc_nano.a(lib_a-memset.o)
 .bss           0x0000000000000000        0x0 /Applications/STM32CubeIDE.app/Contents/Eclipse/plugins/com.st.stm32cube.ide.mcu.externaltools.gnu-tools-for-stm32.9-2020-q2-update.macos64_1.5.0.202011040924/tools/bin/../lib/gcc/arm-none-eabi/9.3.1/../../../../arm-none-eabi/lib/thumb/v7e-m+fp/hard/libc_nano.a(lib_a-memset.o)
 .text          0x0000000000000000       0xa0 /Applications/STM32CubeIDE.app/Contents/Eclipse/plugins/com.st.stm32cube.ide.mcu.externaltools.gnu-tools-for-stm32.9-2020-q2-update.macos64_1.5.0.202011040924/tools/bin/../lib/gcc/arm-none-eabi/9.3.1/thumb/v7e-m+fp/hard/libgcc.a(_aeabi_ldivmod.o)
 .data          0x0000000000000000        0x0 /Applications/STM32CubeIDE.app/Contents/Eclipse/plugins/com.st.stm32cube.ide.mcu.externaltools.gnu-tools-for-stm32.9-2020-q2-update.macos64_1.5.0.202011040924/tools/bin/../lib/gcc/arm-none-eabi/9.3.1/thumb/v7e-m+fp/hard/libgcc.a(_aeabi_ldivmod.o)
 .bss           0x0000000000000000        0x0 /Applications/STM32CubeIDE.app/Contents/Eclipse/plugins/com.st.stm32cube.ide.mcu.externaltools.gnu-tools-for-stm32.9-2020-q2-update.macos64_1.5.0.202011040924/tools/bin/../lib/gcc/arm-none-eabi/9.3.1/thumb/v7e-m+fp/hard/libgcc.a(_aeabi_ldivmod.o)
 .debug_frame   0x0000000000000000       0x44 /Applications/STM32CubeIDE.app/Contents/Eclipse/plugins/com.st.stm32cube.ide.mcu.externaltools.gnu-tools-for-stm32.9-2020-q2-update.macos64_1.5.0.202011040924/tools/bin/../lib/gcc/arm-none-eabi/9.3.1/thumb/v7e-m+fp/hard/libgcc.a(_aeabi_ldivmod.o)
 .ARM.attributes
                0x0000000000000000       0x1e /Applications/STM32CubeIDE.app/Contents/Eclipse/plugins/com.st.stm32cube.ide.mcu.externaltools.gnu-tools-for-stm32.9-2020-q2-update.macos64_1.5.0.202011040924/tools/bin/../lib/gcc/arm-none-eabi/9.3.1/thumb/v7e-m+fp/hard/libgcc.a(_aeabi_ldivmod.o)
 .data          0x0000000000000000        0x0 /Applications/STM32CubeIDE.app/Contents/Eclipse/plugins/com.st.stm32cube.ide.mcu.externaltools.gnu-tools-for-stm32.9-2020-q2-update.macos64_1.5.0.202011040924/tools/bin/../lib/gcc/arm-none-eabi/9.3.1/thumb/v7e-m+fp/hard/libgcc.a(_aeabi_uldivmod.o)
 .bss           0x0000000000000000        0x0 /Applications/STM32CubeIDE.app/Contents/Eclipse/plugins/com.st.stm32cube.ide.mcu.externaltools.gnu-tools-for-stm32.9-2020-q2-update.macos64_1.5.0.202011040924/tools/bin/../lib/gcc/arm-none-eabi/9.3.1/thumb/v7e-m+fp/hard/libgcc.a(_aeabi_uldivmod.o)
 .data          0x0000000000000000        0x0 /Applications/STM32CubeIDE.app/Contents/Eclipse/plugins/com.st.stm32cube.ide.mcu.externaltools.gnu-tools-for-stm32.9-2020-q2-update.macos64_1.5.0.202011040924/tools/bin/../lib/gcc/arm-none-eabi/9.3.1/thumb/v7e-m+fp/hard/libgcc.a(_udivmoddi4.o)
 .bss           0x0000000000000000        0x0 /Applications/STM32CubeIDE.app/Contents/Eclipse/plugins/com.st.stm32cube.ide.mcu.externaltools.gnu-tools-for-stm32.9-2020-q2-update.macos64_1.5.0.202011040924/tools/bin/../lib/gcc/arm-none-eabi/9.3.1/thumb/v7e-m+fp/hard/libgcc.a(_udivmoddi4.o)
 .ARM.extab     0x0000000000000000        0x0 /Applications/STM32CubeIDE.app/Contents/Eclipse/plugins/com.st.stm32cube.ide.mcu.externaltools.gnu-tools-for-stm32.9-2020-q2-update.macos64_1.5.0.202011040924/tools/bin/../lib/gcc/arm-none-eabi/9.3.1/thumb/v7e-m+fp/hard/libgcc.a(_udivmoddi4.o)
 .data          0x0000000000000000        0x0 /Applications/STM32CubeIDE.app/Contents/Eclipse/plugins/com.st.stm32cube.ide.mcu.externaltools.gnu-tools-for-stm32.9-2020-q2-update.macos64_1.5.0.202011040924/tools/bin/../lib/gcc/arm-none-eabi/9.3.1/thumb/v7e-m+fp/hard/libgcc.a(_dvmd_tls.o)
 .bss           0x0000000000000000        0x0 /Applications/STM32CubeIDE.app/Contents/Eclipse/plugins/com.st.stm32cube.ide.mcu.externaltools.gnu-tools-for-stm32.9-2020-q2-update.macos64_1.5.0.202011040924/tools/bin/../lib/gcc/arm-none-eabi/9.3.1/thumb/v7e-m+fp/hard/libgcc.a(_dvmd_tls.o)
 .text          0x0000000000000000        0x0 /Applications/STM32CubeIDE.app/Contents/Eclipse/plugins/com.st.stm32cube.ide.mcu.externaltools.gnu-tools-for-stm32.9-2020-q2-update.macos64_1.5.0.202011040924/tools/bin/../lib/gcc/arm-none-eabi/9.3.1/thumb/v7e-m+fp/hard/crtend.o
 .data          0x0000000000000000        0x0 /Applications/STM32CubeIDE.app/Contents/Eclipse/plugins/com.st.stm32cube.ide.mcu.externaltools.gnu-tools-for-stm32.9-2020-q2-update.macos64_1.5.0.202011040924/tools/bin/../lib/gcc/arm-none-eabi/9.3.1/thumb/v7e-m+fp/hard/crtend.o
 .bss           0x0000000000000000        0x0 /Applications/STM32CubeIDE.app/Contents/Eclipse/plugins/com.st.stm32cube.ide.mcu.externaltools.gnu-tools-for-stm32.9-2020-q2-update.macos64_1.5.0.202011040924/tools/bin/../lib/gcc/arm-none-eabi/9.3.1/thumb/v7e-m+fp/hard/crtend.o
 .eh_frame      0x0000000000000000        0x4 /Applications/STM32CubeIDE.app/Contents/Eclipse/plugins/com.st.stm32cube.ide.mcu.externaltools.gnu-tools-for-stm32.9-2020-q2-update.macos64_1.5.0.202011040924/tools/bin/../lib/gcc/arm-none-eabi/9.3.1/thumb/v7e-m+fp/hard/crtend.o
 .ARM.attributes
                0x0000000000000000       0x32 /Applications/STM32CubeIDE.app/Contents/Eclipse/plugins/com.st.stm32cube.ide.mcu.externaltools.gnu-tools-for-stm32.9-2020-q2-update.macos64_1.5.0.202011040924/tools/bin/../lib/gcc/arm-none-eabi/9.3.1/thumb/v7e-m+fp/hard/crtend.o
 .text          0x0000000000000000        0x0 /Applications/STM32CubeIDE.app/Contents/Eclipse/plugins/com.st.stm32cube.ide.mcu.externaltools.gnu-tools-for-stm32.9-2020-q2-update.macos64_1.5.0.202011040924/tools/bin/../lib/gcc/arm-none-eabi/9.3.1/thumb/v7e-m+fp/hard/crtn.o
 .data          0x0000000000000000        0x0 /Applications/STM32CubeIDE.app/Contents/Eclipse/plugins/com.st.stm32cube.ide.mcu.externaltools.gnu-tools-for-stm32.9-2020-q2-update.macos64_1.5.0.202011040924/tools/bin/../lib/gcc/arm-none-eabi/9.3.1/thumb/v7e-m+fp/hard/crtn.o
 .bss           0x0000000000000000        0x0 /Applications/STM32CubeIDE.app/Contents/Eclipse/plugins/com.st.stm32cube.ide.mcu.externaltools.gnu-tools-for-stm32.9-2020-q2-update.macos64_1.5.0.202011040924/tools/bin/../lib/gcc/arm-none-eabi/9.3.1/thumb/v7e-m+fp/hard/crtn.o

Memory Configuration

Name             Origin             Length             Attributes
CCMRAM           0x0000000010000000 0x0000000000010000 xrw
RAM              0x0000000020000000 0x0000000000020000 xrw
FLASH            0x0000000008000000 0x0000000000100000 xr
*default*        0x0000000000000000 0xffffffffffffffff

Linker script and memory map

LOAD /Applications/STM32CubeIDE.app/Contents/Eclipse/plugins/com.st.stm32cube.ide.mcu.externaltools.gnu-tools-for-stm32.9-2020-q2-update.macos64_1.5.0.202011040924/tools/bin/../lib/gcc/arm-none-eabi/9.3.1/thumb/v7e-m+fp/hard/crti.o
LOAD /Applications/STM32CubeIDE.app/Contents/Eclipse/plugins/com.st.stm32cube.ide.mcu.externaltools.gnu-tools-for-stm32.9-2020-q2-update.macos64_1.5.0.202011040924/tools/bin/../lib/gcc/arm-none-eabi/9.3.1/thumb/v7e-m+fp/hard/crtbegin.o
LOAD /Applications/STM32CubeIDE.app/Contents/Eclipse/plugins/com.st.stm32cube.ide.mcu.externaltools.gnu-tools-for-stm32.9-2020-q2-update.macos64_1.5.0.202011040924/tools/bin/../lib/gcc/arm-none-eabi/9.3.1/../../../../arm-none-eabi/lib/thumb/v7e-m+fp/hard/crt0.o
LOAD Core/Src/main.o
LOAD Core/Src/stm32f4xx_hal_msp.o
LOAD Core/Src/stm32f4xx_it.o
LOAD Core/Src/syscalls.o
LOAD Core/Src/sysmem.o
LOAD Core/Src/system_stm32f4xx.o
LOAD Core/Startup/startup_stm32f407zgtx.o
LOAD Drivers/STM32F4xx_HAL_Driver/Src/stm32f4xx_hal.o
LOAD Drivers/STM32F4xx_HAL_Driver/Src/stm32f4xx_hal_cortex.o
LOAD Drivers/STM32F4xx_HAL_Driver/Src/stm32f4xx_hal_dma.o
LOAD Drivers/STM32F4xx_HAL_Driver/Src/stm32f4xx_hal_dma_ex.o
LOAD Drivers/STM32F4xx_HAL_Driver/Src/stm32f4xx_hal_exti.o
LOAD Drivers/STM32F4xx_HAL_Driver/Src/stm32f4xx_hal_flash.o
LOAD Drivers/STM32F4xx_HAL_Driver/Src/stm32f4xx_hal_flash_ex.o
LOAD Drivers/STM32F4xx_HAL_Driver/Src/stm32f4xx_hal_flash_ramfunc.o
LOAD Drivers/STM32F4xx_HAL_Driver/Src/stm32f4xx_hal_gpio.o
LOAD Drivers/STM32F4xx_HAL_Driver/Src/stm32f4xx_hal_pwr.o
LOAD Drivers/STM32F4xx_HAL_Driver/Src/stm32f4xx_hal_pwr_ex.o
LOAD Drivers/STM32F4xx_HAL_Driver/Src/stm32f4xx_hal_rcc.o
LOAD Drivers/STM32F4xx_HAL_Driver/Src/stm32f4xx_hal_rcc_ex.o
LOAD Drivers/STM32F4xx_HAL_Driver/Src/stm32f4xx_hal_tim.o
LOAD Drivers/STM32F4xx_HAL_Driver/Src/stm32f4xx_hal_tim_ex.o
START GROUP
LOAD /Applications/STM32CubeIDE.app/Contents/Eclipse/plugins/com.st.stm32cube.ide.mcu.externaltools.gnu-tools-for-stm32.9-2020-q2-update.macos64_1.5.0.202011040924/tools/bin/../lib/gcc/arm-none-eabi/9.3.1/../../../../arm-none-eabi/lib/thumb/v7e-m+fp/hard/libstdc++_nano.a
LOAD /Applications/STM32CubeIDE.app/Contents/Eclipse/plugins/com.st.stm32cube.ide.mcu.externaltools.gnu-tools-for-stm32.9-2020-q2-update.macos64_1.5.0.202011040924/tools/bin/../lib/gcc/arm-none-eabi/9.3.1/../../../../arm-none-eabi/lib/thumb/v7e-m+fp/hard/libsupc++_nano.a
END GROUP
LOAD /Applications/STM32CubeIDE.app/Contents/Eclipse/plugins/com.st.stm32cube.ide.mcu.externaltools.gnu-tools-for-stm32.9-2020-q2-update.macos64_1.5.0.202011040924/tools/bin/../lib/gcc/arm-none-eabi/9.3.1/../../../../arm-none-eabi/lib/thumb/v7e-m+fp/hard/libstdc++_nano.a
LOAD /Applications/STM32CubeIDE.app/Contents/Eclipse/plugins/com.st.stm32cube.ide.mcu.externaltools.gnu-tools-for-stm32.9-2020-q2-update.macos64_1.5.0.202011040924/tools/bin/../lib/gcc/arm-none-eabi/9.3.1/../../../../arm-none-eabi/lib/thumb/v7e-m+fp/hard/libm.a
LOAD /Applications/STM32CubeIDE.app/Contents/Eclipse/plugins/com.st.stm32cube.ide.mcu.externaltools.gnu-tools-for-stm32.9-2020-q2-update.macos64_1.5.0.202011040924/tools/bin/../lib/gcc/arm-none-eabi/9.3.1/../../../../arm-none-eabi/lib/thumb/v7e-m+fp/hard/libc_nano.a
START GROUP
LOAD /Applications/STM32CubeIDE.app/Contents/Eclipse/plugins/com.st.stm32cube.ide.mcu.externaltools.gnu-tools-for-stm32.9-2020-q2-update.macos64_1.5.0.202011040924/tools/bin/../lib/gcc/arm-none-eabi/9.3.1/thumb/v7e-m+fp/hard/libgcc.a
LOAD /Applications/STM32CubeIDE.app/Contents/Eclipse/plugins/com.st.stm32cube.ide.mcu.externaltools.gnu-tools-for-stm32.9-2020-q2-update.macos64_1.5.0.202011040924/tools/bin/../lib/gcc/arm-none-eabi/9.3.1/../../../../arm-none-eabi/lib/thumb/v7e-m+fp/hard/libc_nano.a
END GROUP
START GROUP
LOAD /Applications/STM32CubeIDE.app/Contents/Eclipse/plugins/com.st.stm32cube.ide.mcu.externaltools.gnu-tools-for-stm32.9-2020-q2-update.macos64_1.5.0.202011040924/tools/bin/../lib/gcc/arm-none-eabi/9.3.1/thumb/v7e-m+fp/hard/libgcc.a
LOAD /Applications/STM32CubeIDE.app/Contents/Eclipse/plugins/com.st.stm32cube.ide.mcu.externaltools.gnu-tools-for-stm32.9-2020-q2-update.macos64_1.5.0.202011040924/tools/bin/../lib/gcc/arm-none-eabi/9.3.1/../../../../arm-none-eabi/lib/thumb/v7e-m+fp/hard/libc_nano.a
LOAD /Applications/STM32CubeIDE.app/Contents/Eclipse/plugins/com.st.stm32cube.ide.mcu.externaltools.gnu-tools-for-stm32.9-2020-q2-update.macos64_1.5.0.202011040924/tools/bin/../lib/gcc/arm-none-eabi/9.3.1/../../../../arm-none-eabi/lib/thumb/v7e-m+fp/hard/libnosys.a
END GROUP
START GROUP
LOAD /Applications/STM32CubeIDE.app/Contents/Eclipse/plugins/com.st.stm32cube.ide.mcu.externaltools.gnu-tools-for-stm32.9-2020-q2-update.macos64_1.5.0.202011040924/tools/bin/../lib/gcc/arm-none-eabi/9.3.1/thumb/v7e-m+fp/hard/libgcc.a
LOAD /Applications/STM32CubeIDE.app/Contents/Eclipse/plugins/com.st.stm32cube.ide.mcu.externaltools.gnu-tools-for-stm32.9-2020-q2-update.macos64_1.5.0.202011040924/tools/bin/../lib/gcc/arm-none-eabi/9.3.1/../../../../arm-none-eabi/lib/thumb/v7e-m+fp/hard/libc_nano.a
LOAD /Applications/STM32CubeIDE.app/Contents/Eclipse/plugins/com.st.stm32cube.ide.mcu.externaltools.gnu-tools-for-stm32.9-2020-q2-update.macos64_1.5.0.202011040924/tools/bin/../lib/gcc/arm-none-eabi/9.3.1/../../../../arm-none-eabi/lib/thumb/v7e-m+fp/hard/libnosys.a
END GROUP
LOAD /Applications/STM32CubeIDE.app/Contents/Eclipse/plugins/com.st.stm32cube.ide.mcu.externaltools.gnu-tools-for-stm32.9-2020-q2-update.macos64_1.5.0.202011040924/tools/bin/../lib/gcc/arm-none-eabi/9.3.1/thumb/v7e-m+fp/hard/crtend.o
LOAD /Applications/STM32CubeIDE.app/Contents/Eclipse/plugins/com.st.stm32cube.ide.mcu.externaltools.gnu-tools-for-stm32.9-2020-q2-update.macos64_1.5.0.202011040924/tools/bin/../lib/gcc/arm-none-eabi/9.3.1/thumb/v7e-m+fp/hard/crtn.o
                0x0000000020020000                _estack = (ORIGIN (RAM) + LENGTH (RAM))
                0x0000000000000200                _Min_Heap_Size = 0x200
                0x0000000000000400                _Min_Stack_Size = 0x400

.isr_vector     0x0000000008000000      0x188
                0x0000000008000000                . = ALIGN (0x4)
 *(.isr_vector)
 .isr_vector    0x0000000008000000      0x188 Core/Startup/startup_stm32f407zgtx.o
                0x0000000008000000                g_pfnVectors
                0x0000000008000188                . = ALIGN (0x4)

.text           0x0000000008000188      0xbb0
                0x0000000008000188                . = ALIGN (0x4)
 *(.text)
 .text          0x0000000008000188       0x40 /Applications/STM32CubeIDE.app/Contents/Eclipse/plugins/com.st.stm32cube.ide.mcu.externaltools.gnu-tools-for-stm32.9-2020-q2-update.macos64_1.5.0.202011040924/tools/bin/../lib/gcc/arm-none-eabi/9.3.1/thumb/v7e-m+fp/hard/crtbegin.o
 .text          0x00000000080001c8       0x30 /Applications/STM32CubeIDE.app/Contents/Eclipse/plugins/com.st.stm32cube.ide.mcu.externaltools.gnu-tools-for-stm32.9-2020-q2-update.macos64_1.5.0.202011040924/tools/bin/../lib/gcc/arm-none-eabi/9.3.1/thumb/v7e-m+fp/hard/libgcc.a(_aeabi_uldivmod.o)
                0x00000000080001c8                __aeabi_uldivmod
 .text          0x00000000080001f8      0x2c4 /Applications/STM32CubeIDE.app/Contents/Eclipse/plugins/com.st.stm32cube.ide.mcu.externaltools.gnu-tools-for-stm32.9-2020-q2-update.macos64_1.5.0.202011040924/tools/bin/../lib/gcc/arm-none-eabi/9.3.1/thumb/v7e-m+fp/hard/libgcc.a(_udivmoddi4.o)
                0x00000000080001f8                __udivmoddi4
 .text          0x00000000080004bc        0x4 /Applications/STM32CubeIDE.app/Contents/Eclipse/plugins/com.st.stm32cube.ide.mcu.externaltools.gnu-tools-for-stm32.9-2020-q2-update.macos64_1.5.0.202011040924/tools/bin/../lib/gcc/arm-none-eabi/9.3.1/thumb/v7e-m+fp/hard/libgcc.a(_dvmd_tls.o)
                0x00000000080004bc                __aeabi_ldiv0
                0x00000000080004bc                __aeabi_idiv0
 *(.text*)
 .text.SystemClock_Config
                0x00000000080004c0       0x9c Core/Src/main.o
                0x00000000080004c0                SystemClock_Config
 .text.startup.main
                0x000000000800055c       0x50 Core/Src/main.o
                0x000000000800055c                main
 .text.HAL_MspInit
                0x00000000080005ac       0x38 Core/Src/stm32f4xx_hal_msp.o
                0x00000000080005ac                HAL_MspInit
 .text.NMI_Handler
                0x00000000080005e4        0x2 Core/Src/stm32f4xx_it.o
                0x00000000080005e4                NMI_Handler
 .text.HardFault_Handler
                0x00000000080005e6        0x2 Core/Src/stm32f4xx_it.o
                0x00000000080005e6                HardFault_Handler
 .text.MemManage_Handler
                0x00000000080005e8        0x2 Core/Src/stm32f4xx_it.o
                0x00000000080005e8                MemManage_Handler
 .text.BusFault_Handler
                0x00000000080005ea        0x2 Core/Src/stm32f4xx_it.o
                0x00000000080005ea                BusFault_Handler
 .text.UsageFault_Handler
                0x00000000080005ec        0x2 Core/Src/stm32f4xx_it.o
                0x00000000080005ec                UsageFault_Handler
 .text.SVC_Handler
                0x00000000080005ee        0x2 Core/Src/stm32f4xx_it.o
                0x00000000080005ee                SVC_Handler
 .text.DebugMon_Handler
                0x00000000080005f0        0x2 Core/Src/stm32f4xx_it.o
                0x00000000080005f0                DebugMon_Handler
 .text.PendSV_Handler
                0x00000000080005f2        0x2 Core/Src/stm32f4xx_it.o
                0x00000000080005f2                PendSV_Handler
 .text.SysTick_Handler
                0x00000000080005f4        0x4 Core/Src/stm32f4xx_it.o
                0x00000000080005f4                SysTick_Handler
 .text.SystemInit
                0x00000000080005f8       0x14 Core/Src/system_stm32f4xx.o
                0x00000000080005f8                SystemInit
 .text.Reset_Handler
                0x000000000800060c       0x50 Core/Startup/startup_stm32f407zgtx.o
                0x000000000800060c                Reset_Handler
 .text.Default_Handler
                0x000000000800065c        0x2 Core/Startup/startup_stm32f407zgtx.o
                0x000000000800065c                DMA1_Stream3_IRQHandler
                0x000000000800065c                HASH_RNG_IRQHandler
                0x000000000800065c                EXTI2_IRQHandler
                0x000000000800065c                TIM8_CC_IRQHandler
                0x000000000800065c                TIM1_CC_IRQHandler
                0x000000000800065c                DMA2_Stream5_IRQHandler
                0x000000000800065c                DMA1_Stream5_IRQHandler
                0x000000000800065c                PVD_IRQHandler
                0x000000000800065c                SDIO_IRQHandler
                0x000000000800065c                TAMP_STAMP_IRQHandler
                0x000000000800065c                CAN2_RX1_IRQHandler
                0x000000000800065c                EXTI3_IRQHandler
                0x000000000800065c                TIM8_TRG_COM_TIM14_IRQHandler
                0x000000000800065c                TIM1_UP_TIM10_IRQHandler
                0x000000000800065c                TIM8_UP_TIM13_IRQHandler
                0x000000000800065c                I2C3_ER_IRQHandler
                0x000000000800065c                EXTI0_IRQHandler
                0x000000000800065c                I2C2_EV_IRQHandler
                0x000000000800065c                DMA1_Stream2_IRQHandler
                0x000000000800065c                CAN1_RX0_IRQHandler
                0x000000000800065c                FPU_IRQHandler
                0x000000000800065c                OTG_HS_WKUP_IRQHandler
                0x000000000800065c                CAN2_SCE_IRQHandler
                0x000000000800065c                DMA2_Stream2_IRQHandler
                0x000000000800065c                SPI1_IRQHandler
                0x000000000800065c                TIM6_DAC_IRQHandler
                0x000000000800065c                TIM1_BRK_TIM9_IRQHandler
                0x000000000800065c                DCMI_IRQHandler
                0x000000000800065c                CAN2_RX0_IRQHandler
                0x000000000800065c                DMA2_Stream3_IRQHandler
                0x000000000800065c                USART6_IRQHandler
                0x000000000800065c                USART3_IRQHandler
                0x000000000800065c                CAN1_RX1_IRQHandler
                0x000000000800065c                UART5_IRQHandler
                0x000000000800065c                DMA2_Stream0_IRQHandler
                0x000000000800065c                TIM4_IRQHandler
                0x000000000800065c                I2C1_EV_IRQHandler
                0x000000000800065c                DMA1_Stream6_IRQHandler
                0x000000000800065c                DMA1_Stream1_IRQHandler
                0x000000000800065c                UART4_IRQHandler
                0x000000000800065c                TIM3_IRQHandler
                0x000000000800065c                RCC_IRQHandler
                0x000000000800065c                TIM8_BRK_TIM12_IRQHandler
                0x000000000800065c                Default_Handler
                0x000000000800065c                EXTI15_10_IRQHandler
                0x000000000800065c                ADC_IRQHandler
                0x000000000800065c                DMA1_Stream7_IRQHandler
                0x000000000800065c                TIM7_IRQHandler
                0x000000000800065c                CAN2_TX_IRQHandler
                0x000000000800065c                TIM5_IRQHandler
                0x000000000800065c                DMA2_Stream7_IRQHandler
                0x000000000800065c                I2C3_EV_IRQHandler
                0x000000000800065c                EXTI9_5_IRQHandler
                0x000000000800065c                RTC_WKUP_IRQHandler
                0x000000000800065c                ETH_WKUP_IRQHandler
                0x000000000800065c                SPI2_IRQHandler
                0x000000000800065c                OTG_HS_EP1_IN_IRQHandler
                0x000000000800065c                DMA1_Stream0_IRQHandler
                0x000000000800065c                CAN1_TX_IRQHandler
                0x000000000800065c                EXTI4_IRQHandler
                0x000000000800065c                FSMC_IRQHandler
                0x000000000800065c                ETH_IRQHandler
                0x000000000800065c                OTG_HS_EP1_OUT_IRQHandler
                0x000000000800065c                WWDG_IRQHandler
                0x000000000800065c                TIM2_IRQHandler
                0x000000000800065c                OTG_FS_WKUP_IRQHandler
                0x000000000800065c                TIM1_TRG_COM_TIM11_IRQHandler
                0x000000000800065c                OTG_HS_IRQHandler
                0x000000000800065c                EXTI1_IRQHandler
                0x000000000800065c                USART2_IRQHandler
                0x000000000800065c                I2C2_ER_IRQHandler
                0x000000000800065c                DMA2_Stream1_IRQHandler
                0x000000000800065c                CAN1_SCE_IRQHandler
                0x000000000800065c                FLASH_IRQHandler
                0x000000000800065c                DMA2_Stream4_IRQHandler
                0x000000000800065c                USART1_IRQHandler
                0x000000000800065c                OTG_FS_IRQHandler
                0x000000000800065c                SPI3_IRQHandler
                0x000000000800065c                DMA1_Stream4_IRQHandler
                0x000000000800065c                I2C1_ER_IRQHandler
                0x000000000800065c                DMA2_Stream6_IRQHandler
                0x000000000800065c                RTC_Alarm_IRQHandler
 *fill*         0x000000000800065e        0x2 
 .text.HAL_InitTick
                0x0000000008000660       0x48 Drivers/STM32F4xx_HAL_Driver/Src/stm32f4xx_hal.o
                0x0000000008000660                HAL_InitTick
 .text.HAL_Init
                0x00000000080006a8       0x34 Drivers/STM32F4xx_HAL_Driver/Src/stm32f4xx_hal.o
                0x00000000080006a8                HAL_Init
 .text.HAL_IncTick
                0x00000000080006dc       0x18 Drivers/STM32F4xx_HAL_Driver/Src/stm32f4xx_hal.o
                0x00000000080006dc                HAL_IncTick
 .text.HAL_GetTick
                0x00000000080006f4        0xc Drivers/STM32F4xx_HAL_Driver/Src/stm32f4xx_hal.o
                0x00000000080006f4                HAL_GetTick
 .text.HAL_Delay
                0x0000000008000700       0x28 Drivers/STM32F4xx_HAL_Driver/Src/stm32f4xx_hal.o
                0x0000000008000700                HAL_Delay
 .text.HAL_NVIC_SetPriorityGrouping
                0x0000000008000728       0x24 Drivers/STM32F4xx_HAL_Driver/Src/stm32f4xx_hal_cortex.o
                0x0000000008000728                HAL_NVIC_SetPriorityGrouping
 .text.HAL_NVIC_SetPriority
                0x000000000800074c       0x64 Drivers/STM32F4xx_HAL_Driver/Src/stm32f4xx_hal_cortex.o
                0x000000000800074c                HAL_NVIC_SetPriority
 .text.HAL_SYSTICK_Config
                0x00000000080007b0       0x2c Drivers/STM32F4xx_HAL_Driver/Src/stm32f4xx_hal_cortex.o
                0x00000000080007b0                HAL_SYSTICK_Config
 .text.HAL_RCC_OscConfig
                0x00000000080007dc      0x358 Drivers/STM32F4xx_HAL_Driver/Src/stm32f4xx_hal_rcc.o
                0x00000000080007dc                HAL_RCC_OscConfig
 .text.HAL_RCC_GetSysClockFreq
                0x0000000008000b34       0x5c Drivers/STM32F4xx_HAL_Driver/Src/stm32f4xx_hal_rcc.o
                0x0000000008000b34                HAL_RCC_GetSysClockFreq
 .text.HAL_RCC_ClockConfig
                0x0000000008000b90      0x138 Drivers/STM32F4xx_HAL_Driver/Src/stm32f4xx_hal_rcc.o
                0x0000000008000b90                HAL_RCC_ClockConfig
 .text.__libc_init_array
                0x0000000008000cc8       0x48 /Applications/STM32CubeIDE.app/Contents/Eclipse/plugins/com.st.stm32cube.ide.mcu.externaltools.gnu-tools-for-stm32.9-2020-q2-update.macos64_1.5.0.202011040924/tools/bin/../lib/gcc/arm-none-eabi/9.3.1/../../../../arm-none-eabi/lib/thumb/v7e-m+fp/hard/libc_nano.a(lib_a-init.o)
                0x0000000008000cc8                __libc_init_array
 .text.memset   0x0000000008000d10       0x10 /Applications/STM32CubeIDE.app/Contents/Eclipse/plugins/com.st.stm32cube.ide.mcu.externaltools.gnu-tools-for-stm32.9-2020-q2-update.macos64_1.5.0.202011040924/tools/bin/../lib/gcc/arm-none-eabi/9.3.1/../../../../arm-none-eabi/lib/thumb/v7e-m+fp/hard/libc_nano.a(lib_a-memset.o)
                0x0000000008000d10                memset
 *(.glue_7)
 .glue_7        0x0000000008000d20        0x0 linker stubs
 *(.glue_7t)
 .glue_7t       0x0000000008000d20        0x0 linker stubs
 *(.eh_frame)
 .eh_frame      0x0000000008000d20        0x0 /Applications/STM32CubeIDE.app/Contents/Eclipse/plugins/com.st.stm32cube.ide.mcu.externaltools.gnu-tools-for-stm32.9-2020-q2-update.macos64_1.5.0.202011040924/tools/bin/../lib/gcc/arm-none-eabi/9.3.1/thumb/v7e-m+fp/hard/crtbegin.o
 *(.init)
 .init          0x0000000008000d20        0x4 /Applications/STM32CubeIDE.app/Contents/Eclipse/plugins/com.st.stm32cube.ide.mcu.externaltools.gnu-tools-for-stm32.9-2020-q2-update.macos64_1.5.0.202011040924/tools/bin/../lib/gcc/arm-none-eabi/9.3.1/thumb/v7e-m+fp/hard/crti.o
                0x0000000008000d20                _init
 .init          0x0000000008000d24        0x8 /Applications/STM32CubeIDE.app/Contents/Eclipse/plugins/com.st.stm32cube.ide.mcu.externaltools.gnu-tools-for-stm32.9-2020-q2-update.macos64_1.5.0.202011040924/tools/bin/../lib/gcc/arm-none-eabi/9.3.1/thumb/v7e-m+fp/hard/crtn.o
 *(.fini)
 .fini          0x0000000008000d2c        0x4 /Applications/STM32CubeIDE.app/Contents/Eclipse/plugins/com.st.stm32cube.ide.mcu.externaltools.gnu-tools-for-stm32.9-2020-q2-update.macos64_1.5.0.202011040924/tools/bin/../lib/gcc/arm-none-eabi/9.3.1/thumb/v7e-m+fp/hard/crti.o
                0x0000000008000d2c                _fini
 .fini          0x0000000008000d30        0x8 /Applications/STM32CubeIDE.app/Contents/Eclipse/plugins/com.st.stm32cube.ide.mcu.externaltools.gnu-tools-for-stm32.9-2020-q2-update.macos64_1.5.0.202011040924/tools/bin/../lib/gcc/arm-none-eabi/9.3.1/thumb/v7e-m+fp/hard/crtn.o
                0x0000000008000d38                . = ALIGN (0x4)
                0x0000000008000d38                _etext = .

.vfp11_veneer   0x0000000008000d38        0x0
 .vfp11_veneer  0x0000000008000d38        0x0 linker stubs

.v4_bx          0x0000000008000d38        0x0
 .v4_bx         0x0000000008000d38        0x0 linker stubs

.iplt           0x0000000008000d38        0x0
 .iplt          0x0000000008000d38        0x0 /Applications/STM32CubeIDE.app/Contents/Eclipse/plugins/com.st.stm32cube.ide.mcu.externaltools.gnu-tools-for-stm32.9-2020-q2-update.macos64_1.5.0.202011040924/tools/bin/../lib/gcc/arm-none-eabi/9.3.1/thumb/v7e-m+fp/hard/crtbegin.o

.rodata         0x0000000008000d38       0x10
                0x0000000008000d38                . = ALIGN (0x4)
 *(.rodata)
 *(.rodata*)
 .rodata.AHBPrescTable
                0x0000000008000d38       0x10 Core/Src/system_stm32f4xx.o
                0x0000000008000d38                AHBPrescTable
                0x0000000008000d48                . = ALIGN (0x4)

.ARM.extab      0x0000000008000d48        0x0
                0x0000000008000d48                . = ALIGN (0x4)
 *(.ARM.extab* .gnu.linkonce.armextab.*)
                0x0000000008000d48                . = ALIGN (0x4)

.ARM            0x0000000008000d48        0x8
                0x0000000008000d48                . = ALIGN (0x4)
                0x0000000008000d48                __exidx_start = .
 *(.ARM.exidx*)
 .ARM.exidx     0x0000000008000d48        0x8 /Applications/STM32CubeIDE.app/Contents/Eclipse/plugins/com.st.stm32cube.ide.mcu.externaltools.gnu-tools-for-stm32.9-2020-q2-update.macos64_1.5.0.202011040924/tools/bin/../lib/gcc/arm-none-eabi/9.3.1/thumb/v7e-m+fp/hard/libgcc.a(_udivmoddi4.o)
                0x0000000008000d50                __exidx_end = .
                0x0000000008000d50                . = ALIGN (0x4)

.rel.dyn        0x0000000008000d50        0x0
 .rel.iplt      0x0000000008000d50        0x0 /Applications/STM32CubeIDE.app/Contents/Eclipse/plugins/com.st.stm32cube.ide.mcu.externaltools.gnu-tools-for-stm32.9-2020-q2-update.macos64_1.5.0.202011040924/tools/bin/../lib/gcc/arm-none-eabi/9.3.1/thumb/v7e-m+fp/hard/crtbegin.o

.preinit_array  0x0000000008000d50        0x0
                0x0000000008000d50                . = ALIGN (0x4)
                0x0000000008000d50                PROVIDE (__preinit_array_start = .)
 *(.preinit_array*)
                0x0000000008000d50                PROVIDE (__preinit_array_end = .)
                0x0000000008000d50                . = ALIGN (0x4)

.init_array     0x0000000008000d50        0x4
                0x0000000008000d50                . = ALIGN (0x4)
                0x0000000008000d50                PROVIDE (__init_array_start = .)
 *(SORT_BY_NAME(.init_array.*))
 *(.init_array*)
 .init_array    0x0000000008000d50        0x4 /Applications/STM32CubeIDE.app/Contents/Eclipse/plugins/com.st.stm32cube.ide.mcu.externaltools.gnu-tools-for-stm32.9-2020-q2-update.macos64_1.5.0.202011040924/tools/bin/../lib/gcc/arm-none-eabi/9.3.1/thumb/v7e-m+fp/hard/crtbegin.o
                0x0000000008000d54                PROVIDE (__init_array_end = .)
                0x0000000008000d54                . = ALIGN (0x4)

.fini_array     0x0000000008000d54        0x4
                0x0000000008000d54                . = ALIGN (0x4)
                [!provide]                        PROVIDE (__fini_array_start = .)
 *(SORT_BY_NAME(.fini_array.*))
 *(.fini_array*)
 .fini_array    0x0000000008000d54        0x4 /Applications/STM32CubeIDE.app/Contents/Eclipse/plugins/com.st.stm32cube.ide.mcu.externaltools.gnu-tools-for-stm32.9-2020-q2-update.macos64_1.5.0.202011040924/tools/bin/../lib/gcc/arm-none-eabi/9.3.1/thumb/v7e-m+fp/hard/crtbegin.o
                [!provide]                        PROVIDE (__fini_array_end = .)
                0x0000000008000d58                . = ALIGN (0x4)
                0x0000000008000d58                _sidata = LOADADDR (.data)

.data           0x0000000020000000        0xc load address 0x0000000008000d58
                0x0000000020000000                . = ALIGN (0x4)
                0x0000000020000000                _sdata = .
 *(.data)
 *(.data*)
 .data.SystemCoreClock
                0x0000000020000000        0x4 Core/Src/system_stm32f4xx.o
                0x0000000020000000                SystemCoreClock
 .data.uwTickFreq
                0x0000000020000004        0x1 Drivers/STM32F4xx_HAL_Driver/Src/stm32f4xx_hal.o
                0x0000000020000004                uwTickFreq
 *fill*         0x0000000020000005        0x3 
 .data.uwTickPrio
                0x0000000020000008        0x4 Drivers/STM32F4xx_HAL_Driver/Src/stm32f4xx_hal.o
                0x0000000020000008                uwTickPrio
 *(.RamFunc)
 *(.RamFunc*)
                0x000000002000000c                . = ALIGN (0x4)
                0x000000002000000c                _edata = .

.igot.plt       0x000000002000000c        0x0 load address 0x0000000008000d64
 .igot.plt      0x000000002000000c        0x0 /Applications/STM32CubeIDE.app/Contents/Eclipse/plugins/com.st.stm32cube.ide.mcu.externaltools.gnu-tools-for-stm32.9-2020-q2-update.macos64_1.5.0.202011040924/tools/bin/../lib/gcc/arm-none-eabi/9.3.1/thumb/v7e-m+fp/hard/crtbegin.o
                0x000000002000000c                . = ALIGN (0x4)

.bss            0x000000002000000c       0x20 load address 0x0000000008000d64
                0x000000002000000c                _sbss = .
                0x000000002000000c                __bss_start__ = _sbss
 *(.bss)
 .bss           0x000000002000000c       0x1c /Applications/STM32CubeIDE.app/Contents/Eclipse/plugins/com.st.stm32cube.ide.mcu.externaltools.gnu-tools-for-stm32.9-2020-q2-update.macos64_1.5.0.202011040924/tools/bin/../lib/gcc/arm-none-eabi/9.3.1/thumb/v7e-m+fp/hard/crtbegin.o
 *(.bss*)
 *(COMMON)
 COMMON         0x0000000020000028        0x4 Drivers/STM32F4xx_HAL_Driver/Src/stm32f4xx_hal.o
                0x0000000020000028                uwTick
                0x000000002000002c                . = ALIGN (0x4)
                0x000000002000002c                _ebss = .
                0x000000002000002c                __bss_end__ = _ebss

._user_heap_stack
                0x000000002000002c      0x604 load address 0x0000000008000d64
                0x0000000020000030                . = ALIGN (0x8)
 *fill*         0x000000002000002c        0x4 
                [!provide]                        PROVIDE (end = .)
                0x0000000020000030                PROVIDE (_end = .)
                0x0000000020000230                . = (. + _Min_Heap_Size)
 *fill*         0x0000000020000030      0x200 
                0x0000000020000630                . = (. + _Min_Stack_Size)
 *fill*         0x0000000020000230      0x400 
                0x0000000020000630                . = ALIGN (0x8)

/DISCARD/
 libc.a(*)
 libm.a(*)
 libgcc.a(*)

.ARM.attributes
                0x0000000000000000       0x30
 *(.ARM.attributes)
 .ARM.attributes
                0x0000000000000000       0x1e /Applications/STM32CubeIDE.app/Contents/Eclipse/plugins/com.st.stm32cube.ide.mcu.externaltools.gnu-tools-for-stm32.9-2020-q2-update.macos64_1.5.0.202011040924/tools/bin/../lib/gcc/arm-none-eabi/9.3.1/thumb/v7e-m+fp/hard/crti.o
 .ARM.attributes
                0x000000000000001e       0x34 /Applications/STM32CubeIDE.app/Contents/Eclipse/plugins/com.st.stm32cube.ide.mcu.externaltools.gnu-tools-for-stm32.9-2020-q2-update.macos64_1.5.0.202011040924/tools/bin/../lib/gcc/arm-none-eabi/9.3.1/thumb/v7e-m+fp/hard/crtbegin.o
 .ARM.attributes
                0x0000000000000052       0x34 Core/Src/main.o
 .ARM.attributes
                0x0000000000000086       0x34 Core/Src/stm32f4xx_hal_msp.o
 .ARM.attributes
                0x00000000000000ba       0x34 Core/Src/stm32f4xx_it.o
 .ARM.attributes
                0x00000000000000ee       0x34 Core/Src/system_stm32f4xx.o
 .ARM.attributes
                0x0000000000000122       0x21 Core/Startup/startup_stm32f407zgtx.o
 .ARM.attributes
                0x0000000000000143       0x34 Drivers/STM32F4xx_HAL_Driver/Src/stm32f4xx_hal.o
 .ARM.attributes
                0x0000000000000177       0x34 Drivers/STM32F4xx_HAL_Driver/Src/stm32f4xx_hal_cortex.o
 .ARM.attributes
                0x00000000000001ab       0x34 Drivers/STM32F4xx_HAL_Driver/Src/stm32f4xx_hal_rcc.o
 .ARM.attributes
                0x00000000000001df       0x34 /Applications/STM32CubeIDE.app/Contents/Eclipse/plugins/com.st.stm32cube.ide.mcu.externaltools.gnu-tools-for-stm32.9-2020-q2-update.macos64_1.5.0.202011040924/tools/bin/../lib/gcc/arm-none-eabi/9.3.1/../../../../arm-none-eabi/lib/thumb/v7e-m+fp/hard/libc_nano.a(lib_a-init.o)
 .ARM.attributes
                0x0000000000000213       0x34 /Applications/STM32CubeIDE.app/Contents/Eclipse/plugins/com.st.stm32cube.ide.mcu.externaltools.gnu-tools-for-stm32.9-2020-q2-update.macos64_1.5.0.202011040924/tools/bin/../lib/gcc/arm-none-eabi/9.3.1/../../../../arm-none-eabi/lib/thumb/v7e-m+fp/hard/libc_nano.a(lib_a-memset.o)
 .ARM.attributes
                0x0000000000000247       0x1e /Applications/STM32CubeIDE.app/Contents/Eclipse/plugins/com.st.stm32cube.ide.mcu.externaltools.gnu-tools-for-stm32.9-2020-q2-update.macos64_1.5.0.202011040924/tools/bin/../lib/gcc/arm-none-eabi/9.3.1/thumb/v7e-m+fp/hard/libgcc.a(_aeabi_uldivmod.o)
 .ARM.attributes
                0x0000000000000265       0x34 /Applications/STM32CubeIDE.app/Contents/Eclipse/plugins/com.st.stm32cube.ide.mcu.externaltools.gnu-tools-for-stm32.9-2020-q2-update.macos64_1.5.0.202011040924/tools/bin/../lib/gcc/arm-none-eabi/9.3.1/thumb/v7e-m+fp/hard/libgcc.a(_udivmoddi4.o)
 .ARM.attributes
                0x0000000000000299       0x1e /Applications/STM32CubeIDE.app/Contents/Eclipse/plugins/com.st.stm32cube.ide.mcu.externaltools.gnu-tools-for-stm32.9-2020-q2-update.macos64_1.5.0.202011040924/tools/bin/../lib/gcc/arm-none-eabi/9.3.1/thumb/v7e-m+fp/hard/libgcc.a(_dvmd_tls.o)
 .ARM.attributes
                0x00000000000002b7       0x1e /Applications/STM32CubeIDE.app/Contents/Eclipse/plugins/com.st.stm32cube.ide.mcu.externaltools.gnu-tools-for-stm32.9-2020-q2-update.macos64_1.5.0.202011040924/tools/bin/../lib/gcc/arm-none-eabi/9.3.1/thumb/v7e-m+fp/hard/crtn.o
OUTPUT(STM32F407ZGT7.elf elf32-littlearm)
LOAD linker stubs
LOAD /Applications/STM32CubeIDE.app/Contents/Eclipse/plugins/com.st.stm32cube.ide.mcu.externaltools.gnu-tools-for-stm32.9-2020-q2-update.macos64_1.5.0.202011040924/tools/bin/../lib/gcc/arm-none-eabi/9.3.1/../../../../arm-none-eabi/lib/thumb/v7e-m+fp/hard/libc.a
LOAD /Applications/STM32CubeIDE.app/Contents/Eclipse/plugins/com.st.stm32cube.ide.mcu.externaltools.gnu-tools-for-stm32.9-2020-q2-update.macos64_1.5.0.202011040924/tools/bin/../lib/gcc/arm-none-eabi/9.3.1/../../../../arm-none-eabi/lib/thumb/v7e-m+fp/hard/libm.a
LOAD /Applications/STM32CubeIDE.app/Contents/Eclipse/plugins/com.st.stm32cube.ide.mcu.externaltools.gnu-tools-for-stm32.9-2020-q2-update.macos64_1.5.0.202011040924/tools/bin/../lib/gcc/arm-none-eabi/9.3.1/thumb/v7e-m+fp/hard/libgcc.a

.comment        0x0000000000000000       0x53
 .comment       0x0000000000000000       0x53 Core/Src/main.o
                                         0x54 (size before relaxing)
 .comment       0x0000000000000053       0x54 Core/Src/stm32f4xx_hal_msp.o
 .comment       0x0000000000000053       0x54 Core/Src/stm32f4xx_it.o
 .comment       0x0000000000000053       0x54 Core/Src/system_stm32f4xx.o
 .comment       0x0000000000000053       0x54 Drivers/STM32F4xx_HAL_Driver/Src/stm32f4xx_hal.o
 .comment       0x0000000000000053       0x54 Drivers/STM32F4xx_HAL_Driver/Src/stm32f4xx_hal_cortex.o
 .comment       0x0000000000000053       0x54 Drivers/STM32F4xx_HAL_Driver/Src/stm32f4xx_hal_rcc.o

.debug_frame    0x0000000000000000       0xac
 .debug_frame   0x0000000000000000       0x2c /Applications/STM32CubeIDE.app/Contents/Eclipse/plugins/com.st.stm32cube.ide.mcu.externaltools.gnu-tools-for-stm32.9-2020-q2-update.macos64_1.5.0.202011040924/tools/bin/../lib/gcc/arm-none-eabi/9.3.1/../../../../arm-none-eabi/lib/thumb/v7e-m+fp/hard/libc_nano.a(lib_a-init.o)
 .debug_frame   0x000000000000002c       0x20 /Applications/STM32CubeIDE.app/Contents/Eclipse/plugins/com.st.stm32cube.ide.mcu.externaltools.gnu-tools-for-stm32.9-2020-q2-update.macos64_1.5.0.202011040924/tools/bin/../lib/gcc/arm-none-eabi/9.3.1/../../../../arm-none-eabi/lib/thumb/v7e-m+fp/hard/libc_nano.a(lib_a-memset.o)
 .debug_frame   0x000000000000004c       0x2c /Applications/STM32CubeIDE.app/Contents/Eclipse/plugins/com.st.stm32cube.ide.mcu.externaltools.gnu-tools-for-stm32.9-2020-q2-update.macos64_1.5.0.202011040924/tools/bin/../lib/gcc/arm-none-eabi/9.3.1/thumb/v7e-m+fp/hard/libgcc.a(_aeabi_uldivmod.o)
 .debug_frame   0x0000000000000078       0x34 /Applications/STM32CubeIDE.app/Contents/Eclipse/plugins/com.st.stm32cube.ide.mcu.externaltools.gnu-tools-for-stm32.9-2020-q2-update.macos64_1.5.0.202011040924/tools/bin/../lib/gcc/arm-none-eabi/9.3.1/thumb/v7e-m+fp/hard/libgcc.a(_udivmoddi4.o)
