Archive member included to satisfy reference by file (symbol)

/Applications/STM32CubeIDE.app/Contents/Eclipse/plugins/com.st.stm32cube.ide.mcu.externaltools.gnu-tools-for-stm32.9-2020-q2-update.macos64_2.0.0.202105311346/tools/bin/../lib/gcc/arm-none-eabi/9.3.1/../../../../arm-none-eabi/lib/thumb/v7e-m+fp/hard/libc_nano.a(lib_a-errno.o)
                              ./Core/Src/syscalls.o (__errno)
/Applications/STM32CubeIDE.app/Contents/Eclipse/plugins/com.st.stm32cube.ide.mcu.externaltools.gnu-tools-for-stm32.9-2020-q2-update.macos64_2.0.0.202105311346/tools/bin/../lib/gcc/arm-none-eabi/9.3.1/../../../../arm-none-eabi/lib/thumb/v7e-m+fp/hard/libc_nano.a(lib_a-exit.o)
                              /Applications/STM32CubeIDE.app/Contents/Eclipse/plugins/com.st.stm32cube.ide.mcu.externaltools.gnu-tools-for-stm32.9-2020-q2-update.macos64_2.0.0.202105311346/tools/bin/../lib/gcc/arm-none-eabi/9.3.1/../../../../arm-none-eabi/lib/thumb/v7e-m+fp/hard/crt0.o (exit)
/Applications/STM32CubeIDE.app/Contents/Eclipse/plugins/com.st.stm32cube.ide.mcu.externaltools.gnu-tools-for-stm32.9-2020-q2-update.macos64_2.0.0.202105311346/tools/bin/../lib/gcc/arm-none-eabi/9.3.1/../../../../arm-none-eabi/lib/thumb/v7e-m+fp/hard/libc_nano.a(lib_a-impure.o)
                              /Applications/STM32CubeIDE.app/Contents/Eclipse/plugins/com.st.stm32cube.ide.mcu.externaltools.gnu-tools-for-stm32.9-2020-q2-update.macos64_2.0.0.202105311346/tools/bin/../lib/gcc/arm-none-eabi/9.3.1/../../../../arm-none-eabi/lib/thumb/v7e-m+fp/hard/libc_nano.a(lib_a-exit.o) (_global_impure_ptr)
/Applications/STM32CubeIDE.app/Contents/Eclipse/plugins/com.st.stm32cube.ide.mcu.externaltools.gnu-tools-for-stm32.9-2020-q2-update.macos64_2.0.0.202105311346/tools/bin/../lib/gcc/arm-none-eabi/9.3.1/../../../../arm-none-eabi/lib/thumb/v7e-m+fp/hard/libc_nano.a(lib_a-init.o)
                              /Applications/STM32CubeIDE.app/Contents/Eclipse/plugins/com.st.stm32cube.ide.mcu.externaltools.gnu-tools-for-stm32.9-2020-q2-update.macos64_2.0.0.202105311346/tools/bin/../lib/gcc/arm-none-eabi/9.3.1/../../../../arm-none-eabi/lib/thumb/v7e-m+fp/hard/crt0.o (__libc_init_array)
/Applications/STM32CubeIDE.app/Contents/Eclipse/plugins/com.st.stm32cube.ide.mcu.externaltools.gnu-tools-for-stm32.9-2020-q2-update.macos64_2.0.0.202105311346/tools/bin/../lib/gcc/arm-none-eabi/9.3.1/../../../../arm-none-eabi/lib/thumb/v7e-m+fp/hard/libc_nano.a(lib_a-memcpy-stub.o)
                              ./Core/Src/Driver/lsm6ds3.o (memcpy)
/Applications/STM32CubeIDE.app/Contents/Eclipse/plugins/com.st.stm32cube.ide.mcu.externaltools.gnu-tools-for-stm32.9-2020-q2-update.macos64_2.0.0.202105311346/tools/bin/../lib/gcc/arm-none-eabi/9.3.1/../../../../arm-none-eabi/lib/thumb/v7e-m+fp/hard/libc_nano.a(lib_a-memset.o)
                              /Applications/STM32CubeIDE.app/Contents/Eclipse/plugins/com.st.stm32cube.ide.mcu.externaltools.gnu-tools-for-stm32.9-2020-q2-update.macos64_2.0.0.202105311346/tools/bin/../lib/gcc/arm-none-eabi/9.3.1/../../../../arm-none-eabi/lib/thumb/v7e-m+fp/hard/crt0.o (memset)
/Applications/STM32CubeIDE.app/Contents/Eclipse/plugins/com.st.stm32cube.ide.mcu.externaltools.gnu-tools-for-stm32.9-2020-q2-update.macos64_2.0.0.202105311346/tools/bin/../lib/gcc/arm-none-eabi/9.3.1/thumb/v7e-m+fp/hard/libgcc.a(_aeabi_uldivmod.o)
                              ./Drivers/STM32F4xx_HAL_Driver/Src/stm32f4xx_hal_rcc.o (__aeabi_uldivmod)
/Applications/STM32CubeIDE.app/Contents/Eclipse/plugins/com.st.stm32cube.ide.mcu.externaltools.gnu-tools-for-stm32.9-2020-q2-update.macos64_2.0.0.202105311346/tools/bin/../lib/gcc/arm-none-eabi/9.3.1/thumb/v7e-m+fp/hard/libgcc.a(_udivmoddi4.o)
                              /Applications/STM32CubeIDE.app/Contents/Eclipse/plugins/com.st.stm32cube.ide.mcu.externaltools.gnu-tools-for-stm32.9-2020-q2-update.macos64_2.0.0.202105311346/tools/bin/../lib/gcc/arm-none-eabi/9.3.1/thumb/v7e-m+fp/hard/libgcc.a(_aeabi_uldivmod.o) (__udivmoddi4)
/Applications/STM32CubeIDE.app/Contents/Eclipse/plugins/com.st.stm32cube.ide.mcu.externaltools.gnu-tools-for-stm32.9-2020-q2-update.macos64_2.0.0.202105311346/tools/bin/../lib/gcc/arm-none-eabi/9.3.1/thumb/v7e-m+fp/hard/libgcc.a(_dvmd_tls.o)
                              /Applications/STM32CubeIDE.app/Contents/Eclipse/plugins/com.st.stm32cube.ide.mcu.externaltools.gnu-tools-for-stm32.9-2020-q2-update.macos64_2.0.0.202105311346/tools/bin/../lib/gcc/arm-none-eabi/9.3.1/thumb/v7e-m+fp/hard/libgcc.a(_aeabi_uldivmod.o) (__aeabi_ldiv0)

Allocating common symbols
Common symbol       size              file

hUsbDeviceFS        0x2d0             ./USB_DEVICE/App/usb_device.o
htim4               0x48              ./Core/Src/main.o
hpcd_USB_OTG_FS     0x408             ./USB_DEVICE/Target/usbd_conf.o
uwTick              0x4               ./Drivers/STM32F4xx_HAL_Driver/Src/stm32f4xx_hal.o
pFlash              0x20              ./Drivers/STM32F4xx_HAL_Driver/Src/stm32f4xx_hal_flash.o
[...]
Memory Configuration

Name             Origin             Length             Attributes
CCMRAM           0x0000000010000000 0x0000000000010000 xrw
RAM              0x0000000020000000 0x0000000000020000 xrw
FLASH            0x0000000008000000 0x0000000000100000 xr
*default*        0x0000000000000000 0xffffffffffffffff

Linker script and memory map

LOAD /Applications/STM32CubeIDE.app/Contents/Eclipse/plugins/com.st.stm32cube.ide.mcu.externaltools.gnu-tools-for-stm32.9-2020-q2-update.macos64_2.0.0.202105311346/tools/bin/../lib/gcc/arm-none-eabi/9.3.1/thumb/v7e-m+fp/hard/crti.o
LOAD /Applications/STM32CubeIDE.app/Contents/Eclipse/plugins/com.st.stm32cube.ide.mcu.externaltools.gnu-tools-for-stm32.9-2020-q2-update.macos64_2.0.0.202105311346/tools/bin/../lib/gcc/arm-none-eabi/9.3.1/thumb/v7e-m+fp/hard/crtbegin.o
LOAD /Applications/STM32CubeIDE.app/Contents/Eclipse/plugins/com.st.stm32cube.ide.mcu.externaltools.gnu-tools-for-stm32.9-2020-q2-update.macos64_2.0.0.202105311346/tools/bin/../lib/gcc/arm-none-eabi/9.3.1/../../../../arm-none-eabi/lib/thumb/v7e-m+fp/hard/crt0.o
LOAD ./Core/Src/Driver/lsm6ds3.o
LOAD ./Core/Src/main.o
LOAD ./Core/Src/stm32f4xx_hal_msp.o
LOAD ./Core/Src/stm32f4xx_it.o
LOAD ./Core/Src/syscalls.o
LOAD ./Core/Src/sysmem.o
LOAD ./Core/Src/system_stm32f4xx.o
LOAD ./Core/Startup/startup_stm32f407zgtx.o
LOAD ./Drivers/STM32F4xx_HAL_Driver/Src/stm32f4xx_hal.o
LOAD ./Drivers/STM32F4xx_HAL_Driver/Src/stm32f4xx_hal_cortex.o
LOAD ./Drivers/STM32F4xx_HAL_Driver/Src/stm32f4xx_hal_dma.o
LOAD ./Drivers/STM32F4xx_HAL_Driver/Src/stm32f4xx_hal_dma_ex.o
LOAD ./Drivers/STM32F4xx_HAL_Driver/Src/stm32f4xx_hal_exti.o
LOAD ./Drivers/STM32F4xx_HAL_Driver/Src/stm32f4xx_hal_flash.o
LOAD ./Drivers/STM32F4xx_HAL_Driver/Src/stm32f4xx_hal_flash_ex.o
LOAD ./Drivers/STM32F4xx_HAL_Driver/Src/stm32f4xx_hal_flash_ramfunc.o
LOAD ./Drivers/STM32F4xx_HAL_Driver/Src/stm32f4xx_hal_gpio.o
LOAD ./Drivers/STM32F4xx_HAL_Driver/Src/stm32f4xx_hal_pcd.o
LOAD ./Drivers/STM32F4xx_HAL_Driver/Src/stm32f4xx_hal_pcd_ex.o
LOAD ./Drivers/STM32F4xx_HAL_Driver/Src/stm32f4xx_hal_pwr.o
LOAD ./Drivers/STM32F4xx_HAL_Driver/Src/stm32f4xx_hal_pwr_ex.o
LOAD ./Drivers/STM32F4xx_HAL_Driver/Src/stm32f4xx_hal_rcc.o
LOAD ./Drivers/STM32F4xx_HAL_Driver/Src/stm32f4xx_hal_rcc_ex.o
LOAD ./Drivers/STM32F4xx_HAL_Driver/Src/stm32f4xx_hal_spi.o
LOAD ./Drivers/STM32F4xx_HAL_Driver/Src/stm32f4xx_hal_tim.o
LOAD ./Drivers/STM32F4xx_HAL_Driver/Src/stm32f4xx_hal_tim_ex.o
LOAD ./Drivers/STM32F4xx_HAL_Driver/Src/stm32f4xx_hal_uart.o
LOAD ./Drivers/STM32F4xx_HAL_Driver/Src/stm32f4xx_ll_usb.o
LOAD ./Middlewares/ST/STM32_USB_Device_Library/Class/CDC/Src/usbd_cdc.o
LOAD ./Middlewares/ST/STM32_USB_Device_Library/Core/Src/usbd_core.o
LOAD ./Middlewares/ST/STM32_USB_Device_Library/Core/Src/usbd_ctlreq.o
LOAD ./Middlewares/ST/STM32_USB_Device_Library/Core/Src/usbd_ioreq.o
LOAD ./USB_DEVICE/App/usb_device.o
LOAD ./USB_DEVICE/App/usbd_cdc_if.o
LOAD ./USB_DEVICE/App/usbd_desc.o
LOAD ./USB_DEVICE/Target/usbd_conf.o
START GROUP
LOAD /Applications/STM32CubeIDE.app/Contents/Eclipse/plugins/com.st.stm32cube.ide.mcu.externaltools.gnu-tools-for-stm32.9-2020-q2-update.macos64_2.0.0.202105311346/tools/bin/../lib/gcc/arm-none-eabi/9.3.1/../../../../arm-none-eabi/lib/thumb/v7e-m+fp/hard/libstdc++_nano.a
LOAD /Applications/STM32CubeIDE.app/Contents/Eclipse/plugins/com.st.stm32cube.ide.mcu.externaltools.gnu-tools-for-stm32.9-2020-q2-update.macos64_2.0.0.202105311346/tools/bin/../lib/gcc/arm-none-eabi/9.3.1/../../../../arm-none-eabi/lib/thumb/v7e-m+fp/hard/libsupc++_nano.a
END GROUP
LOAD /Applications/STM32CubeIDE.app/Contents/Eclipse/plugins/com.st.stm32cube.ide.mcu.externaltools.gnu-tools-for-stm32.9-2020-q2-update.macos64_2.0.0.202105311346/tools/bin/../lib/gcc/arm-none-eabi/9.3.1/../../../../arm-none-eabi/lib/thumb/v7e-m+fp/hard/libstdc++_nano.a
LOAD /Applications/STM32CubeIDE.app/Contents/Eclipse/plugins/com.st.stm32cube.ide.mcu.externaltools.gnu-tools-for-stm32.9-2020-q2-update.macos64_2.0.0.202105311346/tools/bin/../lib/gcc/arm-none-eabi/9.3.1/../../../../arm-none-eabi/lib/thumb/v7e-m+fp/hard/libm.a
LOAD /Applications/STM32CubeIDE.app/Contents/Eclipse/plugins/com.st.stm32cube.ide.mcu.externaltools.gnu-tools-for-stm32.9-2020-q2-update.macos64_2.0.0.202105311346/tools/bin/../lib/gcc/arm-none-eabi/9.3.1/../../../../arm-none-eabi/lib/thumb/v7e-m+fp/hard/libc_nano.a
START GROUP
LOAD /Applications/STM32CubeIDE.app/Contents/Eclipse/plugins/com.st.stm32cube.ide.mcu.externaltools.gnu-tools-for-stm32.9-2020-q2-update.macos64_2.0.0.202105311346/tools/bin/../lib/gcc/arm-none-eabi/9.3.1/thumb/v7e-m+fp/hard/libgcc.a
LOAD /Applications/STM32CubeIDE.app/Contents/Eclipse/plugins/com.st.stm32cube.ide.mcu.externaltools.gnu-tools-for-stm32.9-2020-q2-update.macos64_2.0.0.202105311346/tools/bin/../lib/gcc/arm-none-eabi/9.3.1/../../../../arm-none-eabi/lib/thumb/v7e-m+fp/hard/libc_nano.a
END GROUP
START GROUP
LOAD /Applications/STM32CubeIDE.app/Contents/Eclipse/plugins/com.st.stm32cube.ide.mcu.externaltools.gnu-tools-for-stm32.9-2020-q2-update.macos64_2.0.0.202105311346/tools/bin/../lib/gcc/arm-none-eabi/9.3.1/thumb/v7e-m+fp/hard/libgcc.a
LOAD /Applications/STM32CubeIDE.app/Contents/Eclipse/plugins/com.st.stm32cube.ide.mcu.externaltools.gnu-tools-for-stm32.9-2020-q2-update.macos64_2.0.0.202105311346/tools/bin/../lib/gcc/arm-none-eabi/9.3.1/../../../../arm-none-eabi/lib/thumb/v7e-m+fp/hard/libc_nano.a
LOAD /Applications/STM32CubeIDE.app/Contents/Eclipse/plugins/com.st.stm32cube.ide.mcu.externaltools.gnu-tools-for-stm32.9-2020-q2-update.macos64_2.0.0.202105311346/tools/bin/../lib/gcc/arm-none-eabi/9.3.1/../../../../arm-none-eabi/lib/thumb/v7e-m+fp/hard/libnosys.a
END GROUP
START GROUP
LOAD /Applications/STM32CubeIDE.app/Contents/Eclipse/plugins/com.st.stm32cube.ide.mcu.externaltools.gnu-tools-for-stm32.9-2020-q2-update.macos64_2.0.0.202105311346/tools/bin/../lib/gcc/arm-none-eabi/9.3.1/thumb/v7e-m+fp/hard/libgcc.a
LOAD /Applications/STM32CubeIDE.app/Contents/Eclipse/plugins/com.st.stm32cube.ide.mcu.externaltools.gnu-tools-for-stm32.9-2020-q2-update.macos64_2.0.0.202105311346/tools/bin/../lib/gcc/arm-none-eabi/9.3.1/../../../../arm-none-eabi/lib/thumb/v7e-m+fp/hard/libc_nano.a
LOAD /Applications/STM32CubeIDE.app/Contents/Eclipse/plugins/com.st.stm32cube.ide.mcu.externaltools.gnu-tools-for-stm32.9-2020-q2-update.macos64_2.0.0.202105311346/tools/bin/../lib/gcc/arm-none-eabi/9.3.1/../../../../arm-none-eabi/lib/thumb/v7e-m+fp/hard/libnosys.a
END GROUP
LOAD /Applications/STM32CubeIDE.app/Contents/Eclipse/plugins/com.st.stm32cube.ide.mcu.externaltools.gnu-tools-for-stm32.9-2020-q2-update.macos64_2.0.0.202105311346/tools/bin/../lib/gcc/arm-none-eabi/9.3.1/thumb/v7e-m+fp/hard/crtend.o
LOAD /Applications/STM32CubeIDE.app/Contents/Eclipse/plugins/com.st.stm32cube.ide.mcu.externaltools.gnu-tools-for-stm32.9-2020-q2-update.macos64_2.0.0.202105311346/tools/bin/../lib/gcc/arm-none-eabi/9.3.1/thumb/v7e-m+fp/hard/crtn.o
                0x0000000020020000                _estack = (ORIGIN (RAM) + LENGTH (RAM))
                0x0000000000000200                _Min_Heap_Size = 0x200
                0x0000000000000400                _Min_Stack_Size = 0x400

.isr_vector     0x0000000008000000      0x188
                0x0000000008000000                . = ALIGN (0x4)
 *(.isr_vector)
 .isr_vector    0x0000000008000000      0x188 ./Core/Startup/startup_stm32f407zgtx.o
                0x0000000008000000                g_pfnVectors
                0x0000000008000188                . = ALIGN (0x4)

.text           0x0000000008000188     0x7e6c
                0x0000000008000188                . = ALIGN (0x4)
 *(.text)
 .text          0x0000000008000188       0x40 /Applications/STM32CubeIDE.app/Contents/Eclipse/plugins/com.st.stm32cube.ide.mcu.externaltools.gnu-tools-for-stm32.9-2020-q2-update.macos64_2.0.0.202105311346/tools/bin/../lib/gcc/arm-none-eabi/9.3.1/thumb/v7e-m+fp/hard/crtbegin.o
 .text          0x00000000080001c8       0x30 /Applications/STM32CubeIDE.app/Contents/Eclipse/plugins/com.st.stm32cube.ide.mcu.externaltools.gnu-tools-for-stm32.9-2020-q2-update.macos64_2.0.0.202105311346/tools/bin/../lib/gcc/arm-none-eabi/9.3.1/thumb/v7e-m+fp/hard/libgcc.a(_aeabi_uldivmod.o)
                0x00000000080001c8                __aeabi_uldivmod
 .text          0x00000000080001f8      0x2c4 /Applications/STM32CubeIDE.app/Contents/Eclipse/plugins/com.st.stm32cube.ide.mcu.externaltools.gnu-tools-for-stm32.9-2020-q2-update.macos64_2.0.0.202105311346/tools/bin/../lib/gcc/arm-none-eabi/9.3.1/thumb/v7e-m+fp/hard/libgcc.a(_udivmoddi4.o)
                0x00000000080001f8                __udivmoddi4
 .text          0x00000000080004bc        0x4 /Applications/STM32CubeIDE.app/Contents/Eclipse/plugins/com.st.stm32cube.ide.mcu.externaltools.gnu-tools-for-stm32.9-2020-q2-update.macos64_2.0.0.202105311346/tools/bin/../lib/gcc/arm-none-eabi/9.3.1/thumb/v7e-m+fp/hard/libgcc.a(_dvmd_tls.o)
                0x00000000080004bc                __aeabi_ldiv0
                0x00000000080004bc                __aeabi_idiv0
 *(.text*)
 .text.LSM6DS3_Init
                0x00000000080004c0      0x16c ./Core/Src/Driver/lsm6ds3.o
                0x00000000080004c0                LSM6DS3_Init
 .text.LSM6DS3_AccReadXYZ
                0x000000000800062c      0x198 ./Core/Src/Driver/lsm6ds3.o
                0x000000000800062c                LSM6DS3_AccReadXYZ
 .text.LSM6DS3_GyroReadXYZ
                0x00000000080007c4      0x198 ./Core/Src/Driver/lsm6ds3.o
                0x00000000080007c4                LSM6DS3_GyroReadXYZ
 .text.main     0x000000000800095c      0x118 ./Core/Src/main.o
                0x000000000800095c                main
 .text.SystemClock_Config
                0x0000000008000a74       0xd4 ./Core/Src/main.o
                0x0000000008000a74                SystemClock_Config
 .text.MX_SPI1_Init
                0x0000000008000b48       0x6c ./Core/Src/main.o
 .text.MX_TIM4_Init
                0x0000000008000bb4       0x9c ./Core/Src/main.o
 .text.MX_USART1_UART_Init
                0x0000000008000c50       0x54 ./Core/Src/main.o
 .text.MX_GPIO_Init
                0x0000000008000ca4      0x108 ./Core/Src/main.o
 .text.Error_Handler
                0x0000000008000dac        0x6 ./Core/Src/main.o
                0x0000000008000dac                Error_Handler
 *fill*         0x0000000008000db2        0x2 
 .text.HAL_MspInit
                0x0000000008000db4       0x50 ./Core/Src/stm32f4xx_hal_msp.o
                0x0000000008000db4                HAL_MspInit
 .text.HAL_SPI_MspInit
                0x0000000008000e04       0x90 ./Core/Src/stm32f4xx_hal_msp.o
                0x0000000008000e04                HAL_SPI_MspInit
 .text.HAL_TIM_Base_MspInit
                0x0000000008000e94       0x44 ./Core/Src/stm32f4xx_hal_msp.o
                0x0000000008000e94                HAL_TIM_Base_MspInit
 .text.HAL_UART_MspInit
                0x0000000008000ed8       0x90 ./Core/Src/stm32f4xx_hal_msp.o
                0x0000000008000ed8                HAL_UART_MspInit
 .text.NMI_Handler
                0x0000000008000f68        0x6 ./Core/Src/stm32f4xx_it.o
                0x0000000008000f68                NMI_Handler
 .text.HardFault_Handler
                0x0000000008000f6e        0x6 ./Core/Src/stm32f4xx_it.o
                0x0000000008000f6e                HardFault_Handler
 .text.MemManage_Handler
                0x0000000008000f74        0x6 ./Core/Src/stm32f4xx_it.o
                0x0000000008000f74                MemManage_Handler
 .text.BusFault_Handler
                0x0000000008000f7a        0x6 ./Core/Src/stm32f4xx_it.o
                0x0000000008000f7a                BusFault_Handler
 .text.UsageFault_Handler
                0x0000000008000f80        0x6 ./Core/Src/stm32f4xx_it.o
                0x0000000008000f80                UsageFault_Handler
 .text.SVC_Handler
                0x0000000008000f86        0xe ./Core/Src/stm32f4xx_it.o
                0x0000000008000f86                SVC_Handler
 .text.DebugMon_Handler
                0x0000000008000f94        0xe ./Core/Src/stm32f4xx_it.o
                0x0000000008000f94                DebugMon_Handler
 .text.PendSV_Handler
                0x0000000008000fa2        0xe ./Core/Src/stm32f4xx_it.o
                0x0000000008000fa2                PendSV_Handler
 .text.SysTick_Handler
                0x0000000008000fb0        0xc ./Core/Src/stm32f4xx_it.o
                0x0000000008000fb0                SysTick_Handler
 .text.OTG_FS_IRQHandler
                0x0000000008000fbc       0x14 ./Core/Src/stm32f4xx_it.o
                0x0000000008000fbc                OTG_FS_IRQHandler
 .text.SystemInit
                0x0000000008000fd0       0x2c ./Core/Src/system_stm32f4xx.o
                0x0000000008000fd0                SystemInit
 .text.Reset_Handler
                0x0000000008000ffc       0x50 ./Core/Startup/startup_stm32f407zgtx.o
                0x0000000008000ffc                Reset_Handler
 .text.Default_Handler
                0x000000000800104c        0x2 ./Core/Startup/startup_stm32f407zgtx.o
                0x000000000800104c                DMA1_Stream3_IRQHandler
                0x000000000800104c                HASH_RNG_IRQHandler
                0x000000000800104c                EXTI2_IRQHandler
                0x000000000800104c                TIM8_CC_IRQHandler
                0x000000000800104c                TIM1_CC_IRQHandler
                0x000000000800104c                DMA2_Stream5_IRQHandler
                0x000000000800104c                DMA1_Stream5_IRQHandler
                0x000000000800104c                PVD_IRQHandler
                0x000000000800104c                SDIO_IRQHandler
                0x000000000800104c                TAMP_STAMP_IRQHandler
                0x000000000800104c                CAN2_RX1_IRQHandler
                0x000000000800104c                EXTI3_IRQHandler
                0x000000000800104c                TIM8_TRG_COM_TIM14_IRQHandler
                0x000000000800104c                TIM1_UP_TIM10_IRQHandler
                0x000000000800104c                TIM8_UP_TIM13_IRQHandler
                0x000000000800104c                I2C3_ER_IRQHandler
                0x000000000800104c                EXTI0_IRQHandler
                0x000000000800104c                I2C2_EV_IRQHandler
                0x000000000800104c                DMA1_Stream2_IRQHandler
                0x000000000800104c                CAN1_RX0_IRQHandler
                0x000000000800104c                FPU_IRQHandler
                0x000000000800104c                OTG_HS_WKUP_IRQHandler
                0x000000000800104c                CAN2_SCE_IRQHandler
                0x000000000800104c                DMA2_Stream2_IRQHandler
                0x000000000800104c                SPI1_IRQHandler
                0x000000000800104c                TIM6_DAC_IRQHandler
                0x000000000800104c                TIM1_BRK_TIM9_IRQHandler
                0x000000000800104c                DCMI_IRQHandler
                0x000000000800104c                CAN2_RX0_IRQHandler
                0x000000000800104c                DMA2_Stream3_IRQHandler
                0x000000000800104c                USART6_IRQHandler
                0x000000000800104c                USART3_IRQHandler
                0x000000000800104c                CAN1_RX1_IRQHandler
                0x000000000800104c                UART5_IRQHandler
                0x000000000800104c                DMA2_Stream0_IRQHandler
                0x000000000800104c                TIM4_IRQHandler
                0x000000000800104c                I2C1_EV_IRQHandler
                0x000000000800104c                DMA1_Stream6_IRQHandler
                0x000000000800104c                DMA1_Stream1_IRQHandler
                0x000000000800104c                UART4_IRQHandler
                0x000000000800104c                TIM3_IRQHandler
                0x000000000800104c                RCC_IRQHandler
                0x000000000800104c                TIM8_BRK_TIM12_IRQHandler
                0x000000000800104c                Default_Handler
                0x000000000800104c                EXTI15_10_IRQHandler
                0x000000000800104c                ADC_IRQHandler
                0x000000000800104c                DMA1_Stream7_IRQHandler
                0x000000000800104c                TIM7_IRQHandler
                0x000000000800104c                CAN2_TX_IRQHandler
                0x000000000800104c                TIM5_IRQHandler
                0x000000000800104c                DMA2_Stream7_IRQHandler
                0x000000000800104c                I2C3_EV_IRQHandler
                0x000000000800104c                EXTI9_5_IRQHandler
                0x000000000800104c                RTC_WKUP_IRQHandler
                0x000000000800104c                ETH_WKUP_IRQHandler
                0x000000000800104c                SPI2_IRQHandler
                0x000000000800104c                OTG_HS_EP1_IN_IRQHandler
                0x000000000800104c                DMA1_Stream0_IRQHandler
                0x000000000800104c                CAN1_TX_IRQHandler
                0x000000000800104c                EXTI4_IRQHandler
                0x000000000800104c                FSMC_IRQHandler
                0x000000000800104c                ETH_IRQHandler
                0x000000000800104c                OTG_HS_EP1_OUT_IRQHandler
                0x000000000800104c                WWDG_IRQHandler
                0x000000000800104c                TIM2_IRQHandler
                0x000000000800104c                OTG_FS_WKUP_IRQHandler
                0x000000000800104c                TIM1_TRG_COM_TIM11_IRQHandler
                0x000000000800104c                OTG_HS_IRQHandler
                0x000000000800104c                EXTI1_IRQHandler
                0x000000000800104c                USART2_IRQHandler
                0x000000000800104c                I2C2_ER_IRQHandler
                0x000000000800104c                DMA2_Stream1_IRQHandler
                0x000000000800104c                CAN1_SCE_IRQHandler
                0x000000000800104c                FLASH_IRQHandler
                0x000000000800104c                DMA2_Stream4_IRQHandler
                0x000000000800104c                USART1_IRQHandler
                0x000000000800104c                SPI3_IRQHandler
                0x000000000800104c                DMA1_Stream4_IRQHandler
                0x000000000800104c                I2C1_ER_IRQHandler
                0x000000000800104c                DMA2_Stream6_IRQHandler
                0x000000000800104c                RTC_Alarm_IRQHandler
 *fill*         0x000000000800104e        0x2 
 .text.HAL_Init
                0x0000000008001050       0x44 ./Drivers/STM32F4xx_HAL_Driver/Src/stm32f4xx_hal.o
                0x0000000008001050                HAL_Init
 .text.HAL_InitTick
                0x0000000008001094       0x60 ./Drivers/STM32F4xx_HAL_Driver/Src/stm32f4xx_hal.o
                0x0000000008001094                HAL_InitTick
 .text.HAL_IncTick
                0x00000000080010f4       0x28 ./Drivers/STM32F4xx_HAL_Driver/Src/stm32f4xx_hal.o
                0x00000000080010f4                HAL_IncTick
 .text.HAL_GetTick
                0x000000000800111c       0x18 ./Drivers/STM32F4xx_HAL_Driver/Src/stm32f4xx_hal.o
                0x000000000800111c                HAL_GetTick
 .text.HAL_Delay
                0x0000000008001134       0x48 ./Drivers/STM32F4xx_HAL_Driver/Src/stm32f4xx_hal.o
                0x0000000008001134                HAL_Delay
 .text.__NVIC_SetPriorityGrouping
                0x000000000800117c       0x48 ./Drivers/STM32F4xx_HAL_Driver/Src/stm32f4xx_hal_cortex.o
 .text.__NVIC_GetPriorityGrouping
                0x00000000080011c4       0x1c ./Drivers/STM32F4xx_HAL_Driver/Src/stm32f4xx_hal_cortex.o
 .text.__NVIC_EnableIRQ
                0x00000000080011e0       0x3c ./Drivers/STM32F4xx_HAL_Driver/Src/stm32f4xx_hal_cortex.o
 .text.__NVIC_SetPriority
                0x000000000800121c       0x54 ./Drivers/STM32F4xx_HAL_Driver/Src/stm32f4xx_hal_cortex.o
 .text.NVIC_EncodePriority
                0x0000000008001270       0x66 ./Drivers/STM32F4xx_HAL_Driver/Src/stm32f4xx_hal_cortex.o
 *fill*         0x00000000080012d6        0x2 
 .text.SysTick_Config
                0x00000000080012d8       0x44 ./Drivers/STM32F4xx_HAL_Driver/Src/stm32f4xx_hal_cortex.o
 .text.HAL_NVIC_SetPriorityGrouping
                0x000000000800131c       0x16 ./Drivers/STM32F4xx_HAL_Driver/Src/stm32f4xx_hal_cortex.o
                0x000000000800131c                HAL_NVIC_SetPriorityGrouping
 .text.HAL_NVIC_SetPriority
                0x0000000008001332       0x38 ./Drivers/STM32F4xx_HAL_Driver/Src/stm32f4xx_hal_cortex.o
                0x0000000008001332                HAL_NVIC_SetPriority
 .text.HAL_NVIC_EnableIRQ
                0x000000000800136a       0x1c ./Drivers/STM32F4xx_HAL_Driver/Src/stm32f4xx_hal_cortex.o
                0x000000000800136a                HAL_NVIC_EnableIRQ
 .text.HAL_SYSTICK_Config
                0x0000000008001386       0x18 ./Drivers/STM32F4xx_HAL_Driver/Src/stm32f4xx_hal_cortex.o
                0x0000000008001386                HAL_SYSTICK_Config
 *fill*         0x000000000800139e        0x2 
 .text.HAL_GPIO_Init
                0x00000000080013a0      0x338 ./Drivers/STM32F4xx_HAL_Driver/Src/stm32f4xx_hal_gpio.o
                0x00000000080013a0                HAL_GPIO_Init
 .text.HAL_GPIO_WritePin
                0x00000000080016d8       0x32 ./Drivers/STM32F4xx_HAL_Driver/Src/stm32f4xx_hal_gpio.o
                0x00000000080016d8                HAL_GPIO_WritePin
 .text.HAL_PCD_Init
                0x000000000800170a      0x23a ./Drivers/STM32F4xx_HAL_Driver/Src/stm32f4xx_hal_pcd.o
                0x000000000800170a                HAL_PCD_Init
 .text.HAL_PCD_Start
                0x0000000008001944       0x66 ./Drivers/STM32F4xx_HAL_Driver/Src/stm32f4xx_hal_pcd.o
                0x0000000008001944                HAL_PCD_Start
 .text.HAL_PCD_IRQHandler
                0x00000000080019aa      0x764 ./Drivers/STM32F4xx_HAL_Driver/Src/stm32f4xx_hal_pcd.o
                0x00000000080019aa                HAL_PCD_IRQHandler
 .text.HAL_PCD_SetAddress
                0x000000000800210e       0x4a ./Drivers/STM32F4xx_HAL_Driver/Src/stm32f4xx_hal_pcd.o
                0x000000000800210e                HAL_PCD_SetAddress
 .text.HAL_PCD_EP_Open
                0x0000000008002158       0xd0 ./Drivers/STM32F4xx_HAL_Driver/Src/stm32f4xx_hal_pcd.o
                0x0000000008002158                HAL_PCD_EP_Open
 .text.HAL_PCD_EP_Close
                0x0000000008002228       0x94 ./Drivers/STM32F4xx_HAL_Driver/Src/stm32f4xx_hal_pcd.o
                0x0000000008002228                HAL_PCD_EP_Close
 .text.HAL_PCD_EP_Receive
                0x00000000080022bc       0x96 ./Drivers/STM32F4xx_HAL_Driver/Src/stm32f4xx_hal_pcd.o
                0x00000000080022bc                HAL_PCD_EP_Receive
 .text.HAL_PCD_EP_GetRxCount
                0x0000000008002352       0x30 ./Drivers/STM32F4xx_HAL_Driver/Src/stm32f4xx_hal_pcd.o
                0x0000000008002352                HAL_PCD_EP_GetRxCount
 .text.HAL_PCD_EP_Transmit
                0x0000000008002382       0x94 ./Drivers/STM32F4xx_HAL_Driver/Src/stm32f4xx_hal_pcd.o
                0x0000000008002382                HAL_PCD_EP_Transmit
 .text.HAL_PCD_EP_SetStall
                0x0000000008002416       0xc8 ./Drivers/STM32F4xx_HAL_Driver/Src/stm32f4xx_hal_pcd.o
                0x0000000008002416                HAL_PCD_EP_SetStall
 .text.HAL_PCD_EP_ClrStall
                0x00000000080024de       0xac ./Drivers/STM32F4xx_HAL_Driver/Src/stm32f4xx_hal_pcd.o
                0x00000000080024de                HAL_PCD_EP_ClrStall
 .text.PCD_WriteEmptyTxFifo
                0x000000000800258a      0x11a ./Drivers/STM32F4xx_HAL_Driver/Src/stm32f4xx_hal_pcd.o
 .text.PCD_EP_OutXfrComplete_int
                0x00000000080026a4      0x218 ./Drivers/STM32F4xx_HAL_Driver/Src/stm32f4xx_hal_pcd.o
 .text.PCD_EP_OutSetupPacket_int
                0x00000000080028bc       0x8c ./Drivers/STM32F4xx_HAL_Driver/Src/stm32f4xx_hal_pcd.o
 .text.HAL_PCDEx_SetTxFiFo
                0x0000000008002948       0x8e ./Drivers/STM32F4xx_HAL_Driver/Src/stm32f4xx_hal_pcd_ex.o
                0x0000000008002948                HAL_PCDEx_SetTxFiFo
 .text.HAL_PCDEx_SetRxFiFo
                0x00000000080029d6       0x22 ./Drivers/STM32F4xx_HAL_Driver/Src/stm32f4xx_hal_pcd_ex.o
                0x00000000080029d6                HAL_PCDEx_SetRxFiFo
 .text.HAL_PCDEx_LPM_Callback
                0x00000000080029f8       0x18 ./Drivers/STM32F4xx_HAL_Driver/Src/stm32f4xx_hal_pcd_ex.o
                0x00000000080029f8                HAL_PCDEx_LPM_Callback
 .text.HAL_RCC_OscConfig
                0x0000000008002a10      0x4f0 ./Drivers/STM32F4xx_HAL_Driver/Src/stm32f4xx_hal_rcc.o
                0x0000000008002a10                HAL_RCC_OscConfig
 .text.HAL_RCC_ClockConfig
                0x0000000008002f00      0x1cc ./Drivers/STM32F4xx_HAL_Driver/Src/stm32f4xx_hal_rcc.o
                0x0000000008002f00                HAL_RCC_ClockConfig
 .text.HAL_RCC_GetSysClockFreq
                0x00000000080030cc      0x1c4 ./Drivers/STM32F4xx_HAL_Driver/Src/stm32f4xx_hal_rcc.o
                0x00000000080030cc                HAL_RCC_GetSysClockFreq
 .text.HAL_RCC_GetHCLKFreq
                0x0000000008003290       0x18 ./Drivers/STM32F4xx_HAL_Driver/Src/stm32f4xx_hal_rcc.o
                0x0000000008003290                HAL_RCC_GetHCLKFreq
 .text.HAL_RCC_GetPCLK1Freq
                0x00000000080032a8       0x28 ./Drivers/STM32F4xx_HAL_Driver/Src/stm32f4xx_hal_rcc.o
                0x00000000080032a8                HAL_RCC_GetPCLK1Freq
 .text.HAL_RCC_GetPCLK2Freq
                0x00000000080032d0       0x28 ./Drivers/STM32F4xx_HAL_Driver/Src/stm32f4xx_hal_rcc.o
                0x00000000080032d0                HAL_RCC_GetPCLK2Freq
 .text.HAL_SPI_Init
                0x00000000080032f8      0x112 ./Drivers/STM32F4xx_HAL_Driver/Src/stm32f4xx_hal_spi.o
                0x00000000080032f8                HAL_SPI_Init
 .text.HAL_SPI_Transmit
                0x000000000800340a      0x278 ./Drivers/STM32F4xx_HAL_Driver/Src/stm32f4xx_hal_spi.o
                0x000000000800340a                HAL_SPI_Transmit
 .text.HAL_SPI_TransmitReceive
                0x0000000008003682      0x344 ./Drivers/STM32F4xx_HAL_Driver/Src/stm32f4xx_hal_spi.o
                0x0000000008003682                HAL_SPI_TransmitReceive
 *fill*         0x00000000080039c6        0x2 
 .text.SPI_WaitFlagStateUntilTimeout
                0x00000000080039c8      0x110 ./Drivers/STM32F4xx_HAL_Driver/Src/stm32f4xx_hal_spi.o
 .text.SPI_EndRxTxTransaction
                0x0000000008003ad8       0x84 ./Drivers/STM32F4xx_HAL_Driver/Src/stm32f4xx_hal_spi.o
 .text.HAL_TIM_Base_Init
                0x0000000008003b5c       0x9e ./Drivers/STM32F4xx_HAL_Driver/Src/stm32f4xx_hal_tim.o
                0x0000000008003b5c                HAL_TIM_Base_Init
 .text.HAL_TIM_ConfigClockSource
                0x0000000008003bfa      0x18e ./Drivers/STM32F4xx_HAL_Driver/Src/stm32f4xx_hal_tim.o
                0x0000000008003bfa                HAL_TIM_ConfigClockSource
 .text.TIM_Base_SetConfig
                0x0000000008003d88      0x140 ./Drivers/STM32F4xx_HAL_Driver/Src/stm32f4xx_hal_tim.o
                0x0000000008003d88                TIM_Base_SetConfig
 .text.TIM_TI1_ConfigInputStage
                0x0000000008003ec8       0x5e ./Drivers/STM32F4xx_HAL_Driver/Src/stm32f4xx_hal_tim.o
 .text.TIM_TI2_ConfigInputStage
                0x0000000008003f26       0x60 ./Drivers/STM32F4xx_HAL_Driver/Src/stm32f4xx_hal_tim.o
 .text.TIM_ITRx_SetConfig
                0x0000000008003f86       0x36 ./Drivers/STM32F4xx_HAL_Driver/Src/stm32f4xx_hal_tim.o
 .text.TIM_ETR_SetConfig
                0x0000000008003fbc       0x40 ./Drivers/STM32F4xx_HAL_Driver/Src/stm32f4xx_hal_tim.o
                0x0000000008003fbc                TIM_ETR_SetConfig
 .text.HAL_TIMEx_MasterConfigSynchronization
                0x0000000008003ffc       0xf8 ./Drivers/STM32F4xx_HAL_Driver/Src/stm32f4xx_hal_tim_ex.o
                0x0000000008003ffc                HAL_TIMEx_MasterConfigSynchronization
 .text.HAL_UART_Init
                0x00000000080040f4       0x9a ./Drivers/STM32F4xx_HAL_Driver/Src/stm32f4xx_hal_uart.o
                0x00000000080040f4                HAL_UART_Init
 *fill*         0x000000000800418e        0x2 
 .text.UART_SetConfig
                0x0000000008004190      0x390 ./Drivers/STM32F4xx_HAL_Driver/Src/stm32f4xx_hal_uart.o
 .text.USB_CoreInit
                0x0000000008004520       0xc2 ./Drivers/STM32F4xx_HAL_Driver/Src/stm32f4xx_ll_usb.o
                0x0000000008004520                USB_CoreInit
 *fill*         0x00000000080045e2        0x2 
 .text.USB_SetTurnaroundTime
                0x00000000080045e4      0x144 ./Drivers/STM32F4xx_HAL_Driver/Src/stm32f4xx_ll_usb.o
                0x00000000080045e4                USB_SetTurnaroundTime
 .text.USB_EnableGlobalInt
                0x0000000008004728       0x22 ./Drivers/STM32F4xx_HAL_Driver/Src/stm32f4xx_ll_usb.o
                0x0000000008004728                USB_EnableGlobalInt
 .text.USB_DisableGlobalInt
                0x000000000800474a       0x22 ./Drivers/STM32F4xx_HAL_Driver/Src/stm32f4xx_ll_usb.o
                0x000000000800474a                USB_DisableGlobalInt
 .text.USB_SetCurrentMode
                0x000000000800476c       0x98 ./Drivers/STM32F4xx_HAL_Driver/Src/stm32f4xx_ll_usb.o
                0x000000000800476c                USB_SetCurrentMode
 .text.USB_DevInit
                0x0000000008004804      0x2c8 ./Drivers/STM32F4xx_HAL_Driver/Src/stm32f4xx_ll_usb.o
                0x0000000008004804                USB_DevInit
 .text.USB_FlushTxFifo
                0x0000000008004acc       0x48 ./Drivers/STM32F4xx_HAL_Driver/Src/stm32f4xx_ll_usb.o
                0x0000000008004acc                USB_FlushTxFifo
 .text.USB_FlushRxFifo
                0x0000000008004b14       0x40 ./Drivers/STM32F4xx_HAL_Driver/Src/stm32f4xx_ll_usb.o
                0x0000000008004b14                USB_FlushRxFifo
 .text.USB_SetDevSpeed
                0x0000000008004b54       0x32 ./Drivers/STM32F4xx_HAL_Driver/Src/stm32f4xx_ll_usb.o
                0x0000000008004b54                USB_SetDevSpeed
 .text.USB_GetDevSpeed
                0x0000000008004b86       0x4a ./Drivers/STM32F4xx_HAL_Driver/Src/stm32f4xx_ll_usb.o
                0x0000000008004b86                USB_GetDevSpeed
 .text.USB_ActivateEndpoint
                0x0000000008004bd0      0x10e ./Drivers/STM32F4xx_HAL_Driver/Src/stm32f4xx_ll_usb.o
                0x0000000008004bd0                USB_ActivateEndpoint
 *fill*         0x0000000008004cde        0x2 
 .text.USB_DeactivateEndpoint
                0x0000000008004ce0      0x1b8 ./Drivers/STM32F4xx_HAL_Driver/Src/stm32f4xx_ll_usb.o
                0x0000000008004ce0                USB_DeactivateEndpoint
 .text.USB_EPStartXfer
                0x0000000008004e98      0x488 ./Drivers/STM32F4xx_HAL_Driver/Src/stm32f4xx_ll_usb.o
                0x0000000008004e98                USB_EPStartXfer
 .text.USB_EP0StartXfer
                0x0000000008005320      0x2a6 ./Drivers/STM32F4xx_HAL_Driver/Src/stm32f4xx_ll_usb.o
                0x0000000008005320                USB_EP0StartXfer
 .text.USB_WritePacket
                0x00000000080055c6       0x7c ./Drivers/STM32F4xx_HAL_Driver/Src/stm32f4xx_ll_usb.o
                0x00000000080055c6                USB_WritePacket
 .text.USB_ReadPacket
                0x0000000008005642       0xb0 ./Drivers/STM32F4xx_HAL_Driver/Src/stm32f4xx_ll_usb.o
                0x0000000008005642                USB_ReadPacket
 .text.USB_EPSetStall
                0x00000000080056f2       0xdc ./Drivers/STM32F4xx_HAL_Driver/Src/stm32f4xx_ll_usb.o
                0x00000000080056f2                USB_EPSetStall
 .text.USB_EPClearStall
                0x00000000080057ce       0xcc ./Drivers/STM32F4xx_HAL_Driver/Src/stm32f4xx_ll_usb.o
                0x00000000080057ce                USB_EPClearStall
 .text.USB_SetDevAddress
                0x000000000800589a       0x4c ./Drivers/STM32F4xx_HAL_Driver/Src/stm32f4xx_ll_usb.o
                0x000000000800589a                USB_SetDevAddress
 .text.USB_DevConnect
                0x00000000080058e6       0x42 ./Drivers/STM32F4xx_HAL_Driver/Src/stm32f4xx_ll_usb.o
                0x00000000080058e6                USB_DevConnect
 .text.USB_DevDisconnect
                0x0000000008005928       0x42 ./Drivers/STM32F4xx_HAL_Driver/Src/stm32f4xx_ll_usb.o
                0x0000000008005928                USB_DevDisconnect
 .text.USB_ReadInterrupts
                0x000000000800596a       0x26 ./Drivers/STM32F4xx_HAL_Driver/Src/stm32f4xx_ll_usb.o
                0x000000000800596a                USB_ReadInterrupts
 .text.USB_ReadDevAllOutEpInterrupt
                0x0000000008005990       0x34 ./Drivers/STM32F4xx_HAL_Driver/Src/stm32f4xx_ll_usb.o
                0x0000000008005990                USB_ReadDevAllOutEpInterrupt
 .text.USB_ReadDevAllInEpInterrupt
                0x00000000080059c4       0x34 ./Drivers/STM32F4xx_HAL_Driver/Src/stm32f4xx_ll_usb.o
                0x00000000080059c4                USB_ReadDevAllInEpInterrupt
 .text.USB_ReadDevOutEPInterrupt
                0x00000000080059f8       0x3c ./Drivers/STM32F4xx_HAL_Driver/Src/stm32f4xx_ll_usb.o
                0x00000000080059f8                USB_ReadDevOutEPInterrupt
 .text.USB_ReadDevInEPInterrupt
                0x0000000008005a34       0x5c ./Drivers/STM32F4xx_HAL_Driver/Src/stm32f4xx_ll_usb.o
                0x0000000008005a34                USB_ReadDevInEPInterrupt
 .text.USB_GetMode
                0x0000000008005a90       0x1c ./Drivers/STM32F4xx_HAL_Driver/Src/stm32f4xx_ll_usb.o
                0x0000000008005a90                USB_GetMode
 .text.USB_ActivateSetup
                0x0000000008005aac       0x46 ./Drivers/STM32F4xx_HAL_Driver/Src/stm32f4xx_ll_usb.o
                0x0000000008005aac                USB_ActivateSetup
 *fill*         0x0000000008005af2        0x2 
 .text.USB_EP0_OutStart
                0x0000000008005af4       0xbc ./Drivers/STM32F4xx_HAL_Driver/Src/stm32f4xx_ll_usb.o
                0x0000000008005af4                USB_EP0_OutStart
 .text.USB_CoreReset
                0x0000000008005bb0       0x64 ./Drivers/STM32F4xx_HAL_Driver/Src/stm32f4xx_ll_usb.o
 .text.USBD_CDC_Init
                0x0000000008005c14       0xfe ./Middlewares/ST/STM32_USB_Device_Library/Class/CDC/Src/usbd_cdc.o
 .text.USBD_CDC_DeInit
                0x0000000008005d12       0x74 ./Middlewares/ST/STM32_USB_Device_Library/Class/CDC/Src/usbd_cdc.o
 *fill*         0x0000000008005d86        0x2 
 .text.USBD_CDC_Setup
                0x0000000008005d88      0x190 ./Middlewares/ST/STM32_USB_Device_Library/Class/CDC/Src/usbd_cdc.o
 .text.USBD_CDC_DataIn
                0x0000000008005f18       0xca ./Middlewares/ST/STM32_USB_Device_Library/Class/CDC/Src/usbd_cdc.o
 .text.USBD_CDC_DataOut
                0x0000000008005fe2       0x56 ./Middlewares/ST/STM32_USB_Device_Library/Class/CDC/Src/usbd_cdc.o
 .text.USBD_CDC_EP0_RxReady
                0x0000000008006038       0x5a ./Middlewares/ST/STM32_USB_Device_Library/Class/CDC/Src/usbd_cdc.o
 *fill*         0x0000000008006092        0x2 
 .text.USBD_CDC_GetFSCfgDesc
                0x0000000008006094       0x20 ./Middlewares/ST/STM32_USB_Device_Library/Class/CDC/Src/usbd_cdc.o
 .text.USBD_CDC_GetHSCfgDesc
                0x00000000080060b4       0x20 ./Middlewares/ST/STM32_USB_Device_Library/Class/CDC/Src/usbd_cdc.o
 .text.USBD_CDC_GetOtherSpeedCfgDesc
                0x00000000080060d4       0x20 ./Middlewares/ST/STM32_USB_Device_Library/Class/CDC/Src/usbd_cdc.o
 .text.USBD_CDC_GetDeviceQualifierDescriptor
                0x00000000080060f4       0x20 ./Middlewares/ST/STM32_USB_Device_Library/Class/CDC/Src/usbd_cdc.o
                0x00000000080060f4                USBD_CDC_GetDeviceQualifierDescriptor
 .text.USBD_CDC_RegisterInterface
                0x0000000008006114       0x2a ./Middlewares/ST/STM32_USB_Device_Library/Class/CDC/Src/usbd_cdc.o
                0x0000000008006114                USBD_CDC_RegisterInterface
 .text.USBD_CDC_SetTxBuffer
                0x000000000800613e       0x3c ./Middlewares/ST/STM32_USB_Device_Library/Class/CDC/Src/usbd_cdc.o
                0x000000000800613e                USBD_CDC_SetTxBuffer
 .text.USBD_CDC_SetRxBuffer
                0x000000000800617a       0x32 ./Middlewares/ST/STM32_USB_Device_Library/Class/CDC/Src/usbd_cdc.o
                0x000000000800617a                USBD_CDC_SetRxBuffer
 .text.USBD_CDC_TransmitPacket
                0x00000000080061ac       0x60 ./Middlewares/ST/STM32_USB_Device_Library/Class/CDC/Src/usbd_cdc.o
                0x00000000080061ac                USBD_CDC_TransmitPacket
 .text.USBD_CDC_ReceivePacket
                0x000000000800620c       0x54 ./Middlewares/ST/STM32_USB_Device_Library/Class/CDC/Src/usbd_cdc.o
                0x000000000800620c                USBD_CDC_ReceivePacket
 .text.USBD_Init
                0x0000000008006260       0x60 ./Middlewares/ST/STM32_USB_Device_Library/Core/Src/usbd_core.o
                0x0000000008006260                USBD_Init
 .text.USBD_RegisterClass
                0x00000000080062c0       0x4e ./Middlewares/ST/STM32_USB_Device_Library/Core/Src/usbd_core.o
                0x00000000080062c0                USBD_RegisterClass
 .text.USBD_Start
                0x000000000800630e       0x18 ./Middlewares/ST/STM32_USB_Device_Library/Core/Src/usbd_core.o
                0x000000000800630e                USBD_Start
 .text.USBD_RunTestMode
                0x0000000008006326       0x16 ./Middlewares/ST/STM32_USB_Device_Library/Core/Src/usbd_core.o
                0x0000000008006326                USBD_RunTestMode
 .text.USBD_SetClassConfig
                0x000000000800633c       0x38 ./Middlewares/ST/STM32_USB_Device_Library/Core/Src/usbd_core.o
                0x000000000800633c                USBD_SetClassConfig
 .text.USBD_ClrClassConfig
                0x0000000008006374       0x30 ./Middlewares/ST/STM32_USB_Device_Library/Core/Src/usbd_core.o
                0x0000000008006374                USBD_ClrClassConfig
 .text.USBD_LL_SetupStage
                0x00000000080063a4       0xaa ./Middlewares/ST/STM32_USB_Device_Library/Core/Src/usbd_core.o
                0x00000000080063a4                USBD_LL_SetupStage
 .text.USBD_LL_DataOutStage
                0x000000000800644e       0xc6 ./Middlewares/ST/STM32_USB_Device_Library/Core/Src/usbd_core.o
                0x000000000800644e                USBD_LL_DataOutStage
 .text.USBD_LL_DataInStage
                0x0000000008006514      0x12c ./Middlewares/ST/STM32_USB_Device_Library/Core/Src/usbd_core.o
                0x0000000008006514                USBD_LL_DataInStage
 .text.USBD_LL_Reset
                0x0000000008006640       0x9c ./Middlewares/ST/STM32_USB_Device_Library/Core/Src/usbd_core.o
                0x0000000008006640                USBD_LL_Reset
 .text.USBD_LL_SetSpeed
                0x00000000080066dc       0x20 ./Middlewares/ST/STM32_USB_Device_Library/Core/Src/usbd_core.o
                0x00000000080066dc                USBD_LL_SetSpeed
 .text.USBD_LL_Suspend
                0x00000000080066fc       0x2c ./Middlewares/ST/STM32_USB_Device_Library/Core/Src/usbd_core.o
                0x00000000080066fc                USBD_LL_Suspend
 .text.USBD_LL_Resume
                0x0000000008006728       0x30 ./Middlewares/ST/STM32_USB_Device_Library/Core/Src/usbd_core.o
                0x0000000008006728                USBD_LL_Resume
 .text.USBD_LL_SOF
                0x0000000008006758       0x44 ./Middlewares/ST/STM32_USB_Device_Library/Core/Src/usbd_core.o
                0x0000000008006758                USBD_LL_SOF
 .text.USBD_LL_IsoINIncomplete
                0x000000000800679c       0x4c ./Middlewares/ST/STM32_USB_Device_Library/Core/Src/usbd_core.o
                0x000000000800679c                USBD_LL_IsoINIncomplete
 .text.USBD_LL_IsoOUTIncomplete
                0x00000000080067e8       0x4c ./Middlewares/ST/STM32_USB_Device_Library/Core/Src/usbd_core.o
                0x00000000080067e8                USBD_LL_IsoOUTIncomplete
 .text.USBD_LL_DevConnected
                0x0000000008006834       0x16 ./Middlewares/ST/STM32_USB_Device_Library/Core/Src/usbd_core.o
                0x0000000008006834                USBD_LL_DevConnected
 .text.USBD_LL_DevDisconnected
                0x000000000800684a       0x38 ./Middlewares/ST/STM32_USB_Device_Library/Core/Src/usbd_core.o
                0x000000000800684a                USBD_LL_DevDisconnected
 .text.SWAPBYTE
                0x0000000008006882       0x3c ./Middlewares/ST/STM32_USB_Device_Library/Core/Src/usbd_ctlreq.o
 *fill*         0x00000000080068be        0x2 
 .text.USBD_StdDevReq
                0x00000000080068c0       0xdc ./Middlewares/ST/STM32_USB_Device_Library/Core/Src/usbd_ctlreq.o
                0x00000000080068c0                USBD_StdDevReq
 .text.USBD_StdItfReq
                0x000000000800699c       0x92 ./Middlewares/ST/STM32_USB_Device_Library/Core/Src/usbd_ctlreq.o
                0x000000000800699c                USBD_StdItfReq
 .text.USBD_StdEPReq
                0x0000000008006a2e      0x2c4 ./Middlewares/ST/STM32_USB_Device_Library/Core/Src/usbd_ctlreq.o
                0x0000000008006a2e                USBD_StdEPReq
 *fill*         0x0000000008006cf2        0x2 
 .text.USBD_GetDescriptor
                0x0000000008006cf4      0x2d4 ./Middlewares/ST/STM32_USB_Device_Library/Core/Src/usbd_ctlreq.o
 .text.USBD_SetAddress
                0x0000000008006fc8       0x88 ./Middlewares/ST/STM32_USB_Device_Library/Core/Src/usbd_ctlreq.o
 .text.USBD_SetConfig
                0x0000000008007050      0x14c ./Middlewares/ST/STM32_USB_Device_Library/Core/Src/usbd_ctlreq.o
 .text.USBD_GetConfig
                0x000000000800719c       0x6c ./Middlewares/ST/STM32_USB_Device_Library/Core/Src/usbd_ctlreq.o
 .text.USBD_GetStatus
                0x0000000008007208       0x68 ./Middlewares/ST/STM32_USB_Device_Library/Core/Src/usbd_ctlreq.o
 .text.USBD_SetFeature
                0x0000000008007270       0x28 ./Middlewares/ST/STM32_USB_Device_Library/Core/Src/usbd_ctlreq.o
 .text.USBD_ClrFeature
                0x0000000008007298       0x44 ./Middlewares/ST/STM32_USB_Device_Library/Core/Src/usbd_ctlreq.o
 .text.USBD_ParseSetupRequest
                0x00000000080072dc       0x74 ./Middlewares/ST/STM32_USB_Device_Library/Core/Src/usbd_ctlreq.o
                0x00000000080072dc                USBD_ParseSetupRequest
 .text.USBD_CtlError
                0x0000000008007350       0x22 ./Middlewares/ST/STM32_USB_Device_Library/Core/Src/usbd_ctlreq.o
                0x0000000008007350                USBD_CtlError
 .text.USBD_GetString
                0x0000000008007372       0x8c ./Middlewares/ST/STM32_USB_Device_Library/Core/Src/usbd_ctlreq.o
                0x0000000008007372                USBD_GetString
 .text.USBD_GetLen
                0x00000000080073fe       0x34 ./Middlewares/ST/STM32_USB_Device_Library/Core/Src/usbd_ctlreq.o
 .text.USBD_CtlSendData
                0x0000000008007432       0x36 ./Middlewares/ST/STM32_USB_Device_Library/Core/Src/usbd_ioreq.o
                0x0000000008007432                USBD_CtlSendData
 .text.USBD_CtlContinueSendData
                0x0000000008007468       0x22 ./Middlewares/ST/STM32_USB_Device_Library/Core/Src/usbd_ioreq.o
                0x0000000008007468                USBD_CtlContinueSendData
 .text.USBD_CtlPrepareRx
                0x000000000800748a       0x3a ./Middlewares/ST/STM32_USB_Device_Library/Core/Src/usbd_ioreq.o
                0x000000000800748a                USBD_CtlPrepareRx
 .text.USBD_CtlContinueRx
                0x00000000080074c4       0x22 ./Middlewares/ST/STM32_USB_Device_Library/Core/Src/usbd_ioreq.o
                0x00000000080074c4                USBD_CtlContinueRx
 .text.USBD_CtlSendStatus
                0x00000000080074e6       0x26 ./Middlewares/ST/STM32_USB_Device_Library/Core/Src/usbd_ioreq.o
                0x00000000080074e6                USBD_CtlSendStatus
 .text.USBD_CtlReceiveStatus
                0x000000000800750c       0x26 ./Middlewares/ST/STM32_USB_Device_Library/Core/Src/usbd_ioreq.o
                0x000000000800750c                USBD_CtlReceiveStatus
 *fill*         0x0000000008007532        0x2 
 .text.MX_USB_DEVICE_Init
                0x0000000008007534       0x60 ./USB_DEVICE/App/usb_device.o
                0x0000000008007534                MX_USB_DEVICE_Init
 .text.CDC_Init_FS
                0x0000000008007594       0x28 ./USB_DEVICE/App/usbd_cdc_if.o
 .text.CDC_DeInit_FS
                0x00000000080075bc       0x10 ./USB_DEVICE/App/usbd_cdc_if.o
 .text.CDC_Control_FS
                0x00000000080075cc       0xbc ./USB_DEVICE/App/usbd_cdc_if.o
 .text.CDC_Receive_FS
                0x0000000008007688       0x28 ./USB_DEVICE/App/usbd_cdc_if.o
 .text.CDC_Transmit_FS
                0x00000000080076b0       0x4c ./USB_DEVICE/App/usbd_cdc_if.o
                0x00000000080076b0                CDC_Transmit_FS
 .text.CDC_TransmitCplt_FS
                0x00000000080076fc       0x22 ./USB_DEVICE/App/usbd_cdc_if.o
 *fill*         0x000000000800771e        0x2 
 .text.USBD_FS_DeviceDescriptor
                0x0000000008007720       0x24 ./USB_DEVICE/App/usbd_desc.o
                0x0000000008007720                USBD_FS_DeviceDescriptor
 .text.USBD_FS_LangIDStrDescriptor
                0x0000000008007744       0x24 ./USB_DEVICE/App/usbd_desc.o
                0x0000000008007744                USBD_FS_LangIDStrDescriptor
 .text.USBD_FS_ProductStrDescriptor
                0x0000000008007768       0x3c ./USB_DEVICE/App/usbd_desc.o
                0x0000000008007768                USBD_FS_ProductStrDescriptor
 .text.USBD_FS_ManufacturerStrDescriptor
                0x00000000080077a4       0x28 ./USB_DEVICE/App/usbd_desc.o
                0x00000000080077a4                USBD_FS_ManufacturerStrDescriptor
 .text.USBD_FS_SerialStrDescriptor
                0x00000000080077cc       0x24 ./USB_DEVICE/App/usbd_desc.o
                0x00000000080077cc                USBD_FS_SerialStrDescriptor
 .text.USBD_FS_ConfigStrDescriptor
                0x00000000080077f0       0x3c ./USB_DEVICE/App/usbd_desc.o
                0x00000000080077f0                USBD_FS_ConfigStrDescriptor
 .text.USBD_FS_InterfaceStrDescriptor
                0x000000000800782c       0x3c ./USB_DEVICE/App/usbd_desc.o
                0x000000000800782c                USBD_FS_InterfaceStrDescriptor
 .text.Get_SerialNum
                0x0000000008007868       0x58 ./USB_DEVICE/App/usbd_desc.o
 .text.IntToUnicode
                0x00000000080078c0       0x7e ./USB_DEVICE/App/usbd_desc.o
 *fill*         0x000000000800793e        0x2 
 .text.HAL_PCD_MspInit
                0x0000000008007940       0xa8 ./USB_DEVICE/Target/usbd_conf.o
                0x0000000008007940                HAL_PCD_MspInit
 .text.HAL_PCD_SetupStageCallback
                0x00000000080079e8       0x24 ./USB_DEVICE/Target/usbd_conf.o
                0x00000000080079e8                HAL_PCD_SetupStageCallback
 .text.HAL_PCD_DataOutStageCallback
                0x0000000008007a0c       0x36 ./USB_DEVICE/Target/usbd_conf.o
                0x0000000008007a0c                HAL_PCD_DataOutStageCallback
 .text.HAL_PCD_DataInStageCallback
                0x0000000008007a42       0x34 ./USB_DEVICE/Target/usbd_conf.o
                0x0000000008007a42                HAL_PCD_DataInStageCallback
 .text.HAL_PCD_SOFCallback
                0x0000000008007a76       0x1c ./USB_DEVICE/Target/usbd_conf.o
                0x0000000008007a76                HAL_PCD_SOFCallback
 .text.HAL_PCD_ResetCallback
                0x0000000008007a92       0x50 ./USB_DEVICE/Target/usbd_conf.o
                0x0000000008007a92                HAL_PCD_ResetCallback
 *fill*         0x0000000008007ae2        0x2 
 .text.HAL_PCD_SuspendCallback
                0x0000000008007ae4       0x4c ./USB_DEVICE/Target/usbd_conf.o
                0x0000000008007ae4                HAL_PCD_SuspendCallback
 .text.HAL_PCD_ResumeCallback
                0x0000000008007b30       0x1c ./USB_DEVICE/Target/usbd_conf.o
                0x0000000008007b30                HAL_PCD_ResumeCallback
 .text.HAL_PCD_ISOOUTIncompleteCallback
                0x0000000008007b4c       0x24 ./USB_DEVICE/Target/usbd_conf.o
                0x0000000008007b4c                HAL_PCD_ISOOUTIncompleteCallback
 .text.HAL_PCD_ISOINIncompleteCallback
                0x0000000008007b70       0x24 ./USB_DEVICE/Target/usbd_conf.o
                0x0000000008007b70                HAL_PCD_ISOINIncompleteCallback
 .text.HAL_PCD_ConnectCallback
                0x0000000008007b94       0x1c ./USB_DEVICE/Target/usbd_conf.o
                0x0000000008007b94                HAL_PCD_ConnectCallback
 .text.HAL_PCD_DisconnectCallback
                0x0000000008007bb0       0x1c ./USB_DEVICE/Target/usbd_conf.o
                0x0000000008007bb0                HAL_PCD_DisconnectCallback
 .text.USBD_LL_Init
                0x0000000008007bcc       0x98 ./USB_DEVICE/Target/usbd_conf.o
                0x0000000008007bcc                USBD_LL_Init
 .text.USBD_LL_Start
                0x0000000008007c64       0x36 ./USB_DEVICE/Target/usbd_conf.o
                0x0000000008007c64                USBD_LL_Start
 .text.USBD_LL_OpenEP
                0x0000000008007c9a       0x4c ./USB_DEVICE/Target/usbd_conf.o
                0x0000000008007c9a                USBD_LL_OpenEP
 .text.USBD_LL_CloseEP
                0x0000000008007ce6       0x3e ./USB_DEVICE/Target/usbd_conf.o
                0x0000000008007ce6                USBD_LL_CloseEP
 .text.USBD_LL_StallEP
                0x0000000008007d24       0x3e ./USB_DEVICE/Target/usbd_conf.o
                0x0000000008007d24                USBD_LL_StallEP
 .text.USBD_LL_ClearStallEP
                0x0000000008007d62       0x3e ./USB_DEVICE/Target/usbd_conf.o
                0x0000000008007d62                USBD_LL_ClearStallEP
 .text.USBD_LL_IsStallEP
                0x0000000008007da0       0x58 ./USB_DEVICE/Target/usbd_conf.o
                0x0000000008007da0                USBD_LL_IsStallEP
 .text.USBD_LL_SetUSBAddress
                0x0000000008007df8       0x3e ./USB_DEVICE/Target/usbd_conf.o
                0x0000000008007df8                USBD_LL_SetUSBAddress
 .text.USBD_LL_Transmit
                0x0000000008007e36       0x42 ./USB_DEVICE/Target/usbd_conf.o
                0x0000000008007e36                USBD_LL_Transmit
 .text.USBD_LL_PrepareReceive
                0x0000000008007e78       0x42 ./USB_DEVICE/Target/usbd_conf.o
                0x0000000008007e78                USBD_LL_PrepareReceive
 .text.USBD_LL_GetRxDataSize
                0x0000000008007eba       0x26 ./USB_DEVICE/Target/usbd_conf.o
                0x0000000008007eba                USBD_LL_GetRxDataSize
 .text.USBD_static_malloc
                0x0000000008007ee0       0x1c ./USB_DEVICE/Target/usbd_conf.o
                0x0000000008007ee0                USBD_static_malloc
 .text.USBD_static_free
                0x0000000008007efc       0x14 ./USB_DEVICE/Target/usbd_conf.o
                0x0000000008007efc                USBD_static_free
 .text.USBD_Get_USB_Status
                0x0000000008007f10       0x58 ./USB_DEVICE/Target/usbd_conf.o
                0x0000000008007f10                USBD_Get_USB_Status
 .text.__libc_init_array
                0x0000000008007f68       0x48 /Applications/STM32CubeIDE.app/Contents/Eclipse/plugins/com.st.stm32cube.ide.mcu.externaltools.gnu-tools-for-stm32.9-2020-q2-update.macos64_2.0.0.202105311346/tools/bin/../lib/gcc/arm-none-eabi/9.3.1/../../../../arm-none-eabi/lib/thumb/v7e-m+fp/hard/libc_nano.a(lib_a-init.o)
                0x0000000008007f68                __libc_init_array
 .text.memcpy   0x0000000008007fb0       0x1c /Applications/STM32CubeIDE.app/Contents/Eclipse/plugins/com.st.stm32cube.ide.mcu.externaltools.gnu-tools-for-stm32.9-2020-q2-update.macos64_2.0.0.202105311346/tools/bin/../lib/gcc/arm-none-eabi/9.3.1/../../../../arm-none-eabi/lib/thumb/v7e-m+fp/hard/libc_nano.a(lib_a-memcpy-stub.o)
                0x0000000008007fb0                memcpy
 .text.memset   0x0000000008007fcc       0x10 /Applications/STM32CubeIDE.app/Contents/Eclipse/plugins/com.st.stm32cube.ide.mcu.externaltools.gnu-tools-for-stm32.9-2020-q2-update.macos64_2.0.0.202105311346/tools/bin/../lib/gcc/arm-none-eabi/9.3.1/../../../../arm-none-eabi/lib/thumb/v7e-m+fp/hard/libc_nano.a(lib_a-memset.o)
                0x0000000008007fcc                memset
 *(.glue_7)
 .glue_7        0x0000000008007fdc        0x0 linker stubs
 *(.glue_7t)
 .glue_7t       0x0000000008007fdc        0x0 linker stubs
 *(.eh_frame)
 .eh_frame      0x0000000008007fdc        0x0 /Applications/STM32CubeIDE.app/Contents/Eclipse/plugins/com.st.stm32cube.ide.mcu.externaltools.gnu-tools-for-stm32.9-2020-q2-update.macos64_2.0.0.202105311346/tools/bin/../lib/gcc/arm-none-eabi/9.3.1/thumb/v7e-m+fp/hard/crtbegin.o
 *(.init)
 .init          0x0000000008007fdc        0x4 /Applications/STM32CubeIDE.app/Contents/Eclipse/plugins/com.st.stm32cube.ide.mcu.externaltools.gnu-tools-for-stm32.9-2020-q2-update.macos64_2.0.0.202105311346/tools/bin/../lib/gcc/arm-none-eabi/9.3.1/thumb/v7e-m+fp/hard/crti.o
                0x0000000008007fdc                _init
 .init          0x0000000008007fe0        0x8 /Applications/STM32CubeIDE.app/Contents/Eclipse/plugins/com.st.stm32cube.ide.mcu.externaltools.gnu-tools-for-stm32.9-2020-q2-update.macos64_2.0.0.202105311346/tools/bin/../lib/gcc/arm-none-eabi/9.3.1/thumb/v7e-m+fp/hard/crtn.o
 *(.fini)
 .fini          0x0000000008007fe8        0x4 /Applications/STM32CubeIDE.app/Contents/Eclipse/plugins/com.st.stm32cube.ide.mcu.externaltools.gnu-tools-for-stm32.9-2020-q2-update.macos64_2.0.0.202105311346/tools/bin/../lib/gcc/arm-none-eabi/9.3.1/thumb/v7e-m+fp/hard/crti.o
                0x0000000008007fe8                _fini
 .fini          0x0000000008007fec        0x8 /Applications/STM32CubeIDE.app/Contents/Eclipse/plugins/com.st.stm32cube.ide.mcu.externaltools.gnu-tools-for-stm32.9-2020-q2-update.macos64_2.0.0.202105311346/tools/bin/../lib/gcc/arm-none-eabi/9.3.1/thumb/v7e-m+fp/hard/crtn.o
                0x0000000008007ff4                . = ALIGN (0x4)
                0x0000000008007ff4                _etext = .

.vfp11_veneer   0x0000000008007ff4        0x0
 .vfp11_veneer  0x0000000008007ff4        0x0 linker stubs

.v4_bx          0x0000000008007ff4        0x0
 .v4_bx         0x0000000008007ff4        0x0 linker stubs

.iplt           0x0000000008007ff4        0x0
 .iplt          0x0000000008007ff4        0x0 /Applications/STM32CubeIDE.app/Contents/Eclipse/plugins/com.st.stm32cube.ide.mcu.externaltools.gnu-tools-for-stm32.9-2020-q2-update.macos64_2.0.0.202105311346/tools/bin/../lib/gcc/arm-none-eabi/9.3.1/thumb/v7e-m+fp/hard/crtbegin.o

.rodata         0x0000000008007ff4       0x88
                0x0000000008007ff4                . = ALIGN (0x4)
 *(.rodata)
 .rodata        0x0000000008007ff4       0x27 ./Core/Src/Driver/lsm6ds3.o
 *fill*         0x000000000800801b        0x1 
 .rodata        0x000000000800801c       0x46 ./USB_DEVICE/App/usbd_desc.o
 *(.rodata*)
 *fill*         0x0000000008008062        0x2 
 .rodata.AHBPrescTable
                0x0000000008008064       0x10 ./Core/Src/system_stm32f4xx.o
                0x0000000008008064                AHBPrescTable
 .rodata.APBPrescTable
                0x0000000008008074        0x8 ./Core/Src/system_stm32f4xx.o
                0x0000000008008074                APBPrescTable
                0x000000000800807c                . = ALIGN (0x4)

.ARM.extab      0x000000000800807c        0x0
                0x000000000800807c                . = ALIGN (0x4)
 *(.ARM.extab* .gnu.linkonce.armextab.*)
                0x000000000800807c                . = ALIGN (0x4)

.ARM            0x000000000800807c        0x8
                0x000000000800807c                . = ALIGN (0x4)
                0x000000000800807c                __exidx_start = .
 *(.ARM.exidx*)
 .ARM.exidx     0x000000000800807c        0x8 /Applications/STM32CubeIDE.app/Contents/Eclipse/plugins/com.st.stm32cube.ide.mcu.externaltools.gnu-tools-for-stm32.9-2020-q2-update.macos64_2.0.0.202105311346/tools/bin/../lib/gcc/arm-none-eabi/9.3.1/thumb/v7e-m+fp/hard/libgcc.a(_udivmoddi4.o)
                0x0000000008008084                __exidx_end = .
                0x0000000008008084                . = ALIGN (0x4)

.rel.dyn        0x0000000008008084        0x0
 .rel.iplt      0x0000000008008084        0x0 /Applications/STM32CubeIDE.app/Contents/Eclipse/plugins/com.st.stm32cube.ide.mcu.externaltools.gnu-tools-for-stm32.9-2020-q2-update.macos64_2.0.0.202105311346/tools/bin/../lib/gcc/arm-none-eabi/9.3.1/thumb/v7e-m+fp/hard/crtbegin.o

.preinit_array  0x0000000008008084        0x0
                0x0000000008008084                . = ALIGN (0x4)
                0x0000000008008084                PROVIDE (__preinit_array_start = .)
 *(.preinit_array*)
                0x0000000008008084                PROVIDE (__preinit_array_end = .)
                0x0000000008008084                . = ALIGN (0x4)

.init_array     0x0000000008008084        0x4
                0x0000000008008084                . = ALIGN (0x4)
                0x0000000008008084                PROVIDE (__init_array_start = .)
 *(SORT_BY_NAME(.init_array.*))
 *(.init_array*)
 .init_array    0x0000000008008084        0x4 /Applications/STM32CubeIDE.app/Contents/Eclipse/plugins/com.st.stm32cube.ide.mcu.externaltools.gnu-tools-for-stm32.9-2020-q2-update.macos64_2.0.0.202105311346/tools/bin/../lib/gcc/arm-none-eabi/9.3.1/thumb/v7e-m+fp/hard/crtbegin.o
                0x0000000008008088                PROVIDE (__init_array_end = .)
                0x0000000008008088                . = ALIGN (0x4)

.fini_array     0x0000000008008088        0x4
                0x0000000008008088                . = ALIGN (0x4)
                [!provide]                        PROVIDE (__fini_array_start = .)
 *(SORT_BY_NAME(.fini_array.*))
 *(.fini_array*)
 .fini_array    0x0000000008008088        0x4 /Applications/STM32CubeIDE.app/Contents/Eclipse/plugins/com.st.stm32cube.ide.mcu.externaltools.gnu-tools-for-stm32.9-2020-q2-update.macos64_2.0.0.202105311346/tools/bin/../lib/gcc/arm-none-eabi/9.3.1/thumb/v7e-m+fp/hard/crtbegin.o
                [!provide]                        PROVIDE (__fini_array_end = .)
                0x000000000800808c                . = ALIGN (0x4)
                0x000000000800808c                _sidata = LOADADDR (.data)

.data           0x0000000020000000      0x180 load address 0x000000000800808c
                0x0000000020000000                . = ALIGN (0x4)
                0x0000000020000000                _sdata = .
 *(.data)
 *(.data*)
 .data.SystemCoreClock
                0x0000000020000000        0x4 ./Core/Src/system_stm32f4xx.o
                0x0000000020000000                SystemCoreClock
 .data.uwTickPrio
                0x0000000020000004        0x4 ./Drivers/STM32F4xx_HAL_Driver/Src/stm32f4xx_hal.o
                0x0000000020000004                uwTickPrio
 .data.uwTickFreq
                0x0000000020000008        0x1 ./Drivers/STM32F4xx_HAL_Driver/Src/stm32f4xx_hal.o
                0x0000000020000008                uwTickFreq
 *fill*         0x0000000020000009        0x3 
 .data.USBD_CDC_DeviceQualifierDesc
                0x000000002000000c        0xa ./Middlewares/ST/STM32_USB_Device_Library/Class/CDC/Src/usbd_cdc.o
 *fill*         0x0000000020000016        0x2 
 .data.USBD_CDC
                0x0000000020000018       0x38 ./Middlewares/ST/STM32_USB_Device_Library/Class/CDC/Src/usbd_cdc.o
                0x0000000020000018                USBD_CDC
 .data.USBD_CDC_CfgHSDesc
                0x0000000020000050       0x43 ./Middlewares/ST/STM32_USB_Device_Library/Class/CDC/Src/usbd_cdc.o
 *fill*         0x0000000020000093        0x1 
 .data.USBD_CDC_CfgFSDesc
                0x0000000020000094       0x43 ./Middlewares/ST/STM32_USB_Device_Library/Class/CDC/Src/usbd_cdc.o
 *fill*         0x00000000200000d7        0x1 
 .data.USBD_CDC_OtherSpeedCfgDesc
                0x00000000200000d8       0x43 ./Middlewares/ST/STM32_USB_Device_Library/Class/CDC/Src/usbd_cdc.o
 *fill*         0x000000002000011b        0x1 
 .data.USBD_Interface_fops_FS
                0x000000002000011c       0x14 ./USB_DEVICE/App/usbd_cdc_if.o
                0x000000002000011c                USBD_Interface_fops_FS
 .data.FS_Desc  0x0000000020000130       0x1c ./USB_DEVICE/App/usbd_desc.o
                0x0000000020000130                FS_Desc
 .data.USBD_FS_DeviceDesc
                0x000000002000014c       0x12 ./USB_DEVICE/App/usbd_desc.o
                0x000000002000014c                USBD_FS_DeviceDesc
 *fill*         0x000000002000015e        0x2 
 .data.USBD_LangIDDesc
                0x0000000020000160        0x4 ./USB_DEVICE/App/usbd_desc.o
                0x0000000020000160                USBD_LangIDDesc
 .data.USBD_StringSerial
                0x0000000020000164       0x1a ./USB_DEVICE/App/usbd_desc.o
                0x0000000020000164                USBD_StringSerial
 *(.RamFunc)
 *(.RamFunc*)
                0x0000000020000180                . = ALIGN (0x4)
 *fill*         0x000000002000017e        0x2 
                0x0000000020000180                _edata = .

.igot.plt       0x0000000020000180        0x0 load address 0x000000000800820c
 .igot.plt      0x0000000020000180        0x0 /Applications/STM32CubeIDE.app/Contents/Eclipse/plugins/com.st.stm32cube.ide.mcu.externaltools.gnu-tools-for-stm32.9-2020-q2-update.macos64_2.0.0.202105311346/tools/bin/../lib/gcc/arm-none-eabi/9.3.1/thumb/v7e-m+fp/hard/crtbegin.o
                0x0000000020000180                . = ALIGN (0x4)

.bss            0x0000000020000180     0x1c60 load address 0x000000000800820c
                0x0000000020000180                _sbss = .
                0x0000000020000180                __bss_start__ = _sbss
 *(.bss)
 .bss           0x0000000020000180       0x1c /Applications/STM32CubeIDE.app/Contents/Eclipse/plugins/com.st.stm32cube.ide.mcu.externaltools.gnu-tools-for-stm32.9-2020-q2-update.macos64_2.0.0.202105311346/tools/bin/../lib/gcc/arm-none-eabi/9.3.1/thumb/v7e-m+fp/hard/crtbegin.o
 *(.bss*)
 .bss.ctrlx     0x000000002000019c        0x1 ./Core/Src/Driver/lsm6ds3.o
                0x000000002000019c                ctrlx
 .bss.ctrlg     0x000000002000019d        0x1 ./Core/Src/Driver/lsm6ds3.o
                0x000000002000019d                ctrlg
 .bss.cfgidx.10727
                0x000000002000019e        0x1 ./Middlewares/ST/STM32_USB_Device_Library/Core/Src/usbd_ctlreq.o
 *fill*         0x000000002000019f        0x1 
 .bss.mem.10796
                0x00000000200001a0      0x220 ./USB_DEVICE/Target/usbd_conf.o
 *(COMMON)
 COMMON         0x00000000200003c0       0x60 ./Core/Src/Driver/lsm6ds3.o
                0x00000000200003c0                GPIO_PIN_CS
                0x00000000200003c4                GPIO_CS
                0x00000000200003c8                hspi
 COMMON         0x0000000020000420       0xe4 ./Core/Src/main.o
                0x0000000020000420                htim4
                0x0000000020000468                huart1
                0x00000000200004ac                hspi1
 COMMON         0x0000000020000504        0x4 ./Drivers/STM32F4xx_HAL_Driver/Src/stm32f4xx_hal.o
                0x0000000020000504                uwTick
 COMMON         0x0000000020000508      0x2d0 ./USB_DEVICE/App/usb_device.o
                0x0000000020000508                hUsbDeviceFS
 COMMON         0x00000000200007d8     0x1000 ./USB_DEVICE/App/usbd_cdc_if.o
                0x00000000200007d8                UserRxBufferFS
                0x0000000020000fd8                UserTxBufferFS
 COMMON         0x00000000200017d8      0x200 ./USB_DEVICE/App/usbd_desc.o
                0x00000000200017d8                USBD_StrDesc
 COMMON         0x00000000200019d8      0x408 ./USB_DEVICE/Target/usbd_conf.o
                0x00000000200019d8                hpcd_USB_OTG_FS
                0x0000000020001de0                . = ALIGN (0x4)
                0x0000000020001de0                _ebss = .
                0x0000000020001de0                __bss_end__ = _ebss

._user_heap_stack
                0x0000000020001de0      0x600 load address 0x000000000800820c
                0x0000000020001de0                . = ALIGN (0x8)
                [!provide]                        PROVIDE (end = .)
                0x0000000020001de0                PROVIDE (_end = .)
                0x0000000020001fe0                . = (. + _Min_Heap_Size)
 *fill*         0x0000000020001de0      0x200 
                0x00000000200023e0                . = (. + _Min_Stack_Size)
 *fill*         0x0000000020001fe0      0x400 
                0x00000000200023e0                . = ALIGN (0x8)

/DISCARD/
 libc.a(*)
 libm.a(*)
 libgcc.a(*)

.ARM.attributes
                0x0000000000000000       0x30
 *(.ARM.attributes)
 .ARM.attributes
                0x0000000000000000       0x1e /Applications/STM32CubeIDE.app/Contents/Eclipse/plugins/com.st.stm32cube.ide.mcu.externaltools.gnu-tools-for-stm32.9-2020-q2-update.macos64_2.0.0.202105311346/tools/bin/../lib/gcc/arm-none-eabi/9.3.1/thumb/v7e-m+fp/hard/crti.o
 .ARM.attributes
                0x000000000000001e       0x34 /Applications/STM32CubeIDE.app/Contents/Eclipse/plugins/com.st.stm32cube.ide.mcu.externaltools.gnu-tools-for-stm32.9-2020-q2-update.macos64_2.0.0.202105311346/tools/bin/../lib/gcc/arm-none-eabi/9.3.1/thumb/v7e-m+fp/hard/crtbegin.o
 .ARM.attributes
                0x0000000000000052       0x34 ./Core/Src/Driver/lsm6ds3.o
 .ARM.attributes
                0x0000000000000086       0x34 ./Core/Src/main.o
 .ARM.attributes
                0x00000000000000ba       0x34 ./Core/Src/stm32f4xx_hal_msp.o
 .ARM.attributes
                0x00000000000000ee       0x34 ./Core/Src/stm32f4xx_it.o
 .ARM.attributes
                0x0000000000000122       0x34 ./Core/Src/system_stm32f4xx.o
 .ARM.attributes
                0x0000000000000156       0x21 ./Core/Startup/startup_stm32f407zgtx.o
 .ARM.attributes
                0x0000000000000177       0x34 ./Drivers/STM32F4xx_HAL_Driver/Src/stm32f4xx_hal.o
 .ARM.attributes
                0x00000000000001ab       0x34 ./Drivers/STM32F4xx_HAL_Driver/Src/stm32f4xx_hal_cortex.o
 .ARM.attributes
                0x00000000000001df       0x34 ./Drivers/STM32F4xx_HAL_Driver/Src/stm32f4xx_hal_gpio.o
 .ARM.attributes
                0x0000000000000213       0x34 ./Drivers/STM32F4xx_HAL_Driver/Src/stm32f4xx_hal_pcd.o
 .ARM.attributes
                0x0000000000000247       0x34 ./Drivers/STM32F4xx_HAL_Driver/Src/stm32f4xx_hal_pcd_ex.o
 .ARM.attributes
                0x000000000000027b       0x34 ./Drivers/STM32F4xx_HAL_Driver/Src/stm32f4xx_hal_rcc.o
 .ARM.attributes
                0x00000000000002af       0x34 ./Drivers/STM32F4xx_HAL_Driver/Src/stm32f4xx_hal_spi.o
 .ARM.attributes
                0x00000000000002e3       0x34 ./Drivers/STM32F4xx_HAL_Driver/Src/stm32f4xx_hal_tim.o
 .ARM.attributes
                0x0000000000000317       0x34 ./Drivers/STM32F4xx_HAL_Driver/Src/stm32f4xx_hal_tim_ex.o
 .ARM.attributes
                0x000000000000034b       0x34 ./Drivers/STM32F4xx_HAL_Driver/Src/stm32f4xx_hal_uart.o
 .ARM.attributes
                0x000000000000037f       0x34 ./Drivers/STM32F4xx_HAL_Driver/Src/stm32f4xx_ll_usb.o
 .ARM.attributes
                0x00000000000003b3       0x34 ./Middlewares/ST/STM32_USB_Device_Library/Class/CDC/Src/usbd_cdc.o
 .ARM.attributes
                0x00000000000003e7       0x34 ./Middlewares/ST/STM32_USB_Device_Library/Core/Src/usbd_core.o
 .ARM.attributes
                0x000000000000041b       0x34 ./Middlewares/ST/STM32_USB_Device_Library/Core/Src/usbd_ctlreq.o
 .ARM.attributes
                0x000000000000044f       0x34 ./Middlewares/ST/STM32_USB_Device_Library/Core/Src/usbd_ioreq.o
 .ARM.attributes
                0x0000000000000483       0x34 ./USB_DEVICE/App/usb_device.o
 .ARM.attributes
                0x00000000000004b7       0x34 ./USB_DEVICE/App/usbd_cdc_if.o
 .ARM.attributes
                0x00000000000004eb       0x34 ./USB_DEVICE/App/usbd_desc.o
 .ARM.attributes
                0x000000000000051f       0x34 ./USB_DEVICE/Target/usbd_conf.o
 .ARM.attributes
                0x0000000000000553       0x34 /Applications/STM32CubeIDE.app/Contents/Eclipse/plugins/com.st.stm32cube.ide.mcu.externaltools.gnu-tools-for-stm32.9-2020-q2-update.macos64_2.0.0.202105311346/tools/bin/../lib/gcc/arm-none-eabi/9.3.1/../../../../arm-none-eabi/lib/thumb/v7e-m+fp/hard/libc_nano.a(lib_a-init.o)
 .ARM.attributes
                0x0000000000000587       0x34 /Applications/STM32CubeIDE.app/Contents/Eclipse/plugins/com.st.stm32cube.ide.mcu.externaltools.gnu-tools-for-stm32.9-2020-q2-update.macos64_2.0.0.202105311346/tools/bin/../lib/gcc/arm-none-eabi/9.3.1/../../../../arm-none-eabi/lib/thumb/v7e-m+fp/hard/libc_nano.a(lib_a-memcpy-stub.o)
 .ARM.attributes
                0x00000000000005bb       0x34 /Applications/STM32CubeIDE.app/Contents/Eclipse/plugins/com.st.stm32cube.ide.mcu.externaltools.gnu-tools-for-stm32.9-2020-q2-update.macos64_2.0.0.202105311346/tools/bin/../lib/gcc/arm-none-eabi/9.3.1/../../../../arm-none-eabi/lib/thumb/v7e-m+fp/hard/libc_nano.a(lib_a-memset.o)
 .ARM.attributes
                0x00000000000005ef       0x1e /Applications/STM32CubeIDE.app/Contents/Eclipse/plugins/com.st.stm32cube.ide.mcu.externaltools.gnu-tools-for-stm32.9-2020-q2-update.macos64_2.0.0.202105311346/tools/bin/../lib/gcc/arm-none-eabi/9.3.1/thumb/v7e-m+fp/hard/libgcc.a(_aeabi_uldivmod.o)
 .ARM.attributes
                0x000000000000060d       0x34 /Applications/STM32CubeIDE.app/Contents/Eclipse/plugins/com.st.stm32cube.ide.mcu.externaltools.gnu-tools-for-stm32.9-2020-q2-update.macos64_2.0.0.202105311346/tools/bin/../lib/gcc/arm-none-eabi/9.3.1/thumb/v7e-m+fp/hard/libgcc.a(_udivmoddi4.o)
 .ARM.attributes
                0x0000000000000641       0x1e /Applications/STM32CubeIDE.app/Contents/Eclipse/plugins/com.st.stm32cube.ide.mcu.externaltools.gnu-tools-for-stm32.9-2020-q2-update.macos64_2.0.0.202105311346/tools/bin/../lib/gcc/arm-none-eabi/9.3.1/thumb/v7e-m+fp/hard/libgcc.a(_dvmd_tls.o)
 .ARM.attributes
                0x000000000000065f       0x1e /Applications/STM32CubeIDE.app/Contents/Eclipse/plugins/com.st.stm32cube.ide.mcu.externaltools.gnu-tools-for-stm32.9-2020-q2-update.macos64_2.0.0.202105311346/tools/bin/../lib/gcc/arm-none-eabi/9.3.1/thumb/v7e-m+fp/hard/crtn.o
OUTPUT(STM32F407ZGT7.elf elf32-littlearm)
LOAD linker stubs
LOAD /Applications/STM32CubeIDE.app/Contents/Eclipse/plugins/com.st.stm32cube.ide.mcu.externaltools.gnu-tools-for-stm32.9-2020-q2-update.macos64_2.0.0.202105311346/tools/bin/../lib/gcc/arm-none-eabi/9.3.1/../../../../arm-none-eabi/lib/thumb/v7e-m+fp/hard/libc.a
LOAD /Applications/STM32CubeIDE.app/Contents/Eclipse/plugins/com.st.stm32cube.ide.mcu.externaltools.gnu-tools-for-stm32.9-2020-q2-update.macos64_2.0.0.202105311346/tools/bin/../lib/gcc/arm-none-eabi/9.3.1/../../../../arm-none-eabi/lib/thumb/v7e-m+fp/hard/libm.a
LOAD /Applications/STM32CubeIDE.app/Contents/Eclipse/plugins/com.st.stm32cube.ide.mcu.externaltools.gnu-tools-for-stm32.9-2020-q2-update.macos64_2.0.0.202105311346/tools/bin/../lib/gcc/arm-none-eabi/9.3.1/thumb/v7e-m+fp/hard/libgcc.a

.debug_info     0x0000000000000000    0x1d857
 .debug_info    0x0000000000000000      0xa4a ./Core/Src/Driver/lsm6ds3.o
 .debug_info    0x0000000000000a4a     0x2194 ./Core/Src/main.o
 .debug_info    0x0000000000002bde     0x10c3 ./Core/Src/stm32f4xx_hal_msp.o
 .debug_info    0x0000000000003ca1      0x6db ./Core/Src/stm32f4xx_it.o
 .debug_info    0x000000000000437c      0x5a4 ./Core/Src/system_stm32f4xx.o
 .debug_info    0x0000000000004920       0x22 ./Core/Startup/startup_stm32f407zgtx.o
 .debug_info    0x0000000000004942      0x9b2 ./Drivers/STM32F4xx_HAL_Driver/Src/stm32f4xx_hal.o
 .debug_info    0x00000000000052f4      0xed7 ./Drivers/STM32F4xx_HAL_Driver/Src/stm32f4xx_hal_cortex.o
 .debug_info    0x00000000000061cb      0x83e ./Drivers/STM32F4xx_HAL_Driver/Src/stm32f4xx_hal_gpio.o
 .debug_info    0x0000000000006a09     0x12dd ./Drivers/STM32F4xx_HAL_Driver/Src/stm32f4xx_hal_pcd.o
 .debug_info    0x0000000000007ce6      0x7c3 ./Drivers/STM32F4xx_HAL_Driver/Src/stm32f4xx_hal_pcd_ex.o
 .debug_info    0x00000000000084a9      0x996 ./Drivers/STM32F4xx_HAL_Driver/Src/stm32f4xx_hal_rcc.o
 .debug_info    0x0000000000008e3f     0x17c0 ./Drivers/STM32F4xx_HAL_Driver/Src/stm32f4xx_hal_spi.o
 .debug_info    0x000000000000a5ff     0x2c22 ./Drivers/STM32F4xx_HAL_Driver/Src/stm32f4xx_hal_tim.o
 .debug_info    0x000000000000d221     0x15a2 ./Drivers/STM32F4xx_HAL_Driver/Src/stm32f4xx_hal_tim_ex.o
 .debug_info    0x000000000000e7c3     0x31de ./Drivers/STM32F4xx_HAL_Driver/Src/stm32f4xx_hal_uart.o
 .debug_info    0x00000000000119a1     0x1ab4 ./Drivers/STM32F4xx_HAL_Driver/Src/stm32f4xx_ll_usb.o
 .debug_info    0x0000000000013455     0x198b ./Middlewares/ST/STM32_USB_Device_Library/Class/CDC/Src/usbd_cdc.o
 .debug_info    0x0000000000014de0     0x13a7 ./Middlewares/ST/STM32_USB_Device_Library/Core/Src/usbd_core.o
 .debug_info    0x0000000000016187     0x1373 ./Middlewares/ST/STM32_USB_Device_Library/Core/Src/usbd_ctlreq.o
 .debug_info    0x00000000000174fa     0x1095 ./Middlewares/ST/STM32_USB_Device_Library/Core/Src/usbd_ioreq.o
 .debug_info    0x000000000001858f      0xffe ./USB_DEVICE/App/usb_device.o
 .debug_info    0x000000000001958d     0x122f ./USB_DEVICE/App/usbd_cdc_if.o
 .debug_info    0x000000000001a7bc      0xdfa ./USB_DEVICE/App/usbd_desc.o
 .debug_info    0x000000000001b5b6     0x22a1 ./USB_DEVICE/Target/usbd_conf.o

.debug_abbrev   0x0000000000000000     0x39ea
 .debug_abbrev  0x0000000000000000      0x1c7 ./Core/Src/Driver/lsm6ds3.o
 .debug_abbrev  0x00000000000001c7      0x2c0 ./Core/Src/main.o
 .debug_abbrev  0x0000000000000487      0x1db ./Core/Src/stm32f4xx_hal_msp.o
 .debug_abbrev  0x0000000000000662      0x184 ./Core/Src/stm32f4xx_it.o
 .debug_abbrev  0x00000000000007e6      0x145 ./Core/Src/system_stm32f4xx.o
 .debug_abbrev  0x000000000000092b       0x12 ./Core/Startup/startup_stm32f407zgtx.o
 .debug_abbrev  0x000000000000093d      0x1ed ./Drivers/STM32F4xx_HAL_Driver/Src/stm32f4xx_hal.o
 .debug_abbrev  0x0000000000000b2a      0x33c ./Drivers/STM32F4xx_HAL_Driver/Src/stm32f4xx_hal_cortex.o
 .debug_abbrev  0x0000000000000e66      0x1f1 ./Drivers/STM32F4xx_HAL_Driver/Src/stm32f4xx_hal_gpio.o
 .debug_abbrev  0x0000000000001057      0x2a0 ./Drivers/STM32F4xx_HAL_Driver/Src/stm32f4xx_hal_pcd.o
 .debug_abbrev  0x00000000000012f7      0x1fb ./Drivers/STM32F4xx_HAL_Driver/Src/stm32f4xx_hal_pcd_ex.o
 .debug_abbrev  0x00000000000014f2      0x275 ./Drivers/STM32F4xx_HAL_Driver/Src/stm32f4xx_hal_rcc.o
 .debug_abbrev  0x0000000000001767      0x26e ./Drivers/STM32F4xx_HAL_Driver/Src/stm32f4xx_hal_spi.o
 .debug_abbrev  0x00000000000019d5      0x25e ./Drivers/STM32F4xx_HAL_Driver/Src/stm32f4xx_hal_tim.o
 .debug_abbrev  0x0000000000001c33      0x266 ./Drivers/STM32F4xx_HAL_Driver/Src/stm32f4xx_hal_tim_ex.o
 .debug_abbrev  0x0000000000001e99      0x2eb ./Drivers/STM32F4xx_HAL_Driver/Src/stm32f4xx_hal_uart.o
 .debug_abbrev  0x0000000000002184      0x2a7 ./Drivers/STM32F4xx_HAL_Driver/Src/stm32f4xx_ll_usb.o
 .debug_abbrev  0x000000000000242b      0x2fc ./Middlewares/ST/STM32_USB_Device_Library/Class/CDC/Src/usbd_cdc.o
 .debug_abbrev  0x0000000000002727      0x2b7 ./Middlewares/ST/STM32_USB_Device_Library/Core/Src/usbd_core.o
 .debug_abbrev  0x00000000000029de      0x2fc ./Middlewares/ST/STM32_USB_Device_Library/Core/Src/usbd_ctlreq.o
 .debug_abbrev  0x0000000000002cda      0x22a ./Middlewares/ST/STM32_USB_Device_Library/Core/Src/usbd_ioreq.o
 .debug_abbrev  0x0000000000002f04      0x204 ./USB_DEVICE/App/usb_device.o
 .debug_abbrev  0x0000000000003108      0x30c ./USB_DEVICE/App/usbd_cdc_if.o
 .debug_abbrev  0x0000000000003414      0x2aa ./USB_DEVICE/App/usbd_desc.o
 .debug_abbrev  0x00000000000036be      0x32c ./USB_DEVICE/Target/usbd_conf.o

.debug_aranges  0x0000000000000000     0x1480
 .debug_aranges
                0x0000000000000000       0x30 ./Core/Src/Driver/lsm6ds3.o
 .debug_aranges
                0x0000000000000030       0x50 ./Core/Src/main.o
 .debug_aranges
                0x0000000000000080       0x50 ./Core/Src/stm32f4xx_hal_msp.o
 .debug_aranges
                0x00000000000000d0       0x68 ./Core/Src/stm32f4xx_it.o
 .debug_aranges
                0x0000000000000138       0x28 ./Core/Src/system_stm32f4xx.o
 .debug_aranges
                0x0000000000000160       0x28 ./Core/Startup/startup_stm32f407zgtx.o
 .debug_aranges
                0x0000000000000188       0xf0 ./Drivers/STM32F4xx_HAL_Driver/Src/stm32f4xx_hal.o
 .debug_aranges
                0x0000000000000278      0x118 ./Drivers/STM32F4xx_HAL_Driver/Src/stm32f4xx_hal_cortex.o
 .debug_aranges
                0x0000000000000390       0x58 ./Drivers/STM32F4xx_HAL_Driver/Src/stm32f4xx_hal_gpio.o
 .debug_aranges
                0x00000000000003e8      0x138 ./Drivers/STM32F4xx_HAL_Driver/Src/stm32f4xx_hal_pcd.o
 .debug_aranges
                0x0000000000000520       0x38 ./Drivers/STM32F4xx_HAL_Driver/Src/stm32f4xx_hal_pcd_ex.o
 .debug_aranges
                0x0000000000000558       0x88 ./Drivers/STM32F4xx_HAL_Driver/Src/stm32f4xx_hal_rcc.o
 .debug_aranges
                0x00000000000005e0      0x1d0 ./Drivers/STM32F4xx_HAL_Driver/Src/stm32f4xx_hal_spi.o
 .debug_aranges
                0x00000000000007b0      0x3d0 ./Drivers/STM32F4xx_HAL_Driver/Src/stm32f4xx_hal_tim.o
 .debug_aranges
                0x0000000000000b80      0x168 ./Drivers/STM32F4xx_HAL_Driver/Src/stm32f4xx_hal_tim_ex.o
 .debug_aranges
                0x0000000000000ce8      0x200 ./Drivers/STM32F4xx_HAL_Driver/Src/stm32f4xx_hal_uart.o
 .debug_aranges
                0x0000000000000ee8      0x198 ./Drivers/STM32F4xx_HAL_Driver/Src/stm32f4xx_ll_usb.o
 .debug_aranges
                0x0000000000001080       0x90 ./Middlewares/ST/STM32_USB_Device_Library/Class/CDC/Src/usbd_cdc.o
 .debug_aranges
                0x0000000000001110       0xb8 ./Middlewares/ST/STM32_USB_Device_Library/Core/Src/usbd_core.o
 .debug_aranges
                0x00000000000011c8       0x90 ./Middlewares/ST/STM32_USB_Device_Library/Core/Src/usbd_ctlreq.o
 .debug_aranges
                0x0000000000001258       0x50 ./Middlewares/ST/STM32_USB_Device_Library/Core/Src/usbd_ioreq.o
 .debug_aranges
                0x00000000000012a8       0x20 ./USB_DEVICE/App/usb_device.o
 .debug_aranges
                0x00000000000012c8       0x48 ./USB_DEVICE/App/usbd_cdc_if.o
 .debug_aranges
                0x0000000000001310       0x60 ./USB_DEVICE/App/usbd_desc.o
 .debug_aranges
                0x0000000000001370      0x110 ./USB_DEVICE/Target/usbd_conf.o

.debug_ranges   0x0000000000000000     0x1328
 .debug_ranges  0x0000000000000000       0x20 ./Core/Src/Driver/lsm6ds3.o
 .debug_ranges  0x0000000000000020       0x40 ./Core/Src/main.o
 .debug_ranges  0x0000000000000060       0x40 ./Core/Src/stm32f4xx_hal_msp.o
 .debug_ranges  0x00000000000000a0       0x58 ./Core/Src/stm32f4xx_it.o
 .debug_ranges  0x00000000000000f8       0x18 ./Core/Src/system_stm32f4xx.o
 .debug_ranges  0x0000000000000110       0x20 ./Core/Startup/startup_stm32f407zgtx.o
 .debug_ranges  0x0000000000000130       0xe0 ./Drivers/STM32F4xx_HAL_Driver/Src/stm32f4xx_hal.o
 .debug_ranges  0x0000000000000210      0x108 ./Drivers/STM32F4xx_HAL_Driver/Src/stm32f4xx_hal_cortex.o
 .debug_ranges  0x0000000000000318       0x48 ./Drivers/STM32F4xx_HAL_Driver/Src/stm32f4xx_hal_gpio.o
 .debug_ranges  0x0000000000000360      0x128 ./Drivers/STM32F4xx_HAL_Driver/Src/stm32f4xx_hal_pcd.o
 .debug_ranges  0x0000000000000488       0x28 ./Drivers/STM32F4xx_HAL_Driver/Src/stm32f4xx_hal_pcd_ex.o
 .debug_ranges  0x00000000000004b0       0x78 ./Drivers/STM32F4xx_HAL_Driver/Src/stm32f4xx_hal_rcc.o
 .debug_ranges  0x0000000000000528      0x1c0 ./Drivers/STM32F4xx_HAL_Driver/Src/stm32f4xx_hal_spi.o
 .debug_ranges  0x00000000000006e8      0x3c0 ./Drivers/STM32F4xx_HAL_Driver/Src/stm32f4xx_hal_tim.o
 .debug_ranges  0x0000000000000aa8      0x158 ./Drivers/STM32F4xx_HAL_Driver/Src/stm32f4xx_hal_tim_ex.o
 .debug_ranges  0x0000000000000c00      0x220 ./Drivers/STM32F4xx_HAL_Driver/Src/stm32f4xx_hal_uart.o
 .debug_ranges  0x0000000000000e20      0x188 ./Drivers/STM32F4xx_HAL_Driver/Src/stm32f4xx_ll_usb.o
 .debug_ranges  0x0000000000000fa8       0x80 ./Middlewares/ST/STM32_USB_Device_Library/Class/CDC/Src/usbd_cdc.o
 .debug_ranges  0x0000000000001028       0xa8 ./Middlewares/ST/STM32_USB_Device_Library/Core/Src/usbd_core.o
 .debug_ranges  0x00000000000010d0       0x80 ./Middlewares/ST/STM32_USB_Device_Library/Core/Src/usbd_ctlreq.o
 .debug_ranges  0x0000000000001150       0x40 ./Middlewares/ST/STM32_USB_Device_Library/Core/Src/usbd_ioreq.o
 .debug_ranges  0x0000000000001190       0x10 ./USB_DEVICE/App/usb_device.o
 .debug_ranges  0x00000000000011a0       0x38 ./USB_DEVICE/App/usbd_cdc_if.o
 .debug_ranges  0x00000000000011d8       0x50 ./USB_DEVICE/App/usbd_desc.o
 .debug_ranges  0x0000000000001228      0x100 ./USB_DEVICE/Target/usbd_conf.o

.debug_macro    0x0000000000000000    0x24b86
 .debug_macro   0x0000000000000000      0x227 ./Core/Src/Driver/lsm6ds3.o
 .debug_macro   0x0000000000000227      0xaa8 ./Core/Src/Driver/lsm6ds3.o
 .debug_macro   0x0000000000000ccf       0x22 ./Core/Src/Driver/lsm6ds3.o
 .debug_macro   0x0000000000000cf1       0x8e ./Core/Src/Driver/lsm6ds3.o
 .debug_macro   0x0000000000000d7f       0x51 ./Core/Src/Driver/lsm6ds3.o
 .debug_macro   0x0000000000000dd0      0x103 ./Core/Src/Driver/lsm6ds3.o
 .debug_macro   0x0000000000000ed3       0x6a ./Core/Src/Driver/lsm6ds3.o
 .debug_macro   0x0000000000000f3d      0x1df ./Core/Src/Driver/lsm6ds3.o
 .debug_macro   0x000000000000111c       0x22 ./Core/Src/Driver/lsm6ds3.o
 .debug_macro   0x000000000000113e      0x2a7 ./Core/Src/Driver/lsm6ds3.o
 .debug_macro   0x00000000000013e5       0x2e ./Core/Src/Driver/lsm6ds3.o
 .debug_macro   0x0000000000001413       0x2f ./Core/Src/Driver/lsm6ds3.o
 .debug_macro   0x0000000000001442       0x1c ./Core/Src/Driver/lsm6ds3.o
 .debug_macro   0x000000000000145e       0x22 ./Core/Src/Driver/lsm6ds3.o
 .debug_macro   0x0000000000001480       0xdf ./Core/Src/Driver/lsm6ds3.o
 .debug_macro   0x000000000000155f     0x102d ./Core/Src/Driver/lsm6ds3.o
 .debug_macro   0x000000000000258c      0x11f ./Core/Src/Driver/lsm6ds3.o
 .debug_macro   0x00000000000026ab    0x15e58 ./Core/Src/Driver/lsm6ds3.o
 .debug_macro   0x0000000000018503       0x6d ./Core/Src/Driver/lsm6ds3.o
 .debug_macro   0x0000000000018570     0x3666 ./Core/Src/Driver/lsm6ds3.o
 .debug_macro   0x000000000001bbd6      0x174 ./Core/Src/Driver/lsm6ds3.o
 .debug_macro   0x000000000001bd4a       0x5c ./Core/Src/Driver/lsm6ds3.o
 .debug_macro   0x000000000001bda6      0x96b ./Core/Src/Driver/lsm6ds3.o
 .debug_macro   0x000000000001c711      0x9fe ./Core/Src/Driver/lsm6ds3.o
 .debug_macro   0x000000000001d10f      0x116 ./Core/Src/Driver/lsm6ds3.o
 .debug_macro   0x000000000001d225      0x13e ./Core/Src/Driver/lsm6ds3.o
 .debug_macro   0x000000000001d363       0xa5 ./Core/Src/Driver/lsm6ds3.o
 .debug_macro   0x000000000001d408      0x174 ./Core/Src/Driver/lsm6ds3.o
 .debug_macro   0x000000000001d57c      0x287 ./Core/Src/Driver/lsm6ds3.o
 .debug_macro   0x000000000001d803       0x5f ./Core/Src/Driver/lsm6ds3.o
 .debug_macro   0x000000000001d862      0x236 ./Core/Src/Driver/lsm6ds3.o
 .debug_macro   0x000000000001da98      0x12c ./Core/Src/Driver/lsm6ds3.o
 .debug_macro   0x000000000001dbc4      0x21e ./Core/Src/Driver/lsm6ds3.o
 .debug_macro   0x000000000001dde2       0x2e ./Core/Src/Driver/lsm6ds3.o
 .debug_macro   0x000000000001de10      0x11a ./Core/Src/Driver/lsm6ds3.o
 .debug_macro   0x000000000001df2a       0x7e ./Core/Src/Driver/lsm6ds3.o
 .debug_macro   0x000000000001dfa8       0x89 ./Core/Src/Driver/lsm6ds3.o
 .debug_macro   0x000000000001e031      0x225 ./Core/Src/Driver/lsm6ds3.o
 .debug_macro   0x000000000001e256      0x8d1 ./Core/Src/Driver/lsm6ds3.o
 .debug_macro   0x000000000001eb27       0x47 ./Core/Src/Driver/lsm6ds3.o
 .debug_macro   0x000000000001eb6e      0x295 ./Core/Src/Driver/lsm6ds3.o
 .debug_macro   0x000000000001ee03      0x21e ./Core/Src/Driver/lsm6ds3.o
 .debug_macro   0x000000000001f021       0xba ./Core/Src/Driver/lsm6ds3.o
 .debug_macro   0x000000000001f0db      0x12d ./Core/Src/Driver/lsm6ds3.o
 .debug_macro   0x000000000001f208       0x10 ./Core/Src/Driver/lsm6ds3.o
 .debug_macro   0x000000000001f218      0x410 ./Core/Src/Driver/lsm6ds3.o
 .debug_macro   0x000000000001f628      0x45c ./Core/Src/main.o
 .debug_macro   0x000000000001fa84       0x52 ./Core/Src/main.o
 .debug_macro   0x000000000001fad6       0x18 ./Core/Src/main.o
 .debug_macro   0x000000000001faee       0x3c ./Core/Src/main.o
 .debug_macro   0x000000000001fb2a       0x34 ./Core/Src/main.o
 .debug_macro   0x000000000001fb5e       0x16 ./Core/Src/main.o
 .debug_macro   0x000000000001fb74       0x35 ./Core/Src/main.o
 .debug_macro   0x000000000001fba9      0x333 ./Core/Src/main.o
 .debug_macro   0x000000000001fedc       0x10 ./Core/Src/main.o
 .debug_macro   0x000000000001feec       0x16 ./Core/Src/main.o
 .debug_macro   0x000000000001ff02       0x43 ./Core/Src/main.o
 .debug_macro   0x000000000001ff45       0x34 ./Core/Src/main.o
 .debug_macro   0x000000000001ff79       0x10 ./Core/Src/main.o
 .debug_macro   0x000000000001ff89       0x58 ./Core/Src/main.o
 .debug_macro   0x000000000001ffe1       0x71 ./Core/Src/main.o
 .debug_macro   0x0000000000020052       0x1c ./Core/Src/main.o
 .debug_macro   0x000000000002006e      0x12a ./Core/Src/main.o
 .debug_macro   0x0000000000020198       0x10 ./Core/Src/main.o
 .debug_macro   0x00000000000201a8       0x1c ./Core/Src/main.o
 .debug_macro   0x00000000000201c4       0x52 ./Core/Src/main.o
 .debug_macro   0x0000000000020216       0x22 ./Core/Src/main.o
 .debug_macro   0x0000000000020238       0x10 ./Core/Src/main.o
 .debug_macro   0x0000000000020248       0x40 ./Core/Src/main.o
 .debug_macro   0x0000000000020288       0xd5 ./Core/Src/main.o
 .debug_macro   0x000000000002035d       0x1c ./Core/Src/main.o
 .debug_macro   0x0000000000020379       0x3d ./Core/Src/main.o
 .debug_macro   0x00000000000203b6       0x16 ./Core/Src/main.o
 .debug_macro   0x00000000000203cc      0x145 ./Core/Src/main.o
 .debug_macro   0x0000000000020511       0x16 ./Core/Src/main.o
 .debug_macro   0x0000000000020527       0x16 ./Core/Src/main.o
 .debug_macro   0x000000000002053d       0x29 ./Core/Src/main.o
 .debug_macro   0x0000000000020566       0x16 ./Core/Src/main.o
 .debug_macro   0x000000000002057c       0x20 ./Core/Src/main.o
 .debug_macro   0x000000000002059c       0x65 ./Core/Src/main.o
 .debug_macro   0x0000000000020601      0x1ef ./Core/Src/main.o
 .debug_macro   0x00000000000207f0       0x95 ./Core/Src/main.o
 .debug_macro   0x0000000000020885       0x10 ./Core/Src/main.o
 .debug_macro   0x0000000000020895      0x20b ./Core/Src/stm32f4xx_hal_msp.o
 .debug_macro   0x0000000000020aa0      0x215 ./Core/Src/stm32f4xx_it.o
 .debug_macro   0x0000000000020cb5      0x20e ./Core/Src/system_stm32f4xx.o
 .debug_macro   0x0000000000020ec3      0x25c ./Drivers/STM32F4xx_HAL_Driver/Src/stm32f4xx_hal.o
 .debug_macro   0x000000000002111f      0x1fc ./Drivers/STM32F4xx_HAL_Driver/Src/stm32f4xx_hal_cortex.o
 .debug_macro   0x000000000002131b      0x202 ./Drivers/STM32F4xx_HAL_Driver/Src/stm32f4xx_hal_gpio.o
 .debug_macro   0x000000000002151d      0x208 ./Drivers/STM32F4xx_HAL_Driver/Src/stm32f4xx_hal_pcd.o
 .debug_macro   0x0000000000021725      0x1fc ./Drivers/STM32F4xx_HAL_Driver/Src/stm32f4xx_hal_pcd_ex.o
 .debug_macro   0x0000000000021921      0x220 ./Drivers/STM32F4xx_HAL_Driver/Src/stm32f4xx_hal_rcc.o
 .debug_macro   0x0000000000021b41      0x20b ./Drivers/STM32F4xx_HAL_Driver/Src/stm32f4xx_hal_spi.o
 .debug_macro   0x0000000000021d4c      0x1fd ./Drivers/STM32F4xx_HAL_Driver/Src/stm32f4xx_hal_tim.o
 .debug_macro   0x0000000000021f49      0x1fc ./Drivers/STM32F4xx_HAL_Driver/Src/stm32f4xx_hal_tim_ex.o
 .debug_macro   0x0000000000022145      0x1fd ./Drivers/STM32F4xx_HAL_Driver/Src/stm32f4xx_hal_uart.o
 .debug_macro   0x0000000000022342      0x1fc ./Drivers/STM32F4xx_HAL_Driver/Src/stm32f4xx_ll_usb.o
 .debug_macro   0x000000000002253e      0x421 ./Middlewares/ST/STM32_USB_Device_Library/Class/CDC/Src/usbd_cdc.o
 .debug_macro   0x000000000002295f       0x97 ./Middlewares/ST/STM32_USB_Device_Library/Class/CDC/Src/usbd_cdc.o
 .debug_macro   0x00000000000229f6       0xfd ./Middlewares/ST/STM32_USB_Device_Library/Class/CDC/Src/usbd_cdc.o
 .debug_macro   0x0000000000022af3       0xd9 ./Middlewares/ST/STM32_USB_Device_Library/Class/CDC/Src/usbd_cdc.o
 .debug_macro   0x0000000000022bcc       0x56 ./Middlewares/ST/STM32_USB_Device_Library/Class/CDC/Src/usbd_cdc.o
 .debug_macro   0x0000000000022c22      0x408 ./Middlewares/ST/STM32_USB_Device_Library/Core/Src/usbd_core.o
 .debug_macro   0x000000000002302a      0x1f5 ./Middlewares/ST/STM32_USB_Device_Library/Core/Src/usbd_core.o
 .debug_macro   0x000000000002321f      0x412 ./Middlewares/ST/STM32_USB_Device_Library/Core/Src/usbd_ctlreq.o
 .debug_macro   0x0000000000023631      0x40e ./Middlewares/ST/STM32_USB_Device_Library/Core/Src/usbd_ioreq.o
 .debug_macro   0x0000000000023a3f      0x441 ./USB_DEVICE/App/usb_device.o
 .debug_macro   0x0000000000023e80       0x16 ./USB_DEVICE/App/usb_device.o
 .debug_macro   0x0000000000023e96       0x22 ./USB_DEVICE/App/usb_device.o
 .debug_macro   0x0000000000023eb8       0x16 ./USB_DEVICE/App/usb_device.o
 .debug_macro   0x0000000000023ece      0x42c ./USB_DEVICE/App/usbd_cdc_if.o
 .debug_macro   0x00000000000242fa      0x44b ./USB_DEVICE/App/usbd_desc.o
 .debug_macro   0x0000000000024745       0x1c ./USB_DEVICE/App/usbd_desc.o
 .debug_macro   0x0000000000024761      0x425 ./USB_DEVICE/Target/usbd_conf.o

.debug_line     0x0000000000000000    0x19642
 .debug_line    0x0000000000000000      0x8c4 ./Core/Src/Driver/lsm6ds3.o
 .debug_line    0x00000000000008c4      0xc96 ./Core/Src/main.o
 .debug_line    0x000000000000155a      0x827 ./Core/Src/stm32f4xx_hal_msp.o
 .debug_line    0x0000000000001d81      0x82f ./Core/Src/stm32f4xx_it.o
 .debug_line    0x00000000000025b0      0x7dc ./Core/Src/system_stm32f4xx.o
 .debug_line    0x0000000000002d8c       0x88 ./Core/Startup/startup_stm32f407zgtx.o
 .debug_line    0x0000000000002e14      0xa3c ./Drivers/STM32F4xx_HAL_Driver/Src/stm32f4xx_hal.o
 .debug_line    0x0000000000003850      0xceb ./Drivers/STM32F4xx_HAL_Driver/Src/stm32f4xx_hal_cortex.o
 .debug_line    0x000000000000453b      0xbb2 ./Drivers/STM32F4xx_HAL_Driver/Src/stm32f4xx_hal_gpio.o
 .debug_line    0x00000000000050ed     0x1389 ./Drivers/STM32F4xx_HAL_Driver/Src/stm32f4xx_hal_pcd.o
 .debug_line    0x0000000000006476      0x81f ./Drivers/STM32F4xx_HAL_Driver/Src/stm32f4xx_hal_pcd_ex.o
 .debug_line    0x0000000000006c95      0xdb8 ./Drivers/STM32F4xx_HAL_Driver/Src/stm32f4xx_hal_rcc.o
 .debug_line    0x0000000000007a4d     0x1cc4 ./Drivers/STM32F4xx_HAL_Driver/Src/stm32f4xx_hal_spi.o
 .debug_line    0x0000000000009711     0x3730 ./Drivers/STM32F4xx_HAL_Driver/Src/stm32f4xx_hal_tim.o
 .debug_line    0x000000000000ce41     0x1a39 ./Drivers/STM32F4xx_HAL_Driver/Src/stm32f4xx_hal_tim_ex.o
 .debug_line    0x000000000000e87a     0x2ac3 ./Drivers/STM32F4xx_HAL_Driver/Src/stm32f4xx_hal_uart.o
 .debug_line    0x000000000001133d     0x19cb ./Drivers/STM32F4xx_HAL_Driver/Src/stm32f4xx_ll_usb.o
 .debug_line    0x0000000000012d08      0xe2e ./Middlewares/ST/STM32_USB_Device_Library/Class/CDC/Src/usbd_cdc.o
 .debug_line    0x0000000000013b36      0xeb1 ./Middlewares/ST/STM32_USB_Device_Library/Core/Src/usbd_core.o
 .debug_line    0x00000000000149e7     0x1131 ./Middlewares/ST/STM32_USB_Device_Library/Core/Src/usbd_ctlreq.o
 .debug_line    0x0000000000015b18      0xb08 ./Middlewares/ST/STM32_USB_Device_Library/Core/Src/usbd_ioreq.o
 .debug_line    0x0000000000016620      0xac4 ./USB_DEVICE/App/usb_device.o
 .debug_line    0x00000000000170e4      0xb27 ./USB_DEVICE/App/usbd_cdc_if.o
 .debug_line    0x0000000000017c0b      0xb8d ./USB_DEVICE/App/usbd_desc.o
 .debug_line    0x0000000000018798      0xeaa ./USB_DEVICE/Target/usbd_conf.o

.debug_str      0x0000000000000000    0xd1f14
 .debug_str     0x0000000000000000    0xc771a ./Core/Src/Driver/lsm6ds3.o
                                      0xc7a1d (size before relaxing)
 .debug_str     0x00000000000c771a     0x59a0 ./Core/Src/main.o
                                      0xcd4ad (size before relaxing)
 .debug_str     0x00000000000cd0ba       0xae ./Core/Src/stm32f4xx_hal_msp.o
                                      0xc6823 (size before relaxing)
 .debug_str     0x00000000000cd168      0x3ec ./Core/Src/stm32f4xx_it.o
                                      0xc61e3 (size before relaxing)
 .debug_str     0x00000000000cd554      0x103 ./Core/Src/system_stm32f4xx.o
                                      0xc5f31 (size before relaxing)
 .debug_str     0x00000000000cd657       0x36 ./Core/Startup/startup_stm32f407zgtx.o
                                         0x6a (size before relaxing)
 .debug_str     0x00000000000cd68d      0xa4a ./Drivers/STM32F4xx_HAL_Driver/Src/stm32f4xx_hal.o
                                      0xc69bf (size before relaxing)
 .debug_str     0x00000000000ce0d7      0x399 ./Drivers/STM32F4xx_HAL_Driver/Src/stm32f4xx_hal_cortex.o
                                      0xc67ae (size before relaxing)
 .debug_str     0x00000000000ce470      0x15f ./Drivers/STM32F4xx_HAL_Driver/Src/stm32f4xx_hal_gpio.o
                                      0xc6084 (size before relaxing)
 .debug_str     0x00000000000ce5cf      0x564 ./Drivers/STM32F4xx_HAL_Driver/Src/stm32f4xx_hal_pcd.o
                                      0xc66c7 (size before relaxing)
 .debug_str     0x00000000000ceb33      0x13f ./Drivers/STM32F4xx_HAL_Driver/Src/stm32f4xx_hal_pcd_ex.o
                                      0xc6292 (size before relaxing)
 .debug_str     0x00000000000cec72      0x259 ./Drivers/STM32F4xx_HAL_Driver/Src/stm32f4xx_hal_rcc.o
                                      0xc62df (size before relaxing)
 .debug_str     0x00000000000ceecb      0x574 ./Drivers/STM32F4xx_HAL_Driver/Src/stm32f4xx_hal_spi.o